<?xml version="1.0" encoding="ISO-8859-1" ?>
<link_info>
   <banner>TI ARM Linker PC v20.2.1.LTS</banner>
   <copyright>Copyright (c) 1996-2018 Texas Instruments Incorporated</copyright>
   <link_time>0x5fb546bd</link_time>
   <link_errors>0x0</link_errors>
   <output_file>LCD_Test.out</output_file>
   <entry_point>
      <name>_c_int00_noargs</name>
      <address>0x3f69</address>
   </entry_point>
   <input_file_list>
      <input_file id="fl-2">
         <path>.\</path>
         <kind>object</kind>
         <file>Lcd_Lib.obj</file>
         <name>Lcd_Lib.obj</name>
      </input_file>
      <input_file id="fl-3">
         <path>.\</path>
         <kind>object</kind>
         <file>main.obj</file>
         <name>main.obj</name>
      </input_file>
      <input_file id="fl-4">
         <path>.\</path>
         <kind>object</kind>
         <file>tm4c123gh6pm_startup_ccs.obj</file>
         <name>tm4c123gh6pm_startup_ccs.obj</name>
      </input_file>
      <input_file id="fl-9">
         <kind>object</kind>
         <file>&lt;internal&gt;</file>
         <name>&lt;internal&gt;</name>
      </input_file>
      <input_file id="fl-bf">
         <path>D:\CCS_New\ccs\tools\compiler\ti-cgt-arm_20.2.1.LTS\lib\</path>
         <kind>archive</kind>
         <file>rtsv7M4_T_le_v4SPD16_eabi.lib</file>
         <name>sprintf.c.obj</name>
      </input_file>
      <input_file id="fl-c0">
         <path>D:\CCS_New\ccs\tools\compiler\ti-cgt-arm_20.2.1.LTS\lib\</path>
         <kind>archive</kind>
         <file>rtsv7M4_T_le_v4SPD16_eabi.lib</file>
         <name>memcpy_t2.asm.obj</name>
      </input_file>
      <input_file id="fl-c1">
         <path>D:\CCS_New\ccs\tools\compiler\ti-cgt-arm_20.2.1.LTS\lib\</path>
         <kind>archive</kind>
         <file>rtsv7M4_T_le_v4SPD16_eabi.lib</file>
         <name>copy_zero_init.c.obj</name>
      </input_file>
      <input_file id="fl-c2">
         <path>D:\CCS_New\ccs\tools\compiler\ti-cgt-arm_20.2.1.LTS\lib\</path>
         <kind>archive</kind>
         <file>rtsv7M4_T_le_v4SPD16_eabi.lib</file>
         <name>copy_decompress_none.c.obj</name>
      </input_file>
      <input_file id="fl-c3">
         <path>D:\CCS_New\ccs\tools\compiler\ti-cgt-arm_20.2.1.LTS\lib\</path>
         <kind>archive</kind>
         <file>rtsv7M4_T_le_v4SPD16_eabi.lib</file>
         <name>copy_decompress_lzss.c.obj</name>
      </input_file>
      <input_file id="fl-c4">
         <path>D:\CCS_New\ccs\tools\compiler\ti-cgt-arm_20.2.1.LTS\lib\</path>
         <kind>archive</kind>
         <file>rtsv7M4_T_le_v4SPD16_eabi.lib</file>
         <name>boot_cortex_m.c.obj</name>
      </input_file>
      <input_file id="fl-c5">
         <path>D:\CCS_New\ccs\tools\compiler\ti-cgt-arm_20.2.1.LTS\lib\</path>
         <kind>archive</kind>
         <file>rtsv7M4_T_le_v4SPD16_eabi.lib</file>
         <name>_printfi.c.obj</name>
      </input_file>
      <input_file id="fl-c6">
         <path>D:\CCS_New\ccs\tools\compiler\ti-cgt-arm_20.2.1.LTS\lib\</path>
         <kind>archive</kind>
         <file>rtsv7M4_T_le_v4SPD16_eabi.lib</file>
         <name>memset_t2.asm.obj</name>
      </input_file>
      <input_file id="fl-c7">
         <path>D:\CCS_New\ccs\tools\compiler\ti-cgt-arm_20.2.1.LTS\lib\</path>
         <kind>archive</kind>
         <file>rtsv7M4_T_le_v4SPD16_eabi.lib</file>
         <name>fd_add_t2.asm.obj</name>
      </input_file>
      <input_file id="fl-c8">
         <path>D:\CCS_New\ccs\tools\compiler\ti-cgt-arm_20.2.1.LTS\lib\</path>
         <kind>archive</kind>
         <file>rtsv7M4_T_le_v4SPD16_eabi.lib</file>
         <name>fd_cmp_t2.asm.obj</name>
      </input_file>
      <input_file id="fl-c9">
         <path>D:\CCS_New\ccs\tools\compiler\ti-cgt-arm_20.2.1.LTS\lib\</path>
         <kind>archive</kind>
         <file>rtsv7M4_T_le_v4SPD16_eabi.lib</file>
         <name>fd_div_t2.asm.obj</name>
      </input_file>
      <input_file id="fl-ca">
         <path>D:\CCS_New\ccs\tools\compiler\ti-cgt-arm_20.2.1.LTS\lib\</path>
         <kind>archive</kind>
         <file>rtsv7M4_T_le_v4SPD16_eabi.lib</file>
         <name>fd_mul_t2.asm.obj</name>
      </input_file>
      <input_file id="fl-cb">
         <path>D:\CCS_New\ccs\tools\compiler\ti-cgt-arm_20.2.1.LTS\lib\</path>
         <kind>archive</kind>
         <file>rtsv7M4_T_le_v4SPD16_eabi.lib</file>
         <name>fd_toi_t2.asm.obj</name>
      </input_file>
      <input_file id="fl-cc">
         <path>D:\CCS_New\ccs\tools\compiler\ti-cgt-arm_20.2.1.LTS\lib\</path>
         <kind>archive</kind>
         <file>rtsv7M4_T_le_v4SPD16_eabi.lib</file>
         <name>i_tofd_t2.asm.obj</name>
      </input_file>
      <input_file id="fl-cd">
         <path>D:\CCS_New\ccs\tools\compiler\ti-cgt-arm_20.2.1.LTS\lib\</path>
         <kind>archive</kind>
         <file>rtsv7M4_T_le_v4SPD16_eabi.lib</file>
         <name>ull_div_t2.asm.obj</name>
      </input_file>
      <input_file id="fl-ce">
         <path>D:\CCS_New\ccs\tools\compiler\ti-cgt-arm_20.2.1.LTS\lib\</path>
         <kind>archive</kind>
         <file>rtsv7M4_T_le_v4SPD16_eabi.lib</file>
         <name>autoinit.c.obj</name>
      </input_file>
      <input_file id="fl-cf">
         <path>D:\CCS_New\ccs\tools\compiler\ti-cgt-arm_20.2.1.LTS\lib\</path>
         <kind>archive</kind>
         <file>rtsv7M4_T_le_v4SPD16_eabi.lib</file>
         <name>pre_init.c.obj</name>
      </input_file>
      <input_file id="fl-d0">
         <path>D:\CCS_New\ccs\tools\compiler\ti-cgt-arm_20.2.1.LTS\lib\</path>
         <kind>archive</kind>
         <file>rtsv7M4_T_le_v4SPD16_eabi.lib</file>
         <name>cpy_tbl.c.obj</name>
      </input_file>
      <input_file id="fl-d1">
         <path>D:\CCS_New\ccs\tools\compiler\ti-cgt-arm_20.2.1.LTS\lib\</path>
         <kind>archive</kind>
         <file>rtsv7M4_T_le_v4SPD16_eabi.lib</file>
         <name>exit.c.obj</name>
      </input_file>
      <input_file id="fl-d2">
         <path>D:\CCS_New\ccs\tools\compiler\ti-cgt-arm_20.2.1.LTS\lib\</path>
         <kind>archive</kind>
         <file>rtsv7M4_T_le_v4SPD16_eabi.lib</file>
         <name>_lock.c.obj</name>
      </input_file>
      <input_file id="fl-d3">
         <path>D:\CCS_New\ccs\tools\compiler\ti-cgt-arm_20.2.1.LTS\lib\</path>
         <kind>archive</kind>
         <file>rtsv7M4_T_le_v4SPD16_eabi.lib</file>
         <name>_ltoa.c.obj</name>
      </input_file>
      <input_file id="fl-d4">
         <path>D:\CCS_New\ccs\tools\compiler\ti-cgt-arm_20.2.1.LTS\lib\</path>
         <kind>archive</kind>
         <file>rtsv7M4_T_le_v4SPD16_eabi.lib</file>
         <name>args_main.c.obj</name>
      </input_file>
      <input_file id="fl-d5">
         <path>D:\CCS_New\ccs\tools\compiler\ti-cgt-arm_20.2.1.LTS\lib\</path>
         <kind>archive</kind>
         <file>rtsv7M4_T_le_v4SPD16_eabi.lib</file>
         <name>atoi.c.obj</name>
      </input_file>
      <input_file id="fl-d6">
         <path>D:\CCS_New\ccs\tools\compiler\ti-cgt-arm_20.2.1.LTS\lib\</path>
         <kind>archive</kind>
         <file>rtsv7M4_T_le_v4SPD16_eabi.lib</file>
         <name>ctype.c.obj</name>
      </input_file>
      <input_file id="fl-d7">
         <path>D:\CCS_New\ccs\tools\compiler\ti-cgt-arm_20.2.1.LTS\lib\</path>
         <kind>archive</kind>
         <file>rtsv7M4_T_le_v4SPD16_eabi.lib</file>
         <name>memccpy.c.obj</name>
      </input_file>
      <input_file id="fl-d8">
         <path>D:\CCS_New\ccs\tools\compiler\ti-cgt-arm_20.2.1.LTS\lib\</path>
         <kind>archive</kind>
         <file>rtsv7M4_T_le_v4SPD16_eabi.lib</file>
         <name>strchr.c.obj</name>
      </input_file>
      <input_file id="fl-d9">
         <path>D:\CCS_New\ccs\tools\compiler\ti-cgt-arm_20.2.1.LTS\lib\</path>
         <kind>archive</kind>
         <file>rtsv7M4_T_le_v4SPD16_eabi.lib</file>
         <name>strlen.c.obj</name>
      </input_file>
      <input_file id="fl-da">
         <path>D:\CCS_New\ccs\tools\compiler\ti-cgt-arm_20.2.1.LTS\lib\</path>
         <kind>archive</kind>
         <file>rtsv7M4_T_le_v4SPD16_eabi.lib</file>
         <name>errno.c.obj</name>
      </input_file>
      <input_file id="fl-db">
         <path>D:\CCS_New\ccs\tools\compiler\ti-cgt-arm_20.2.1.LTS\lib\</path>
         <kind>archive</kind>
         <file>rtsv7M4_T_le_v4SPD16_eabi.lib</file>
         <name>s_frexp.c.obj</name>
      </input_file>
      <input_file id="fl-dc">
         <path>D:\CCS_New\ccs\tools\compiler\ti-cgt-arm_20.2.1.LTS\lib\</path>
         <kind>archive</kind>
         <file>rtsv7M4_T_le_v4SPD16_eabi.lib</file>
         <name>s_scalbn.c.obj</name>
      </input_file>
      <input_file id="fl-dd">
         <path>D:\CCS_New\ccs\tools\compiler\ti-cgt-arm_20.2.1.LTS\lib\</path>
         <kind>archive</kind>
         <file>rtsv7M4_T_le_v4SPD16_eabi.lib</file>
         <name>wcslen.c.obj</name>
      </input_file>
      <input_file id="fl-de">
         <path>D:\CCS_New\ccs\tools\compiler\ti-cgt-arm_20.2.1.LTS\lib\</path>
         <kind>archive</kind>
         <file>rtsv7M4_T_le_v4SPD16_eabi.lib</file>
         <name>div0.asm.obj</name>
      </input_file>
      <input_file id="fl-df">
         <path>D:\CCS_New\ccs\tools\compiler\ti-cgt-arm_20.2.1.LTS\lib\</path>
         <kind>archive</kind>
         <file>rtsv7M4_T_le_v4SPD16_eabi.lib</file>
         <name>s_copysign.c.obj</name>
      </input_file>
      <input_file id="fl-e0">
         <path>D:\CCS_New\TivaWare_C_Series-2.2.0.295\driverlib\ccs\Debug\</path>
         <kind>archive</kind>
         <file>driverlib.lib</file>
         <name>cpu.obj</name>
      </input_file>
      <input_file id="fl-e1">
         <path>D:\CCS_New\TivaWare_C_Series-2.2.0.295\driverlib\ccs\Debug\</path>
         <kind>archive</kind>
         <file>driverlib.lib</file>
         <name>interrupt.obj</name>
      </input_file>
   </input_file_list>
   <object_component_list>
      <object_component id="oc-12">
         <name>.intvecs</name>
         <load_address>0x0</load_address>
         <run_address>0x0</run_address>
         <size>0x26c</size>
         <input_file_ref idref="fl-4"/>
      </object_component>
      <object_component id="oc-c8">
         <name>.text</name>
         <load_address>0x26c</load_address>
         <run_address>0x26c</run_address>
         <size>0x1e94</size>
         <input_file_ref idref="fl-2"/>
      </object_component>
      <object_component id="oc-154">
         <name>.text:__TI_printfi</name>
         <load_address>0x2100</load_address>
         <run_address>0x2100</run_address>
         <size>0xa4e</size>
         <input_file_ref idref="fl-c5"/>
      </object_component>
      <object_component id="oc-1a5">
         <name>.text:_IntDefaultHandler</name>
         <load_address>0x2b4e</load_address>
         <run_address>0x2b4e</run_address>
         <size>0x2</size>
         <input_file_ref idref="fl-e1"/>
      </object_component>
      <object_component id="oc-1e0">
         <name>.text:_pconv_a</name>
         <load_address>0x2b50</load_address>
         <run_address>0x2b50</run_address>
         <size>0x270</size>
         <input_file_ref idref="fl-c5"/>
      </object_component>
      <object_component id="oc-1ce">
         <name>.text:_pconv_g</name>
         <load_address>0x2dc0</load_address>
         <run_address>0x2dc0</run_address>
         <size>0x1d0</size>
         <input_file_ref idref="fl-c5"/>
      </object_component>
      <object_component id="oc-269">
         <name>.text</name>
         <load_address>0x2f90</load_address>
         <run_address>0x2f90</run_address>
         <size>0x1b6</size>
         <input_file_ref idref="fl-c7"/>
      </object_component>
      <object_component id="oc-2d2">
         <name>.text</name>
         <load_address>0x3146</load_address>
         <run_address>0x3146</run_address>
         <size>0x2</size>
         <input_file_ref idref="fl-de"/>
      </object_component>
      <object_component id="oc-1da">
         <name>.text:_pconv_e</name>
         <load_address>0x3148</load_address>
         <run_address>0x3148</run_address>
         <size>0x13c</size>
         <input_file_ref idref="fl-c5"/>
      </object_component>
      <object_component id="oc-24f">
         <name>.text</name>
         <load_address>0x3284</load_address>
         <run_address>0x3284</run_address>
         <size>0x136</size>
         <input_file_ref idref="fl-c9"/>
      </object_component>
      <object_component id="oc-27b">
         <name>.text:fcvt</name>
         <load_address>0x33bc</load_address>
         <run_address>0x33bc</run_address>
         <size>0x124</size>
         <input_file_ref idref="fl-c5"/>
      </object_component>
      <object_component id="oc-28f">
         <name>.text:scalbn</name>
         <load_address>0x34e0</load_address>
         <run_address>0x34e0</run_address>
         <size>0x110</size>
         <input_file_ref idref="fl-dc"/>
      </object_component>
      <object_component id="oc-24a">
         <name>.text</name>
         <load_address>0x35f0</load_address>
         <run_address>0x35f0</run_address>
         <size>0xfc</size>
         <input_file_ref idref="fl-ca"/>
      </object_component>
      <object_component id="oc-1c3">
         <name>.text:_ltostr</name>
         <load_address>0x36ec</load_address>
         <run_address>0x36ec</run_address>
         <size>0xb1</size>
         <input_file_ref idref="fl-c5"/>
      </object_component>
      <object_component id="oc-3b">
         <name>.text</name>
         <load_address>0x379e</load_address>
         <run_address>0x379e</run_address>
         <size>0x9c</size>
         <input_file_ref idref="fl-c0"/>
      </object_component>
      <object_component id="oc-243">
         <name>.text</name>
         <load_address>0x383a</load_address>
         <run_address>0x383a</run_address>
         <size>0x96</size>
         <input_file_ref idref="fl-cd"/>
      </object_component>
      <object_component id="oc-1c9">
         <name>.text:__aeabi_cdcmple</name>
         <load_address>0x38d0</load_address>
         <run_address>0x38d0</run_address>
         <size>0x86</size>
         <input_file_ref idref="fl-c8"/>
      </object_component>
      <object_component id="oc-254">
         <name>.text:__aeabi_cdrcmple</name>
         <load_address>0x3956</load_address>
         <run_address>0x3956</run_address>
         <size>0x86</size>
         <input_file_ref idref="fl-c8"/>
      </object_component>
      <object_component id="oc-9b">
         <name>.text</name>
         <load_address>0x39dc</load_address>
         <run_address>0x39dc</run_address>
         <size>0x80</size>
         <input_file_ref idref="fl-3"/>
      </object_component>
      <object_component id="oc-8f">
         <name>.text</name>
         <load_address>0x3a5c</load_address>
         <run_address>0x3a5c</run_address>
         <size>0x7a</size>
         <input_file_ref idref="fl-c6"/>
      </object_component>
      <object_component id="oc-274">
         <name>.text:_mcpy</name>
         <load_address>0x3ad6</load_address>
         <run_address>0x3ad6</run_address>
         <size>0x6e</size>
         <input_file_ref idref="fl-c5"/>
      </object_component>
      <object_component id="oc-132">
         <name>.text:IntDisable</name>
         <load_address>0x3b44</load_address>
         <run_address>0x3b44</run_address>
         <size>0x68</size>
         <input_file_ref idref="fl-e1"/>
      </object_component>
      <object_component id="oc-12c">
         <name>.text:IntEnable</name>
         <load_address>0x3bac</load_address>
         <run_address>0x3bac</run_address>
         <size>0x68</size>
         <input_file_ref idref="fl-e1"/>
      </object_component>
      <object_component id="oc-15">
         <name>.text:decompress:lzss:__TI_decompress_lzss</name>
         <load_address>0x3c14</load_address>
         <run_address>0x3c14</run_address>
         <size>0x68</size>
         <input_file_ref idref="fl-c3"/>
      </object_component>
      <object_component id="oc-289">
         <name>.text:frexp</name>
         <load_address>0x3c7c</load_address>
         <run_address>0x3c7c</run_address>
         <size>0x64</size>
         <input_file_ref idref="fl-db"/>
      </object_component>
      <object_component id="oc-1d4">
         <name>.text:_pconv_f</name>
         <load_address>0x3ce0</load_address>
         <run_address>0x3ce0</run_address>
         <size>0x56</size>
         <input_file_ref idref="fl-c5"/>
      </object_component>
      <object_component id="oc-25e">
         <name>.text:__TI_ltoa</name>
         <load_address>0x3d36</load_address>
         <run_address>0x3d36</run_address>
         <size>0x54</size>
         <input_file_ref idref="fl-d3"/>
      </object_component>
      <object_component id="oc-26e">
         <name>.text:_ecpy</name>
         <load_address>0x3d8a</load_address>
         <run_address>0x3d8a</run_address>
         <size>0x52</size>
         <input_file_ref idref="fl-c5"/>
      </object_component>
      <object_component id="oc-1bd">
         <name>.text:atoi</name>
         <load_address>0x3ddc</load_address>
         <run_address>0x3ddc</run_address>
         <size>0x4c</size>
         <input_file_ref idref="fl-d5"/>
      </object_component>
      <object_component id="oc-259">
         <name>.text</name>
         <load_address>0x3e28</load_address>
         <run_address>0x3e28</run_address>
         <size>0x48</size>
         <input_file_ref idref="fl-cb"/>
      </object_component>
      <object_component id="oc-e3">
         <name>.text:__TI_auto_init_nobinit_nopinit:__TI_auto_init_nobinit_nopinit</name>
         <load_address>0x3e70</load_address>
         <run_address>0x3e70</run_address>
         <size>0x44</size>
         <input_file_ref idref="fl-ce"/>
      </object_component>
      <object_component id="oc-cf">
         <name>.text:sprintf</name>
         <load_address>0x3eb4</load_address>
         <run_address>0x3eb4</run_address>
         <size>0x40</size>
         <input_file_ref idref="fl-bf"/>
      </object_component>
      <object_component id="oc-281">
         <name>.text:_fcpy</name>
         <load_address>0x3ef4</load_address>
         <run_address>0x3ef4</run_address>
         <size>0x3e</size>
         <input_file_ref idref="fl-c5"/>
      </object_component>
      <object_component id="oc-126">
         <name>.text:IntRegister</name>
         <load_address>0x3f34</load_address>
         <run_address>0x3f34</run_address>
         <size>0x34</size>
         <input_file_ref idref="fl-e1"/>
      </object_component>
      <object_component id="oc-59">
         <name>.text:_c_int00_noargs:_c_int00_noargs</name>
         <load_address>0x3f68</load_address>
         <run_address>0x3f68</run_address>
         <size>0x34</size>
         <input_file_ref idref="fl-c4"/>
      </object_component>
      <object_component id="oc-264">
         <name>.text</name>
         <load_address>0x3f9c</load_address>
         <run_address>0x3f9c</run_address>
         <size>0x2e</size>
         <input_file_ref idref="fl-cc"/>
      </object_component>
      <object_component id="oc-47">
         <name>.text:decompress:ZI:__TI_zero_init_nomemset:__TI_zero_init_nomemset</name>
         <load_address>0x3fca</load_address>
         <run_address>0x3fca</run_address>
         <size>0x1c</size>
         <input_file_ref idref="fl-c1"/>
      </object_component>
      <object_component id="oc-1e6">
         <name>.text:memccpy</name>
         <load_address>0x3fe6</load_address>
         <run_address>0x3fe6</run_address>
         <size>0x1c</size>
         <input_file_ref idref="fl-d7"/>
      </object_component>
      <object_component id="oc-2eb">
         <name>.text:copysign</name>
         <load_address>0x4002</load_address>
         <run_address>0x4002</run_address>
         <size>0x1a</size>
         <input_file_ref idref="fl-df"/>
      </object_component>
      <object_component id="oc-15a">
         <name>.text:_outs</name>
         <load_address>0x401c</load_address>
         <run_address>0x401c</run_address>
         <size>0x18</size>
         <input_file_ref idref="fl-bf"/>
      </object_component>
      <object_component id="oc-295">
         <name>.text:strchr</name>
         <load_address>0x4034</load_address>
         <run_address>0x4034</run_address>
         <size>0x16</size>
         <input_file_ref idref="fl-d8"/>
      </object_component>
      <object_component id="oc-138">
         <name>.text:IntUnregister</name>
         <load_address>0x404c</load_address>
         <run_address>0x404c</run_address>
         <size>0x14</size>
         <input_file_ref idref="fl-e1"/>
      </object_component>
      <object_component id="oc-1b7">
         <name>.text:strlen</name>
         <load_address>0x4060</load_address>
         <run_address>0x4060</run_address>
         <size>0x14</size>
         <input_file_ref idref="fl-d9"/>
      </object_component>
      <object_component id="oc-1ec">
         <name>.text:wcslen</name>
         <load_address>0x4074</load_address>
         <run_address>0x4074</run_address>
         <size>0x12</size>
         <input_file_ref idref="fl-dd"/>
      </object_component>
      <object_component id="oc-1b">
         <name>.text:decompress:none:__TI_decompress_none</name>
         <load_address>0x4086</load_address>
         <run_address>0x4086</run_address>
         <size>0xe</size>
         <input_file_ref idref="fl-c2"/>
      </object_component>
      <object_component id="oc-27">
         <name>.text</name>
         <load_address>0x4094</load_address>
         <run_address>0x4094</run_address>
         <size>0xc</size>
         <input_file_ref idref="fl-4"/>
      </object_component>
      <object_component id="oc-160">
         <name>.text:_outc</name>
         <load_address>0x40a0</load_address>
         <run_address>0x40a0</run_address>
         <size>0xa</size>
         <input_file_ref idref="fl-bf"/>
      </object_component>
      <object_component id="oc-1f2">
         <name>.text:__aeabi_errno_addr</name>
         <load_address>0x40ac</load_address>
         <run_address>0x40ac</run_address>
         <size>0x8</size>
         <input_file_ref idref="fl-da"/>
      </object_component>
      <object_component id="oc-ce">
         <name>.text:SysCtlDelay</name>
         <load_address>0x40b4</load_address>
         <run_address>0x40b4</run_address>
         <size>0x6</size>
         <input_file_ref idref="fl-2"/>
      </object_component>
      <object_component id="oc-144">
         <name>.text:CPUwfi</name>
         <load_address>0x40ba</load_address>
         <run_address>0x40ba</run_address>
         <size>0x4</size>
         <input_file_ref idref="fl-e0"/>
      </object_component>
      <object_component id="oc-95">
         <name>.text:_system_pre_init</name>
         <load_address>0x40be</load_address>
         <run_address>0x40be</run_address>
         <size>0x4</size>
         <input_file_ref idref="fl-cf"/>
      </object_component>
      <object_component id="oc-d7">
         <name>.text:abort:abort</name>
         <load_address>0x40c2</load_address>
         <run_address>0x40c2</run_address>
         <size>0x4</size>
         <input_file_ref idref="fl-d1"/>
      </object_component>
      <object_component id="oc-150">
         <name>.const:g_pppui32XTALtoVCO</name>
         <load_address>0x40c8</load_address>
         <run_address>0x40c8</run_address>
         <size>0x1b0</size>
         <input_file_ref idref="fl-2"/>
      </object_component>
      <object_component id="oc-23e">
         <name>.const:.string:_ctypes_</name>
         <load_address>0x4278</load_address>
         <run_address>0x4278</run_address>
         <size>0x101</size>
         <input_file_ref idref="fl-d6"/>
      </object_component>
      <object_component id="oc-123">
         <name>.const:g_ppui32GPIOIntMapSnowflake</name>
         <load_address>0x437c</load_address>
         <run_address>0x437c</run_address>
         <size>0xd8</size>
         <input_file_ref idref="fl-2"/>
      </object_component>
      <object_component id="oc-120">
         <name>.const:g_ppui32GPIOIntMapBlizzard</name>
         <load_address>0x4454</load_address>
         <run_address>0x4454</run_address>
         <size>0xc0</size>
         <input_file_ref idref="fl-2"/>
      </object_component>
      <object_component id="oc-13e">
         <name>.const:g_pui32GPIOBaseAddrs</name>
         <load_address>0x4514</load_address>
         <run_address>0x4514</run_address>
         <size>0x90</size>
         <input_file_ref idref="fl-2"/>
      </object_component>
      <object_component id="oc-14a">
         <name>.const:g_pui32Xtals</name>
         <load_address>0x45a4</load_address>
         <run_address>0x45a4</run_address>
         <size>0x6c</size>
         <input_file_ref idref="fl-2"/>
      </object_component>
      <object_component id="oc-141">
         <name>.const:g_sXTALtoMEMTIM</name>
         <load_address>0x4610</load_address>
         <run_address>0x4610</run_address>
         <size>0x30</size>
         <input_file_ref idref="fl-2"/>
      </object_component>
      <object_component id="oc-1a1">
         <name>.const:g_pui32Dii16Regs</name>
         <load_address>0x4640</load_address>
         <run_address>0x4640</run_address>
         <size>0x14</size>
         <input_file_ref idref="fl-e1"/>
      </object_component>
      <object_component id="oc-19d">
         <name>.const:g_pui32EnRegs</name>
         <load_address>0x4654</load_address>
         <run_address>0x4654</run_address>
         <size>0x14</size>
         <input_file_ref idref="fl-e1"/>
      </object_component>
      <object_component id="oc-14d">
         <name>.const:g_pui32VCOFrequencies</name>
         <load_address>0x4668</load_address>
         <run_address>0x4668</run_address>
         <size>0x8</size>
         <input_file_ref idref="fl-2"/>
      </object_component>
      <object_component id="oc-343">
         <name>__TI_handler_table</name>
         <load_address>0x4670</load_address>
         <run_address>0x4670</run_address>
         <size>0xc</size>
      </object_component>
      <object_component id="oc-345">
         <name>.cinit..vtable.load</name>
         <load_address>0x4680</load_address>
         <run_address>0x4680</run_address>
         <size>0x8</size>
      </object_component>
      <object_component id="oc-346">
         <name>.cinit..data.load</name>
         <load_address>0x4688</load_address>
         <run_address>0x4688</run_address>
         <size>0x7</size>
      </object_component>
      <object_component id="oc-344">
         <name>__TI_cinit_table</name>
         <load_address>0x4690</load_address>
         <run_address>0x4690</run_address>
         <size>0x10</size>
      </object_component>
      <object_component id="oc-193">
         <name>.vtable</name>
         <uninitialized>true</uninitialized>
         <run_address>0x20000000</run_address>
         <size>0x26c</size>
         <input_file_ref idref="fl-e1"/>
      </object_component>
      <object_component id="oc-2a5">
         <name>.data</name>
         <load_address>0x2000026c</load_address>
         <run_address>0x2000026c</run_address>
         <size>0x4</size>
         <input_file_ref idref="fl-da"/>
      </object_component>
      <object_component id="oc-24">
         <name>.stack</name>
         <uninitialized>true</uninitialized>
         <run_address>0x20000270</run_address>
         <size>0x4</size>
         <input_file_ref idref="fl-c4"/>
      </object_component>
      <object_component id="oc-348">
         <name>.stack</name>
         <uninitialized>true</uninitialized>
         <run_address>0x20000270</run_address>
         <size>0x0</size>
      </object_component>
      <object_component id="oc-b7">
         <name>.debug_info</name>
         <load_address>0x0</load_address>
         <run_address>0x0</run_address>
         <size>0x3d9</size>
         <input_file_ref idref="fl-2"/>
      </object_component>
      <object_component id="oc-121">
         <name>.debug_info</name>
         <load_address>0x3d9</load_address>
         <run_address>0x3d9</run_address>
         <size>0xdf</size>
         <input_file_ref idref="fl-2"/>
      </object_component>
      <object_component id="oc-124">
         <name>.debug_info</name>
         <load_address>0x4b8</load_address>
         <run_address>0x4b8</run_address>
         <size>0xe1</size>
         <input_file_ref idref="fl-2"/>
      </object_component>
      <object_component id="oc-13f">
         <name>.debug_info</name>
         <load_address>0x599</load_address>
         <run_address>0x599</run_address>
         <size>0xd3</size>
         <input_file_ref idref="fl-2"/>
      </object_component>
      <object_component id="oc-14b">
         <name>.debug_info</name>
         <load_address>0x66c</load_address>
         <run_address>0x66c</run_address>
         <size>0xc3</size>
         <input_file_ref idref="fl-2"/>
      </object_component>
      <object_component id="oc-151">
         <name>.debug_info</name>
         <load_address>0x72f</load_address>
         <run_address>0x72f</run_address>
         <size>0xcf</size>
         <input_file_ref idref="fl-2"/>
      </object_component>
      <object_component id="oc-142">
         <name>.debug_info</name>
         <load_address>0x7fe</load_address>
         <run_address>0x7fe</run_address>
         <size>0xc9</size>
         <input_file_ref idref="fl-2"/>
      </object_component>
      <object_component id="oc-14e">
         <name>.debug_info</name>
         <load_address>0x8c7</load_address>
         <run_address>0x8c7</run_address>
         <size>0xd6</size>
         <input_file_ref idref="fl-2"/>
      </object_component>
      <object_component id="oc-c9">
         <name>.debug_info</name>
         <load_address>0x99d</load_address>
         <run_address>0x99d</run_address>
         <size>0x8189</size>
         <input_file_ref idref="fl-2"/>
      </object_component>
      <object_component id="oc-117">
         <name>.debug_info</name>
         <load_address>0x8b26</load_address>
         <run_address>0x8b26</run_address>
         <size>0x51</size>
         <input_file_ref idref="fl-2"/>
      </object_component>
      <object_component id="oc-70">
         <name>.debug_info</name>
         <load_address>0x8b77</load_address>
         <run_address>0x8b77</run_address>
         <size>0x26b</size>
         <input_file_ref idref="fl-2"/>
      </object_component>
      <object_component id="oc-b2">
         <name>.debug_info</name>
         <load_address>0x8de2</load_address>
         <run_address>0x8de2</run_address>
         <size>0x8b</size>
         <input_file_ref idref="fl-2"/>
      </object_component>
      <object_component id="oc-ad">
         <name>.debug_info</name>
         <load_address>0x8e6d</load_address>
         <run_address>0x8e6d</run_address>
         <size>0x2a4</size>
         <input_file_ref idref="fl-2"/>
      </object_component>
      <object_component id="oc-11b">
         <name>.debug_info</name>
         <load_address>0x9111</load_address>
         <run_address>0x9111</run_address>
         <size>0xef</size>
         <input_file_ref idref="fl-2"/>
      </object_component>
      <object_component id="oc-75">
         <name>.debug_info</name>
         <load_address>0x9200</load_address>
         <run_address>0x9200</run_address>
         <size>0xbb</size>
         <input_file_ref idref="fl-2"/>
      </object_component>
      <object_component id="oc-bf">
         <name>.debug_info</name>
         <load_address>0x92bb</load_address>
         <run_address>0x92bb</run_address>
         <size>0x2c</size>
         <input_file_ref idref="fl-2"/>
      </object_component>
      <object_component id="oc-d6">
         <name>.debug_info</name>
         <load_address>0x92e7</load_address>
         <run_address>0x92e7</run_address>
         <size>0x375</size>
         <input_file_ref idref="fl-3"/>
      </object_component>
      <object_component id="oc-9d">
         <name>.debug_info</name>
         <load_address>0x965c</load_address>
         <run_address>0x965c</run_address>
         <size>0x1d1</size>
         <input_file_ref idref="fl-3"/>
      </object_component>
      <object_component id="oc-36">
         <name>.debug_info</name>
         <load_address>0x982d</load_address>
         <run_address>0x982d</run_address>
         <size>0x84</size>
         <input_file_ref idref="fl-3"/>
      </object_component>
      <object_component id="oc-168">
         <name>.debug_info</name>
         <load_address>0x98b1</load_address>
         <run_address>0x98b1</run_address>
         <size>0x2c</size>
         <input_file_ref idref="fl-3"/>
      </object_component>
      <object_component id="oc-2f">
         <name>.debug_info</name>
         <load_address>0x98dd</load_address>
         <run_address>0x98dd</run_address>
         <size>0x296</size>
         <input_file_ref idref="fl-4"/>
      </object_component>
      <object_component id="oc-13">
         <name>.debug_info</name>
         <load_address>0x9b73</load_address>
         <run_address>0x9b73</run_address>
         <size>0xd5</size>
         <input_file_ref idref="fl-4"/>
      </object_component>
      <object_component id="oc-2a">
         <name>.debug_info</name>
         <load_address>0x9c48</load_address>
         <run_address>0x9c48</run_address>
         <size>0x251</size>
         <input_file_ref idref="fl-4"/>
      </object_component>
      <object_component id="oc-167">
         <name>.debug_info</name>
         <load_address>0x9e99</load_address>
         <run_address>0x9e99</run_address>
         <size>0x333</size>
         <input_file_ref idref="fl-bf"/>
      </object_component>
      <object_component id="oc-d0">
         <name>.debug_info</name>
         <load_address>0xa1cc</load_address>
         <run_address>0xa1cc</run_address>
         <size>0x1d1</size>
         <input_file_ref idref="fl-bf"/>
      </object_component>
      <object_component id="oc-15c">
         <name>.debug_info</name>
         <load_address>0xa39d</load_address>
         <run_address>0xa39d</run_address>
         <size>0x18d</size>
         <input_file_ref idref="fl-bf"/>
      </object_component>
      <object_component id="oc-161">
         <name>.debug_info</name>
         <load_address>0xa52a</load_address>
         <run_address>0xa52a</run_address>
         <size>0x16d</size>
         <input_file_ref idref="fl-bf"/>
      </object_component>
      <object_component id="oc-2ac">
         <name>.debug_info</name>
         <load_address>0xa697</load_address>
         <run_address>0xa697</run_address>
         <size>0x2c</size>
         <input_file_ref idref="fl-bf"/>
      </object_component>
      <object_component id="oc-3e">
         <name>.debug_info</name>
         <load_address>0xa6c3</load_address>
         <run_address>0xa6c3</run_address>
         <size>0x119</size>
         <input_file_ref idref="fl-c0"/>
      </object_component>
      <object_component id="oc-8e">
         <name>.debug_info</name>
         <load_address>0xa7dc</load_address>
         <run_address>0xa7dc</run_address>
         <size>0x2d4</size>
         <input_file_ref idref="fl-c1"/>
      </object_component>
      <object_component id="oc-4a">
         <name>.debug_info</name>
         <load_address>0xaab0</load_address>
         <run_address>0xaab0</run_address>
         <size>0x1d2</size>
         <input_file_ref idref="fl-c1"/>
      </object_component>
      <object_component id="oc-89">
         <name>.debug_info</name>
         <load_address>0xac82</load_address>
         <run_address>0xac82</run_address>
         <size>0x46</size>
         <input_file_ref idref="fl-c1"/>
      </object_component>
      <object_component id="oc-46">
         <name>.debug_info</name>
         <load_address>0xacc8</load_address>
         <run_address>0xacc8</run_address>
         <size>0x2a8</size>
         <input_file_ref idref="fl-c2"/>
      </object_component>
      <object_component id="oc-1e">
         <name>.debug_info</name>
         <load_address>0xaf70</load_address>
         <run_address>0xaf70</run_address>
         <size>0x1ea</size>
         <input_file_ref idref="fl-c2"/>
      </object_component>
      <object_component id="oc-41">
         <name>.debug_info</name>
         <load_address>0xb15a</load_address>
         <run_address>0xb15a</run_address>
         <size>0x46</size>
         <input_file_ref idref="fl-c2"/>
      </object_component>
      <object_component id="oc-81">
         <name>.debug_info</name>
         <load_address>0xb1a0</load_address>
         <run_address>0xb1a0</run_address>
         <size>0x2c</size>
         <input_file_ref idref="fl-c2"/>
      </object_component>
      <object_component id="oc-7f">
         <name>.debug_info</name>
         <load_address>0xb1cc</load_address>
         <run_address>0xb1cc</run_address>
         <size>0x29e</size>
         <input_file_ref idref="fl-c3"/>
      </object_component>
      <object_component id="oc-18">
         <name>.debug_info</name>
         <load_address>0xb46a</load_address>
         <run_address>0xb46a</run_address>
         <size>0x250</size>
         <input_file_ref idref="fl-c3"/>
      </object_component>
      <object_component id="oc-31">
         <name>.debug_info</name>
         <load_address>0xb6ba</load_address>
         <run_address>0xb6ba</run_address>
         <size>0x60</size>
         <input_file_ref idref="fl-c3"/>
      </object_component>
      <object_component id="oc-b8">
         <name>.debug_info</name>
         <load_address>0xb71a</load_address>
         <run_address>0xb71a</run_address>
         <size>0x46</size>
         <input_file_ref idref="fl-c3"/>
      </object_component>
      <object_component id="oc-7a">
         <name>.debug_info</name>
         <load_address>0xb760</load_address>
         <run_address>0xb760</run_address>
         <size>0x39</size>
         <input_file_ref idref="fl-c3"/>
      </object_component>
      <object_component id="oc-25">
         <name>.debug_info</name>
         <load_address>0xb799</load_address>
         <run_address>0xb799</run_address>
         <size>0x10b</size>
         <input_file_ref idref="fl-c4"/>
      </object_component>
      <object_component id="oc-5b">
         <name>.debug_info</name>
         <load_address>0xb8a4</load_address>
         <run_address>0xb8a4</run_address>
         <size>0x1a9</size>
         <input_file_ref idref="fl-c4"/>
      </object_component>
      <object_component id="oc-1f9">
         <name>.debug_info</name>
         <load_address>0xba4d</load_address>
         <run_address>0xba4d</run_address>
         <size>0x590</size>
         <input_file_ref idref="fl-c5"/>
      </object_component>
      <object_component id="oc-1c6">
         <name>.debug_info</name>
         <load_address>0xbfdd</load_address>
         <run_address>0xbfdd</run_address>
         <size>0x21e</size>
         <input_file_ref idref="fl-c5"/>
      </object_component>
      <object_component id="oc-271">
         <name>.debug_info</name>
         <load_address>0xc1fb</load_address>
         <run_address>0xc1fb</run_address>
         <size>0x1b3</size>
         <input_file_ref idref="fl-c5"/>
      </object_component>
      <object_component id="oc-277">
         <name>.debug_info</name>
         <load_address>0xc3ae</load_address>
         <run_address>0xc3ae</run_address>
         <size>0x21b</size>
         <input_file_ref idref="fl-c5"/>
      </object_component>
      <object_component id="oc-1d1">
         <name>.debug_info</name>
         <load_address>0xc5c9</load_address>
         <run_address>0xc5c9</run_address>
         <size>0x3c0</size>
         <input_file_ref idref="fl-c5"/>
      </object_component>
      <object_component id="oc-27d">
         <name>.debug_info</name>
         <load_address>0xc989</load_address>
         <run_address>0xc989</run_address>
         <size>0x30a</size>
         <input_file_ref idref="fl-c5"/>
      </object_component>
      <object_component id="oc-283">
         <name>.debug_info</name>
         <load_address>0xcc93</load_address>
         <run_address>0xcc93</run_address>
         <size>0x215</size>
         <input_file_ref idref="fl-c5"/>
      </object_component>
      <object_component id="oc-1d6">
         <name>.debug_info</name>
         <load_address>0xcea8</load_address>
         <run_address>0xcea8</run_address>
         <size>0x215</size>
         <input_file_ref idref="fl-c5"/>
      </object_component>
      <object_component id="oc-1db">
         <name>.debug_info</name>
         <load_address>0xd0bd</load_address>
         <run_address>0xd0bd</run_address>
         <size>0x304</size>
         <input_file_ref idref="fl-c5"/>
      </object_component>
      <object_component id="oc-1e1">
         <name>.debug_info</name>
         <load_address>0xd3c1</load_address>
         <run_address>0xd3c1</run_address>
         <size>0x4b5</size>
         <input_file_ref idref="fl-c5"/>
      </object_component>
      <object_component id="oc-156">
         <name>.debug_info</name>
         <load_address>0xd876</load_address>
         <run_address>0xd876</run_address>
         <size>0x5f4</size>
         <input_file_ref idref="fl-c5"/>
      </object_component>
      <object_component id="oc-1fa">
         <name>.debug_info</name>
         <load_address>0xde6a</load_address>
         <run_address>0xde6a</run_address>
         <size>0x86</size>
         <input_file_ref idref="fl-c5"/>
      </object_component>
      <object_component id="oc-2b1">
         <name>.debug_info</name>
         <load_address>0xdef0</load_address>
         <run_address>0xdef0</run_address>
         <size>0x39</size>
         <input_file_ref idref="fl-c5"/>
      </object_component>
      <object_component id="oc-302">
         <name>.debug_info</name>
         <load_address>0xdf29</load_address>
         <run_address>0xdf29</run_address>
         <size>0xb6</size>
         <input_file_ref idref="fl-c5"/>
      </object_component>
      <object_component id="oc-2b6">
         <name>.debug_info</name>
         <load_address>0xdfdf</load_address>
         <run_address>0xdfdf</run_address>
         <size>0x46</size>
         <input_file_ref idref="fl-c5"/>
      </object_component>
      <object_component id="oc-1ff">
         <name>.debug_info</name>
         <load_address>0xe025</load_address>
         <run_address>0xe025</run_address>
         <size>0x46</size>
         <input_file_ref idref="fl-c5"/>
      </object_component>
      <object_component id="oc-91">
         <name>.debug_info</name>
         <load_address>0xe06b</load_address>
         <run_address>0xe06b</run_address>
         <size>0x147</size>
         <input_file_ref idref="fl-c6"/>
      </object_component>
      <object_component id="oc-26b">
         <name>.debug_info</name>
         <load_address>0xe1b2</load_address>
         <run_address>0xe1b2</run_address>
         <size>0x14c</size>
         <input_file_ref idref="fl-c7"/>
      </object_component>
      <object_component id="oc-1cc">
         <name>.debug_info</name>
         <load_address>0xe2fe</load_address>
         <run_address>0xe2fe</run_address>
         <size>0x128</size>
         <input_file_ref idref="fl-c8"/>
      </object_component>
      <object_component id="oc-257">
         <name>.debug_info</name>
         <load_address>0xe426</load_address>
         <run_address>0xe426</run_address>
         <size>0x12a</size>
         <input_file_ref idref="fl-c8"/>
      </object_component>
      <object_component id="oc-251">
         <name>.debug_info</name>
         <load_address>0xe550</load_address>
         <run_address>0xe550</run_address>
         <size>0x13a</size>
         <input_file_ref idref="fl-c9"/>
      </object_component>
      <object_component id="oc-24b">
         <name>.debug_info</name>
         <load_address>0xe68a</load_address>
         <run_address>0xe68a</run_address>
         <size>0x13a</size>
         <input_file_ref idref="fl-ca"/>
      </object_component>
      <object_component id="oc-25a">
         <name>.debug_info</name>
         <load_address>0xe7c4</load_address>
         <run_address>0xe7c4</run_address>
         <size>0x12e</size>
         <input_file_ref idref="fl-cb"/>
      </object_component>
      <object_component id="oc-267">
         <name>.debug_info</name>
         <load_address>0xe8f2</load_address>
         <run_address>0xe8f2</run_address>
         <size>0x12c</size>
         <input_file_ref idref="fl-cc"/>
      </object_component>
      <object_component id="oc-246">
         <name>.debug_info</name>
         <load_address>0xea1e</load_address>
         <run_address>0xea1e</run_address>
         <size>0x134</size>
         <input_file_ref idref="fl-cd"/>
      </object_component>
      <object_component id="oc-17a">
         <name>.debug_info</name>
         <load_address>0xeb52</load_address>
         <run_address>0xeb52</run_address>
         <size>0x4b3</size>
         <input_file_ref idref="fl-ce"/>
      </object_component>
      <object_component id="oc-e5">
         <name>.debug_info</name>
         <load_address>0xf005</load_address>
         <run_address>0xf005</run_address>
         <size>0x1a6</size>
         <input_file_ref idref="fl-ce"/>
      </object_component>
      <object_component id="oc-218">
         <name>.debug_info</name>
         <load_address>0xf1ab</load_address>
         <run_address>0xf1ab</run_address>
         <size>0x39</size>
         <input_file_ref idref="fl-ce"/>
      </object_component>
      <object_component id="oc-2be">
         <name>.debug_info</name>
         <load_address>0xf1e4</load_address>
         <run_address>0xf1e4</run_address>
         <size>0x39</size>
         <input_file_ref idref="fl-ce"/>
      </object_component>
      <object_component id="oc-21d">
         <name>.debug_info</name>
         <load_address>0xf21d</load_address>
         <run_address>0xf21d</run_address>
         <size>0x39</size>
         <input_file_ref idref="fl-ce"/>
      </object_component>
      <object_component id="oc-222">
         <name>.debug_info</name>
         <load_address>0xf256</load_address>
         <run_address>0xf256</run_address>
         <size>0xcd</size>
         <input_file_ref idref="fl-ce"/>
      </object_component>
      <object_component id="oc-96">
         <name>.debug_info</name>
         <load_address>0xf323</load_address>
         <run_address>0xf323</run_address>
         <size>0x153</size>
         <input_file_ref idref="fl-cf"/>
      </object_component>
      <object_component id="oc-d9">
         <name>.debug_info</name>
         <load_address>0xf476</load_address>
         <run_address>0xf476</run_address>
         <size>0x122</size>
         <input_file_ref idref="fl-d1"/>
      </object_component>
      <object_component id="oc-2dd">
         <name>.debug_info</name>
         <load_address>0xf598</load_address>
         <run_address>0xf598</run_address>
         <size>0x29c</size>
         <input_file_ref idref="fl-d3"/>
      </object_component>
      <object_component id="oc-260">
         <name>.debug_info</name>
         <load_address>0xf834</load_address>
         <run_address>0xf834</run_address>
         <size>0x1da</size>
         <input_file_ref idref="fl-d3"/>
      </object_component>
      <object_component id="oc-242">
         <name>.debug_info</name>
         <load_address>0xfa0e</load_address>
         <run_address>0xfa0e</run_address>
         <size>0x2b9</size>
         <input_file_ref idref="fl-d5"/>
      </object_component>
      <object_component id="oc-1be">
         <name>.debug_info</name>
         <load_address>0xfcc7</load_address>
         <run_address>0xfcc7</run_address>
         <size>0x17c</size>
         <input_file_ref idref="fl-d5"/>
      </object_component>
      <object_component id="oc-2cf">
         <name>.debug_info</name>
         <load_address>0xfe43</load_address>
         <run_address>0xfe43</run_address>
         <size>0xf9</size>
         <input_file_ref idref="fl-d6"/>
      </object_component>
      <object_component id="oc-23f">
         <name>.debug_info</name>
         <load_address>0xff3c</load_address>
         <run_address>0xff3c</run_address>
         <size>0x105</size>
         <input_file_ref idref="fl-d6"/>
      </object_component>
      <object_component id="oc-29d">
         <name>.debug_info</name>
         <load_address>0x10041</load_address>
         <run_address>0x10041</run_address>
         <size>0x2a7</size>
         <input_file_ref idref="fl-d7"/>
      </object_component>
      <object_component id="oc-1e7">
         <name>.debug_info</name>
         <load_address>0x102e8</load_address>
         <run_address>0x102e8</run_address>
         <size>0x1b8</size>
         <input_file_ref idref="fl-d7"/>
      </object_component>
      <object_component id="oc-2f4">
         <name>.debug_info</name>
         <load_address>0x104a0</load_address>
         <run_address>0x104a0</run_address>
         <size>0x29a</size>
         <input_file_ref idref="fl-d8"/>
      </object_component>
      <object_component id="oc-299">
         <name>.debug_info</name>
         <load_address>0x1073a</load_address>
         <run_address>0x1073a</run_address>
         <size>0x262</size>
         <input_file_ref idref="fl-d8"/>
      </object_component>
      <object_component id="oc-23d">
         <name>.debug_info</name>
         <load_address>0x1099c</load_address>
         <run_address>0x1099c</run_address>
         <size>0x28f</size>
         <input_file_ref idref="fl-d9"/>
      </object_component>
      <object_component id="oc-1b9">
         <name>.debug_info</name>
         <load_address>0x10c2b</load_address>
         <run_address>0x10c2b</run_address>
         <size>0x245</size>
         <input_file_ref idref="fl-d9"/>
      </object_component>
      <object_component id="oc-2a9">
         <name>.debug_info</name>
         <load_address>0x10e70</load_address>
         <run_address>0x10e70</run_address>
         <size>0x289</size>
         <input_file_ref idref="fl-da"/>
      </object_component>
      <object_component id="oc-2a6">
         <name>.debug_info</name>
         <load_address>0x110f9</load_address>
         <run_address>0x110f9</run_address>
         <size>0x10e</size>
         <input_file_ref idref="fl-da"/>
      </object_component>
      <object_component id="oc-1f3">
         <name>.debug_info</name>
         <load_address>0x11207</load_address>
         <run_address>0x11207</run_address>
         <size>0x14e</size>
         <input_file_ref idref="fl-da"/>
      </object_component>
      <object_component id="oc-2e5">
         <name>.debug_info</name>
         <load_address>0x11355</load_address>
         <run_address>0x11355</run_address>
         <size>0x29a</size>
         <input_file_ref idref="fl-db"/>
      </object_component>
      <object_component id="oc-28b">
         <name>.debug_info</name>
         <load_address>0x115ef</load_address>
         <run_address>0x115ef</run_address>
         <size>0x195</size>
         <input_file_ref idref="fl-db"/>
      </object_component>
      <object_component id="oc-310">
         <name>.debug_info</name>
         <load_address>0x11784</load_address>
         <run_address>0x11784</run_address>
         <size>0x39</size>
         <input_file_ref idref="fl-db"/>
      </object_component>
      <object_component id="oc-2e6">
         <name>.debug_info</name>
         <load_address>0x117bd</load_address>
         <run_address>0x117bd</run_address>
         <size>0x2c</size>
         <input_file_ref idref="fl-db"/>
      </object_component>
      <object_component id="oc-2f2">
         <name>.debug_info</name>
         <load_address>0x117e9</load_address>
         <run_address>0x117e9</run_address>
         <size>0x2fd</size>
         <input_file_ref idref="fl-dc"/>
      </object_component>
      <object_component id="oc-291">
         <name>.debug_info</name>
         <load_address>0x11ae6</load_address>
         <run_address>0x11ae6</run_address>
         <size>0x225</size>
         <input_file_ref idref="fl-dc"/>
      </object_component>
      <object_component id="oc-2a4">
         <name>.debug_info</name>
         <load_address>0x11d0b</load_address>
         <run_address>0x11d0b</run_address>
         <size>0x28f</size>
         <input_file_ref idref="fl-dd"/>
      </object_component>
      <object_component id="oc-1ed">
         <name>.debug_info</name>
         <load_address>0x11f9a</load_address>
         <run_address>0x11f9a</run_address>
         <size>0x15a</size>
         <input_file_ref idref="fl-dd"/>
      </object_component>
      <object_component id="oc-2f7">
         <name>.debug_info</name>
         <load_address>0x120f4</load_address>
         <run_address>0x120f4</run_address>
         <size>0x46</size>
         <input_file_ref idref="fl-dd"/>
      </object_component>
      <object_component id="oc-29f">
         <name>.debug_info</name>
         <load_address>0x1213a</load_address>
         <run_address>0x1213a</run_address>
         <size>0x39</size>
         <input_file_ref idref="fl-dd"/>
      </object_component>
      <object_component id="oc-2d4">
         <name>.debug_info</name>
         <load_address>0x12173</load_address>
         <run_address>0x12173</run_address>
         <size>0x115</size>
         <input_file_ref idref="fl-de"/>
      </object_component>
      <object_component id="oc-2ec">
         <name>.debug_info</name>
         <load_address>0x12288</load_address>
         <run_address>0x12288</run_address>
         <size>0x161</size>
         <input_file_ref idref="fl-df"/>
      </object_component>
      <object_component id="oc-2ca">
         <name>.debug_info</name>
         <load_address>0x123e9</load_address>
         <run_address>0x123e9</run_address>
         <size>0x2d7</size>
         <input_file_ref idref="fl-e0"/>
      </object_component>
      <object_component id="oc-146">
         <name>.debug_info</name>
         <load_address>0x126c0</load_address>
         <run_address>0x126c0</run_address>
         <size>0x213</size>
         <input_file_ref idref="fl-e0"/>
      </object_component>
      <object_component id="oc-232">
         <name>.debug_info</name>
         <load_address>0x128d3</load_address>
         <run_address>0x128d3</run_address>
         <size>0x26b</size>
         <input_file_ref idref="fl-e0"/>
      </object_component>
      <object_component id="oc-22b">
         <name>.debug_info</name>
         <load_address>0x12b3e</load_address>
         <run_address>0x12b3e</run_address>
         <size>0x297</size>
         <input_file_ref idref="fl-e0"/>
      </object_component>
      <object_component id="oc-197">
         <name>.debug_info</name>
         <load_address>0x12dd5</load_address>
         <run_address>0x12dd5</run_address>
         <size>0xbb</size>
         <input_file_ref idref="fl-e0"/>
      </object_component>
      <object_component id="oc-19c">
         <name>.debug_info</name>
         <load_address>0x12e90</load_address>
         <run_address>0x12e90</run_address>
         <size>0x3b7</size>
         <input_file_ref idref="fl-e1"/>
      </object_component>
      <object_component id="oc-19e">
         <name>.debug_info</name>
         <load_address>0x13247</load_address>
         <run_address>0x13247</run_address>
         <size>0x15b</size>
         <input_file_ref idref="fl-e1"/>
      </object_component>
      <object_component id="oc-1a2">
         <name>.debug_info</name>
         <load_address>0x133a2</load_address>
         <run_address>0x133a2</run_address>
         <size>0x161</size>
         <input_file_ref idref="fl-e1"/>
      </object_component>
      <object_component id="oc-194">
         <name>.debug_info</name>
         <load_address>0x13503</load_address>
         <run_address>0x13503</run_address>
         <size>0x160</size>
         <input_file_ref idref="fl-e1"/>
      </object_component>
      <object_component id="oc-1a6">
         <name>.debug_info</name>
         <load_address>0x13663</load_address>
         <run_address>0x13663</run_address>
         <size>0x22e</size>
         <input_file_ref idref="fl-e1"/>
      </object_component>
      <object_component id="oc-139">
         <name>.debug_info</name>
         <load_address>0x13891</load_address>
         <run_address>0x13891</run_address>
         <size>0x279</size>
         <input_file_ref idref="fl-e1"/>
      </object_component>
      <object_component id="oc-127">
         <name>.debug_info</name>
         <load_address>0x13b0a</load_address>
         <run_address>0x13b0a</run_address>
         <size>0x2ca</size>
         <input_file_ref idref="fl-e1"/>
      </object_component>
      <object_component id="oc-12d">
         <name>.debug_info</name>
         <load_address>0x13dd4</load_address>
         <run_address>0x13dd4</run_address>
         <size>0x271</size>
         <input_file_ref idref="fl-e1"/>
      </object_component>
      <object_component id="oc-133">
         <name>.debug_info</name>
         <load_address>0x14045</load_address>
         <run_address>0x14045</run_address>
         <size>0x273</size>
         <input_file_ref idref="fl-e1"/>
      </object_component>
      <object_component id="oc-349">
         <name>.debug_info</name>
         <load_address>0x142b8</load_address>
         <run_address>0x142b8</run_address>
         <size>0x88</size>
      </object_component>
      <object_component id="oc-116">
         <name>.debug_line</name>
         <load_address>0x0</load_address>
         <run_address>0x0</run_address>
         <size>0xd7</size>
         <input_file_ref idref="fl-2"/>
      </object_component>
      <object_component id="oc-190">
         <name>.debug_line</name>
         <load_address>0xd7</load_address>
         <run_address>0xd7</run_address>
         <size>0x5b</size>
         <input_file_ref idref="fl-2"/>
      </object_component>
      <object_component id="oc-192">
         <name>.debug_line</name>
         <load_address>0x132</load_address>
         <run_address>0x132</run_address>
         <size>0x5b</size>
         <input_file_ref idref="fl-2"/>
      </object_component>
      <object_component id="oc-1ad">
         <name>.debug_line</name>
         <load_address>0x18d</load_address>
         <run_address>0x18d</run_address>
         <size>0x5b</size>
         <input_file_ref idref="fl-2"/>
      </object_component>
      <object_component id="oc-1b2">
         <name>.debug_line</name>
         <load_address>0x1e8</load_address>
         <run_address>0x1e8</run_address>
         <size>0x5d</size>
         <input_file_ref idref="fl-2"/>
      </object_component>
      <object_component id="oc-1b6">
         <name>.debug_line</name>
         <load_address>0x245</load_address>
         <run_address>0x245</run_address>
         <size>0x5d</size>
         <input_file_ref idref="fl-2"/>
      </object_component>
      <object_component id="oc-1af">
         <name>.debug_line</name>
         <load_address>0x2a2</load_address>
         <run_address>0x2a2</run_address>
         <size>0x5d</size>
         <input_file_ref idref="fl-2"/>
      </object_component>
      <object_component id="oc-1b4">
         <name>.debug_line</name>
         <load_address>0x2ff</load_address>
         <run_address>0x2ff</run_address>
         <size>0x5d</size>
         <input_file_ref idref="fl-2"/>
      </object_component>
      <object_component id="oc-cc">
         <name>.debug_line</name>
         <load_address>0x35c</load_address>
         <run_address>0x35c</run_address>
         <size>0x137b</size>
         <input_file_ref idref="fl-2"/>
      </object_component>
      <object_component id="oc-119">
         <name>.debug_line</name>
         <load_address>0x16d7</load_address>
         <run_address>0x16d7</run_address>
         <size>0x5d</size>
         <input_file_ref idref="fl-2"/>
      </object_component>
      <object_component id="oc-73">
         <name>.debug_line</name>
         <load_address>0x1734</load_address>
         <run_address>0x1734</run_address>
         <size>0x6c</size>
         <input_file_ref idref="fl-2"/>
      </object_component>
      <object_component id="oc-b5">
         <name>.debug_line</name>
         <load_address>0x17a0</load_address>
         <run_address>0x17a0</run_address>
         <size>0x20</size>
         <input_file_ref idref="fl-2"/>
      </object_component>
      <object_component id="oc-b0">
         <name>.debug_line</name>
         <load_address>0x17c0</load_address>
         <run_address>0x17c0</run_address>
         <size>0x70</size>
         <input_file_ref idref="fl-2"/>
      </object_component>
      <object_component id="oc-11e">
         <name>.debug_line</name>
         <load_address>0x1830</load_address>
         <run_address>0x1830</run_address>
         <size>0x6c</size>
         <input_file_ref idref="fl-2"/>
      </object_component>
      <object_component id="oc-78">
         <name>.debug_line</name>
         <load_address>0x189c</load_address>
         <run_address>0x189c</run_address>
         <size>0x6d</size>
         <input_file_ref idref="fl-2"/>
      </object_component>
      <object_component id="oc-c2">
         <name>.debug_line</name>
         <load_address>0x1909</load_address>
         <run_address>0x1909</run_address>
         <size>0x68</size>
         <input_file_ref idref="fl-2"/>
      </object_component>
      <object_component id="oc-16e">
         <name>.debug_line</name>
         <load_address>0x1971</load_address>
         <run_address>0x1971</run_address>
         <size>0x84</size>
         <input_file_ref idref="fl-3"/>
      </object_component>
      <object_component id="oc-a0">
         <name>.debug_line</name>
         <load_address>0x19f5</load_address>
         <run_address>0x19f5</run_address>
         <size>0x53</size>
         <input_file_ref idref="fl-3"/>
      </object_component>
      <object_component id="oc-39">
         <name>.debug_line</name>
         <load_address>0x1a48</load_address>
         <run_address>0x1a48</run_address>
         <size>0x20</size>
         <input_file_ref idref="fl-3"/>
      </object_component>
      <object_component id="oc-16b">
         <name>.debug_line</name>
         <load_address>0x1a68</load_address>
         <run_address>0x1a68</run_address>
         <size>0x68</size>
         <input_file_ref idref="fl-3"/>
      </object_component>
      <object_component id="oc-6f">
         <name>.debug_line</name>
         <load_address>0x1ad0</load_address>
         <run_address>0x1ad0</run_address>
         <size>0x41</size>
         <input_file_ref idref="fl-4"/>
      </object_component>
      <object_component id="oc-2e">
         <name>.debug_line</name>
         <load_address>0x1b11</load_address>
         <run_address>0x1b11</run_address>
         <size>0x41</size>
         <input_file_ref idref="fl-4"/>
      </object_component>
      <object_component id="oc-29">
         <name>.debug_line</name>
         <load_address>0x1b52</load_address>
         <run_address>0x1b52</run_address>
         <size>0xa1</size>
         <input_file_ref idref="fl-4"/>
      </object_component>
      <object_component id="oc-207">
         <name>.debug_line</name>
         <load_address>0x1bf3</load_address>
         <run_address>0x1bf3</run_address>
         <size>0x2d</size>
         <input_file_ref idref="fl-bf"/>
      </object_component>
      <object_component id="oc-d4">
         <name>.debug_line</name>
         <load_address>0x1c20</load_address>
         <run_address>0x1c20</run_address>
         <size>0x4b</size>
         <input_file_ref idref="fl-bf"/>
      </object_component>
      <object_component id="oc-15f">
         <name>.debug_line</name>
         <load_address>0x1c6b</load_address>
         <run_address>0x1c6b</run_address>
         <size>0x4b</size>
         <input_file_ref idref="fl-bf"/>
      </object_component>
      <object_component id="oc-164">
         <name>.debug_line</name>
         <load_address>0x1cb6</load_address>
         <run_address>0x1cb6</run_address>
         <size>0x3f</size>
         <input_file_ref idref="fl-bf"/>
      </object_component>
      <object_component id="oc-2af">
         <name>.debug_line</name>
         <load_address>0x1cf5</load_address>
         <run_address>0x1cf5</run_address>
         <size>0x91</size>
         <input_file_ref idref="fl-bf"/>
      </object_component>
      <object_component id="oc-3c">
         <name>.debug_line</name>
         <load_address>0x1d86</load_address>
         <run_address>0x1d86</run_address>
         <size>0x88</size>
         <input_file_ref idref="fl-c0"/>
      </object_component>
      <object_component id="oc-c5">
         <name>.debug_line</name>
         <load_address>0x1e0e</load_address>
         <run_address>0x1e0e</run_address>
         <size>0x92</size>
         <input_file_ref idref="fl-c1"/>
      </object_component>
      <object_component id="oc-4c">
         <name>.debug_line</name>
         <load_address>0x1ea0</load_address>
         <run_address>0x1ea0</run_address>
         <size>0x56</size>
         <input_file_ref idref="fl-c1"/>
      </object_component>
      <object_component id="oc-8c">
         <name>.debug_line</name>
         <load_address>0x1ef6</load_address>
         <run_address>0x1ef6</run_address>
         <size>0x34</size>
         <input_file_ref idref="fl-c1"/>
      </object_component>
      <object_component id="oc-87">
         <name>.debug_line</name>
         <load_address>0x1f2a</load_address>
         <run_address>0x1f2a</run_address>
         <size>0x20</size>
         <input_file_ref idref="fl-c2"/>
      </object_component>
      <object_component id="oc-1d">
         <name>.debug_line</name>
         <load_address>0x1f4a</load_address>
         <run_address>0x1f4a</run_address>
         <size>0x55</size>
         <input_file_ref idref="fl-c2"/>
      </object_component>
      <object_component id="oc-44">
         <name>.debug_line</name>
         <load_address>0x1f9f</load_address>
         <run_address>0x1f9f</run_address>
         <size>0x3a</size>
         <input_file_ref idref="fl-c2"/>
      </object_component>
      <object_component id="oc-84">
         <name>.debug_line</name>
         <load_address>0x1fd9</load_address>
         <run_address>0x1fd9</run_address>
         <size>0x92</size>
         <input_file_ref idref="fl-c2"/>
      </object_component>
      <object_component id="oc-be">
         <name>.debug_line</name>
         <load_address>0x206b</load_address>
         <run_address>0x206b</run_address>
         <size>0x20</size>
         <input_file_ref idref="fl-c3"/>
      </object_component>
      <object_component id="oc-16">
         <name>.debug_line</name>
         <load_address>0x208b</load_address>
         <run_address>0x208b</run_address>
         <size>0xa9</size>
         <input_file_ref idref="fl-c3"/>
      </object_component>
      <object_component id="oc-34">
         <name>.debug_line</name>
         <load_address>0x2134</load_address>
         <run_address>0x2134</run_address>
         <size>0x3a</size>
         <input_file_ref idref="fl-c3"/>
      </object_component>
      <object_component id="oc-bb">
         <name>.debug_line</name>
         <load_address>0x216e</load_address>
         <run_address>0x216e</run_address>
         <size>0x9a</size>
         <input_file_ref idref="fl-c3"/>
      </object_component>
      <object_component id="oc-7d">
         <name>.debug_line</name>
         <load_address>0x2208</load_address>
         <run_address>0x2208</run_address>
         <size>0x96</size>
         <input_file_ref idref="fl-c3"/>
      </object_component>
      <object_component id="oc-6c">
         <name>.debug_line</name>
         <load_address>0x229e</load_address>
         <run_address>0x229e</run_address>
         <size>0x33</size>
         <input_file_ref idref="fl-c4"/>
      </object_component>
      <object_component id="oc-5e">
         <name>.debug_line</name>
         <load_address>0x22d1</load_address>
         <run_address>0x22d1</run_address>
         <size>0x45</size>
         <input_file_ref idref="fl-c4"/>
      </object_component>
      <object_component id="oc-2ab">
         <name>.debug_line</name>
         <load_address>0x2316</load_address>
         <run_address>0x2316</run_address>
         <size>0x264</size>
         <input_file_ref idref="fl-c5"/>
      </object_component>
      <object_component id="oc-1c5">
         <name>.debug_line</name>
         <load_address>0x257a</load_address>
         <run_address>0x257a</run_address>
         <size>0x7a</size>
         <input_file_ref idref="fl-c5"/>
      </object_component>
      <object_component id="oc-26f">
         <name>.debug_line</name>
         <load_address>0x25f4</load_address>
         <run_address>0x25f4</run_address>
         <size>0x51</size>
         <input_file_ref idref="fl-c5"/>
      </object_component>
      <object_component id="oc-275">
         <name>.debug_line</name>
         <load_address>0x2645</load_address>
         <run_address>0x2645</run_address>
         <size>0x88</size>
         <input_file_ref idref="fl-c5"/>
      </object_component>
      <object_component id="oc-1cf">
         <name>.debug_line</name>
         <load_address>0x26cd</load_address>
         <run_address>0x26cd</run_address>
         <size>0x14d</size>
         <input_file_ref idref="fl-c5"/>
      </object_component>
      <object_component id="oc-27c">
         <name>.debug_line</name>
         <load_address>0x281a</load_address>
         <run_address>0x281a</run_address>
         <size>0xee</size>
         <input_file_ref idref="fl-c5"/>
      </object_component>
      <object_component id="oc-282">
         <name>.debug_line</name>
         <load_address>0x2908</load_address>
         <run_address>0x2908</run_address>
         <size>0x5d</size>
         <input_file_ref idref="fl-c5"/>
      </object_component>
      <object_component id="oc-1d5">
         <name>.debug_line</name>
         <load_address>0x2965</load_address>
         <run_address>0x2965</run_address>
         <size>0x5c</size>
         <input_file_ref idref="fl-c5"/>
      </object_component>
      <object_component id="oc-1de">
         <name>.debug_line</name>
         <load_address>0x29c1</load_address>
         <run_address>0x29c1</run_address>
         <size>0xae</size>
         <input_file_ref idref="fl-c5"/>
      </object_component>
      <object_component id="oc-1e4">
         <name>.debug_line</name>
         <load_address>0x2a6f</load_address>
         <run_address>0x2a6f</run_address>
         <size>0x1b0</size>
         <input_file_ref idref="fl-c5"/>
      </object_component>
      <object_component id="oc-155">
         <name>.debug_line</name>
         <load_address>0x2c1f</load_address>
         <run_address>0x2c1f</run_address>
         <size>0x76f</size>
         <input_file_ref idref="fl-c5"/>
      </object_component>
      <object_component id="oc-1fd">
         <name>.debug_line</name>
         <load_address>0x338e</load_address>
         <run_address>0x338e</run_address>
         <size>0x92</size>
         <input_file_ref idref="fl-c5"/>
      </object_component>
      <object_component id="oc-2b4">
         <name>.debug_line</name>
         <load_address>0x3420</load_address>
         <run_address>0x3420</run_address>
         <size>0x92</size>
         <input_file_ref idref="fl-c5"/>
      </object_component>
      <object_component id="oc-305">
         <name>.debug_line</name>
         <load_address>0x34b2</load_address>
         <run_address>0x34b2</run_address>
         <size>0x9a</size>
         <input_file_ref idref="fl-c5"/>
      </object_component>
      <object_component id="oc-2b9">
         <name>.debug_line</name>
         <load_address>0x354c</load_address>
         <run_address>0x354c</run_address>
         <size>0x97</size>
         <input_file_ref idref="fl-c5"/>
      </object_component>
      <object_component id="oc-202">
         <name>.debug_line</name>
         <load_address>0x35e3</load_address>
         <run_address>0x35e3</run_address>
         <size>0x2e</size>
         <input_file_ref idref="fl-c5"/>
      </object_component>
      <object_component id="oc-93">
         <name>.debug_line</name>
         <load_address>0x3611</load_address>
         <run_address>0x3611</run_address>
         <size>0x79</size>
         <input_file_ref idref="fl-c6"/>
      </object_component>
      <object_component id="oc-26d">
         <name>.debug_line</name>
         <load_address>0x368a</load_address>
         <run_address>0x368a</run_address>
         <size>0xd2</size>
         <input_file_ref idref="fl-c7"/>
      </object_component>
      <object_component id="oc-1cb">
         <name>.debug_line</name>
         <load_address>0x375c</load_address>
         <run_address>0x375c</run_address>
         <size>0x77</size>
         <input_file_ref idref="fl-c8"/>
      </object_component>
      <object_component id="oc-256">
         <name>.debug_line</name>
         <load_address>0x37d3</load_address>
         <run_address>0x37d3</run_address>
         <size>0x77</size>
         <input_file_ref idref="fl-c8"/>
      </object_component>
      <object_component id="oc-253">
         <name>.debug_line</name>
         <load_address>0x384a</load_address>
         <run_address>0x384a</run_address>
         <size>0xa8</size>
         <input_file_ref idref="fl-c9"/>
      </object_component>
      <object_component id="oc-24e">
         <name>.debug_line</name>
         <load_address>0x38f2</load_address>
         <run_address>0x38f2</run_address>
         <size>0x8e</size>
         <input_file_ref idref="fl-ca"/>
      </object_component>
      <object_component id="oc-25d">
         <name>.debug_line</name>
         <load_address>0x3980</load_address>
         <run_address>0x3980</run_address>
         <size>0x5a</size>
         <input_file_ref idref="fl-cb"/>
      </object_component>
      <object_component id="oc-265">
         <name>.debug_line</name>
         <load_address>0x39da</load_address>
         <run_address>0x39da</run_address>
         <size>0x50</size>
         <input_file_ref idref="fl-cc"/>
      </object_component>
      <object_component id="oc-245">
         <name>.debug_line</name>
         <load_address>0x3a2a</load_address>
         <run_address>0x3a2a</run_address>
         <size>0x81</size>
         <input_file_ref idref="fl-cd"/>
      </object_component>
      <object_component id="oc-217">
         <name>.debug_line</name>
         <load_address>0x3aab</load_address>
         <run_address>0x3aab</run_address>
         <size>0xbf</size>
         <input_file_ref idref="fl-ce"/>
      </object_component>
      <object_component id="oc-e4">
         <name>.debug_line</name>
         <load_address>0x3b6a</load_address>
         <run_address>0x3b6a</run_address>
         <size>0x6f</size>
         <input_file_ref idref="fl-ce"/>
      </object_component>
      <object_component id="oc-21b">
         <name>.debug_line</name>
         <load_address>0x3bd9</load_address>
         <run_address>0x3bd9</run_address>
         <size>0x2e</size>
         <input_file_ref idref="fl-ce"/>
      </object_component>
      <object_component id="oc-2c1">
         <name>.debug_line</name>
         <load_address>0x3c07</load_address>
         <run_address>0x3c07</run_address>
         <size>0x9a</size>
         <input_file_ref idref="fl-ce"/>
      </object_component>
      <object_component id="oc-220">
         <name>.debug_line</name>
         <load_address>0x3ca1</load_address>
         <run_address>0x3ca1</run_address>
         <size>0x97</size>
         <input_file_ref idref="fl-ce"/>
      </object_component>
      <object_component id="oc-225">
         <name>.debug_line</name>
         <load_address>0x3d38</load_address>
         <run_address>0x3d38</run_address>
         <size>0x93</size>
         <input_file_ref idref="fl-ce"/>
      </object_component>
      <object_component id="oc-99">
         <name>.debug_line</name>
         <load_address>0x3dcb</load_address>
         <run_address>0x3dcb</run_address>
         <size>0x40</size>
         <input_file_ref idref="fl-cf"/>
      </object_component>
      <object_component id="oc-db">
         <name>.debug_line</name>
         <load_address>0x3e0b</load_address>
         <run_address>0x3e0b</run_address>
         <size>0x3c</size>
         <input_file_ref idref="fl-d1"/>
      </object_component>
      <object_component id="oc-30d">
         <name>.debug_line</name>
         <load_address>0x3e47</load_address>
         <run_address>0x3e47</run_address>
         <size>0x20</size>
         <input_file_ref idref="fl-d3"/>
      </object_component>
      <object_component id="oc-263">
         <name>.debug_line</name>
         <load_address>0x3e67</load_address>
         <run_address>0x3e67</run_address>
         <size>0x67</size>
         <input_file_ref idref="fl-d3"/>
      </object_component>
      <object_component id="oc-2d1">
         <name>.debug_line</name>
         <load_address>0x3ece</load_address>
         <run_address>0x3ece</run_address>
         <size>0x91</size>
         <input_file_ref idref="fl-d5"/>
      </object_component>
      <object_component id="oc-1c2">
         <name>.debug_line</name>
         <load_address>0x3f5f</load_address>
         <run_address>0x3f5f</run_address>
         <size>0x63</size>
         <input_file_ref idref="fl-d5"/>
      </object_component>
      <object_component id="oc-30a">
         <name>.debug_line</name>
         <load_address>0x3fc2</load_address>
         <run_address>0x3fc2</run_address>
         <size>0x20</size>
         <input_file_ref idref="fl-d6"/>
      </object_component>
      <object_component id="oc-2ce">
         <name>.debug_line</name>
         <load_address>0x3fe2</load_address>
         <run_address>0x3fe2</run_address>
         <size>0x2b</size>
         <input_file_ref idref="fl-d6"/>
      </object_component>
      <object_component id="oc-2f6">
         <name>.debug_line</name>
         <load_address>0x400d</load_address>
         <run_address>0x400d</run_address>
         <size>0x20</size>
         <input_file_ref idref="fl-d7"/>
      </object_component>
      <object_component id="oc-1eb">
         <name>.debug_line</name>
         <load_address>0x402d</load_address>
         <run_address>0x402d</run_address>
         <size>0x48</size>
         <input_file_ref idref="fl-d7"/>
      </object_component>
      <object_component id="oc-319">
         <name>.debug_line</name>
         <load_address>0x4075</load_address>
         <run_address>0x4075</run_address>
         <size>0x20</size>
         <input_file_ref idref="fl-d8"/>
      </object_component>
      <object_component id="oc-298">
         <name>.debug_line</name>
         <load_address>0x4095</load_address>
         <run_address>0x4095</run_address>
         <size>0xb0</size>
         <input_file_ref idref="fl-d8"/>
      </object_component>
      <object_component id="oc-2cc">
         <name>.debug_line</name>
         <load_address>0x4145</load_address>
         <run_address>0x4145</run_address>
         <size>0x20</size>
         <input_file_ref idref="fl-d9"/>
      </object_component>
      <object_component id="oc-1bc">
         <name>.debug_line</name>
         <load_address>0x4165</load_address>
         <run_address>0x4165</run_address>
         <size>0xb2</size>
         <input_file_ref idref="fl-d9"/>
      </object_component>
      <object_component id="oc-301">
         <name>.debug_line</name>
         <load_address>0x4217</load_address>
         <run_address>0x4217</run_address>
[...]
         <object_component_ref idref="oc-c8"/>
      </symbol>
      <symbol id="sm-280">
         <name>SysCtlPeripheralEnable</name>
         <value>0x1119</value>
         <object_component_ref idref="oc-c8"/>
      </symbol>
      <symbol id="sm-281">
         <name>SysCtlIntEnable</name>
         <value>0x1331</value>
         <object_component_ref idref="oc-c8"/>
      </symbol>
      <symbol id="sm-282">
         <name>SysCtlNMIClear</name>
         <value>0x1d81</value>
         <object_component_ref idref="oc-c8"/>
      </symbol>
      <symbol id="sm-283">
         <name>GPIOIntUnregisterPin</name>
         <value>0x95b</value>
         <object_component_ref idref="oc-c8"/>
      </symbol>
      <symbol id="sm-284">
         <name>SysCtlPeripheralPowerOff</name>
         <value>0x104d</value>
         <object_component_ref idref="oc-c8"/>
      </symbol>
      <symbol id="sm-285">
         <name>GPIOIntUnregister</name>
         <value>0x913</value>
         <object_component_ref idref="oc-c8"/>
      </symbol>
      <symbol id="sm-286">
         <name>SysCtlSleepPowerSet</name>
         <value>0x13b5</value>
         <object_component_ref idref="oc-c8"/>
      </symbol>
      <symbol id="sm-287">
         <name>GPIOPinTypeComparator</name>
         <value>0x9ff</value>
         <object_component_ref idref="oc-c8"/>
      </symbol>
      <symbol id="sm-288">
         <name>GPIOPinTypeComparatorOutput</name>
         <value>0xa23</value>
         <object_component_ref idref="oc-c8"/>
      </symbol>
      <symbol id="sm-289">
         <name>GPIOPadConfigGet</name>
         <value>0x70f</value>
         <object_component_ref idref="oc-c8"/>
      </symbol>
      <symbol id="sm-28a">
         <name>SysCtlDeepSleep</name>
         <value>0x13e9</value>
         <object_component_ref idref="oc-c8"/>
      </symbol>
      <symbol id="sm-28b">
         <name>SysCtlLDODeepSleepSet</name>
         <value>0x139f</value>
         <object_component_ref idref="oc-c8"/>
      </symbol>
      <symbol id="sm-28c">
         <name>SysCtlPeripheralPowerOn</name>
         <value>0x1011</value>
         <object_component_ref idref="oc-c8"/>
      </symbol>
      <symbol id="sm-28d">
         <name>SysCtlPeripheralDeepSleepDisable</name>
         <value>0x1271</value>
         <object_component_ref idref="oc-c8"/>
      </symbol>
      <symbol id="sm-28e">
         <name>GPIOPinTypeOneWire</name>
         <value>0xbd9</value>
         <object_component_ref idref="oc-c8"/>
      </symbol>
      <symbol id="sm-28f">
         <name>GPIOIntClear</name>
         <value>0x8e1</value>
         <object_component_ref idref="oc-c8"/>
      </symbol>
      <symbol id="sm-290">
         <name>GPIOADCTriggerEnable</name>
         <value>0xe13</value>
         <object_component_ref idref="oc-c8"/>
      </symbol>
      <symbol id="sm-291">
         <name>SysCtlPeripheralSleepDisable</name>
         <value>0x11e1</value>
         <object_component_ref idref="oc-c8"/>
      </symbol>
      <symbol id="sm-292">
         <name>GPIOADCTriggerDisable</name>
         <value>0xe31</value>
         <object_component_ref idref="oc-c8"/>
      </symbol>
      <symbol id="sm-293">
         <name>SysCtlVCOGet</name>
         <value>0x1cb1</value>
         <object_component_ref idref="oc-c8"/>
      </symbol>
      <symbol id="sm-294">
         <name>GPIOPinTypeUART</name>
         <value>0xcb1</value>
         <object_component_ref idref="oc-c8"/>
      </symbol>
      <symbol id="sm-295">
         <name>SysCtlResetBehaviorSet</name>
         <value>0x1485</value>
         <object_component_ref idref="oc-c8"/>
      </symbol>
      <symbol id="sm-296">
         <name>SysCtlReset</name>
         <value>0x13d9</value>
         <object_component_ref idref="oc-c8"/>
      </symbol>
      <symbol id="sm-297">
         <name>GPIOIntRegisterPin</name>
         <value>0x92d</value>
         <object_component_ref idref="oc-c8"/>
      </symbol>
      <symbol id="sm-298">
         <name>GPIOIntStatus</name>
         <value>0x8bf</value>
         <object_component_ref idref="oc-c8"/>
      </symbol>
      <symbol id="sm-299">
         <name>GPIOPinTypeDIVSCLK</name>
         <value>0xa47</value>
         <object_component_ref idref="oc-c8"/>
      </symbol>
      <symbol id="sm-29a">
         <name>GPIOPinTypeGPIOOutput</name>
         <value>0xafb</value>
         <object_component_ref idref="oc-c8"/>
      </symbol>
      <symbol id="sm-29b">
         <name>GPIOIntTypeGet</name>
         <value>0x417</value>
         <object_component_ref idref="oc-c8"/>
      </symbol>
      <symbol id="sm-29c">
         <name>GPIOPinRead</name>
         <value>0x97f</value>
         <object_component_ref idref="oc-c8"/>
      </symbol>
      <symbol id="sm-29d">
         <name>GPIODirModeSet</name>
         <value>0x2cb</value>
         <object_component_ref idref="oc-c8"/>
      </symbol>
      <symbol id="sm-29e">
         <name>SysCtlGPIOAHBDisable</name>
         <value>0x1c43</value>
         <object_component_ref idref="oc-c8"/>
      </symbol>
      <symbol id="sm-29f">
         <name>SysCtlSRAMSizeGet</name>
         <value>0xf35</value>
         <object_component_ref idref="oc-c8"/>
      </symbol>
      <symbol id="sm-2a0">
         <name>SysCtlClockGet</name>
         <value>0x19ad</value>
         <object_component_ref idref="oc-c8"/>
      </symbol>
      <symbol id="sm-2a1">
         <name>SysCtlPeripheralDisable</name>
         <value>0x1159</value>
         <object_component_ref idref="oc-c8"/>
      </symbol>
      <symbol id="sm-2a2">
         <name>thirtyHex</name>
         <value>0x1e51</value>
         <object_component_ref idref="oc-c8"/>
      </symbol>
      <symbol id="sm-2a3">
         <name>GPIOPinTypeQEI</name>
         <value>0xc21</value>
         <object_component_ref idref="oc-c8"/>
      </symbol>
      <symbol id="sm-2a4">
         <name>GPIOPinTypeHibernateRTCCLK</name>
         <value>0xb49</value>
         <object_component_ref idref="oc-c8"/>
      </symbol>
      <symbol id="sm-2a5">
         <name>GPIODMATriggerEnable</name>
         <value>0xdd7</value>
         <object_component_ref idref="oc-c8"/>
      </symbol>
      <symbol id="sm-2a6">
         <name>GPIOPinTypeEthernetMII</name>
         <value>0xab3</value>
         <object_component_ref idref="oc-c8"/>
      </symbol>
      <symbol id="sm-2a7">
         <name>GPIOPinWrite</name>
         <value>0x997</value>
         <object_component_ref idref="oc-c8"/>
      </symbol>
      <symbol id="sm-2a8">
         <name>SysCtlPWMClockSet</name>
         <value>0x1bf7</value>
         <object_component_ref idref="oc-c8"/>
      </symbol>
      <symbol id="sm-2a9">
         <name>GPIOPadConfigSet</name>
         <value>0x4a1</value>
         <object_component_ref idref="oc-c8"/>
      </symbol>
      <symbol id="sm-2aa">
         <name>GPIOPinTypeLCD</name>
         <value>0xbb5</value>
         <object_component_ref idref="oc-c8"/>
      </symbol>
      <symbol id="sm-2ab">
         <name>GPIOPinTypeSSI</name>
         <value>0xc45</value>
         <object_component_ref idref="oc-c8"/>
      </symbol>
      <symbol id="sm-2ac">
         <name>SysCtlUSBPLLEnable</name>
         <value>0x1c5f</value>
         <object_component_ref idref="oc-c8"/>
      </symbol>
      <symbol id="sm-2ad">
         <name>LcdWordSend</name>
         <value>0x20bd</value>
         <object_component_ref idref="oc-c8"/>
      </symbol>
      <symbol id="sm-2ae">
         <name>SysCtlPeripheralSleepEnable</name>
         <value>0x119d</value>
         <object_component_ref idref="oc-c8"/>
      </symbol>
      <symbol id="sm-2af">
         <name>SysCtlIntUnregister</name>
         <value>0x1321</value>
         <object_component_ref idref="oc-c8"/>
      </symbol>
      <symbol id="sm-2b0">
         <name>GPIOPinTypeTimer</name>
         <value>0xc69</value>
         <object_component_ref idref="oc-c8"/>
      </symbol>
      <symbol id="sm-2b1">
         <name>GPIOPinTypeCAN</name>
         <value>0x9db</value>
         <object_component_ref idref="oc-c8"/>
      </symbol>
      <symbol id="sm-2b2">
         <name>LcdFunction</name>
         <value>0x1ffd</value>
         <object_component_ref idref="oc-c8"/>
      </symbol>
      <symbol id="sm-2b3">
         <name>SysCtlUSBPLLDisable</name>
         <value>0x1c6b</value>
         <object_component_ref idref="oc-c8"/>
      </symbol>
      <symbol id="sm-2b4">
         <name>SysCtlPeripheralReady</name>
         <value>0xfd1</value>
         <object_component_ref idref="oc-c8"/>
      </symbol>
      <symbol id="sm-2b5">
         <name>SysCtlPIOSCCalibrate</name>
         <value>0x1435</value>
         <object_component_ref idref="oc-c8"/>
      </symbol>
      <symbol id="sm-2b6">
         <name>SysCtlResetCauseClear</name>
         <value>0x140b</value>
         <object_component_ref idref="oc-c8"/>
      </symbol>
      <symbol id="sm-2b7">
         <name>SysCtlLDOSleepGet</name>
         <value>0x1399</value>
         <object_component_ref idref="oc-c8"/>
      </symbol>
      <symbol id="sm-2b8">
         <name>SysCtlClockFreqSet</name>
         <value>0x14e5</value>
         <object_component_ref idref="oc-c8"/>
      </symbol>
      <symbol id="sm-2b9">
         <name>SysCtlPeripheralReset</name>
         <value>0x1091</value>
         <object_component_ref idref="oc-c8"/>
      </symbol>
      <symbol id="sm-2ba">
         <name>GPIOPinTypeEPI</name>
         <value>0xa6b</value>
         <object_component_ref idref="oc-c8"/>
      </symbol>
      <symbol id="sm-2bb">
         <name>LcdClear</name>
         <value>0x1f21</value>
         <object_component_ref idref="oc-c8"/>
      </symbol>
      <symbol id="sm-2bc">
         <name>GPIOPinTypeEthernetLED</name>
         <value>0xa8f</value>
         <object_component_ref idref="oc-c8"/>
      </symbol>
      <symbol id="sm-2bd">
         <name>GPIOUnlockPin</name>
         <value>0xe4f</value>
         <object_component_ref idref="oc-c8"/>
      </symbol>
      <symbol id="sm-2be">
         <name>GPIOPinWakeStatus</name>
         <value>0xd69</value>
         <object_component_ref idref="oc-c8"/>
      </symbol>
      <symbol id="sm-2da">
         <name>main</name>
         <value>0x39dd</value>
         <object_component_ref idref="oc-9b"/>
      </symbol>
      <symbol id="sm-2f6">
         <name>ResetISR</name>
         <value>0x4095</value>
         <object_component_ref idref="oc-27"/>
      </symbol>
      <symbol id="sm-2f7">
         <name>g_pfnVectors</name>
         <value>0x0</value>
         <object_component_ref idref="oc-12"/>
      </symbol>
      <symbol id="sm-31e">
         <name>sprintf</name>
         <value>0x3eb5</value>
         <object_component_ref idref="oc-cf"/>
      </symbol>
      <symbol id="sm-339">
         <name>memcpy</name>
         <value>0x379f</value>
         <object_component_ref idref="oc-3b"/>
      </symbol>
      <symbol id="sm-33a">
         <name>__aeabi_memcpy</name>
         <value>0x379f</value>
         <object_component_ref idref="oc-3b"/>
      </symbol>
      <symbol id="sm-33b">
         <name>__aeabi_memcpy8</name>
         <value>0x379f</value>
         <object_component_ref idref="oc-3b"/>
      </symbol>
      <symbol id="sm-33c">
         <name>__aeabi_memcpy4</name>
         <value>0x379f</value>
         <object_component_ref idref="oc-3b"/>
      </symbol>
      <symbol id="sm-350">
         <name>__TI_zero_init_nomemset</name>
         <value>0x3fcb</value>
         <object_component_ref idref="oc-47"/>
      </symbol>
      <symbol id="sm-367">
         <name>__TI_decompress_none</name>
         <value>0x4087</value>
         <object_component_ref idref="oc-1b"/>
      </symbol>
      <symbol id="sm-38a">
         <name>__TI_decompress_lzss</name>
         <value>0x3c15</value>
         <object_component_ref idref="oc-15"/>
      </symbol>
      <symbol id="sm-39d">
         <name>__stack</name>
         <value>0x20000270</value>
         <object_component_ref idref="oc-24"/>
      </symbol>
      <symbol id="sm-39e">
         <name>_c_int00_noargs</name>
         <value>0x3f69</value>
         <object_component_ref idref="oc-59"/>
      </symbol>
      <symbol id="sm-503">
         <name>__TI_printfi</name>
         <value>0x2101</value>
         <object_component_ref idref="oc-154"/>
      </symbol>
      <symbol id="sm-512">
         <name>__aeabi_memset</name>
         <value>0x3a5f</value>
         <object_component_ref idref="oc-8f"/>
      </symbol>
      <symbol id="sm-513">
         <name>memset</name>
         <value>0x3a65</value>
         <object_component_ref idref="oc-8f"/>
      </symbol>
      <symbol id="sm-514">
         <name>__aeabi_memset8</name>
         <value>0x3a5f</value>
         <object_component_ref idref="oc-8f"/>
      </symbol>
      <symbol id="sm-515">
         <name>__aeabi_memset4</name>
         <value>0x3a5f</value>
         <object_component_ref idref="oc-8f"/>
      </symbol>
      <symbol id="sm-516">
         <name>__aeabi_memclr8</name>
         <value>0x3a5d</value>
         <object_component_ref idref="oc-8f"/>
      </symbol>
      <symbol id="sm-517">
         <name>__aeabi_memclr4</name>
         <value>0x3a5d</value>
         <object_component_ref idref="oc-8f"/>
      </symbol>
      <symbol id="sm-518">
         <name>__aeabi_memclr</name>
         <value>0x3a5d</value>
         <object_component_ref idref="oc-8f"/>
      </symbol>
      <symbol id="sm-52f">
         <name>__aeabi_dsub</name>
         <value>0x2f91</value>
         <object_component_ref idref="oc-269"/>
      </symbol>
      <symbol id="sm-530">
         <name>__aeabi_dadd</name>
         <value>0x2f9b</value>
         <object_component_ref idref="oc-269"/>
      </symbol>
      <symbol id="sm-552">
         <name>__aeabi_cdcmpeq</name>
         <value>0x38d1</value>
         <object_component_ref idref="oc-1c9"/>
      </symbol>
      <symbol id="sm-553">
         <name>__aeabi_cdcmple</name>
         <value>0x38d1</value>
         <object_component_ref idref="oc-1c9"/>
      </symbol>
      <symbol id="sm-554">
         <name>__aeabi_cdrcmple</name>
         <value>0x3957</value>
         <object_component_ref idref="oc-254"/>
      </symbol>
      <symbol id="sm-568">
         <name>__aeabi_ddiv</name>
         <value>0x3285</value>
         <object_component_ref idref="oc-24f"/>
      </symbol>
      <symbol id="sm-573">
         <name>__aeabi_dmul</name>
         <value>0x35f1</value>
         <object_component_ref idref="oc-24a"/>
      </symbol>
      <symbol id="sm-57d">
         <name>__aeabi_d2iz</name>
         <value>0x3e29</value>
         <object_component_ref idref="oc-259"/>
      </symbol>
      <symbol id="sm-587">
         <name>__aeabi_i2d</name>
         <value>0x3f9d</value>
         <object_component_ref idref="oc-264"/>
      </symbol>
      <symbol id="sm-594">
         <name>__aeabi_uldivmod</name>
         <value>0x383b</value>
         <object_component_ref idref="oc-243"/>
      </symbol>
      <symbol id="sm-5bc">
         <name>__TI_auto_init_nobinit_nopinit</name>
         <value>0x3e71</value>
         <object_component_ref idref="oc-e3"/>
      </symbol>
      <symbol id="sm-5c6">
         <name>_system_pre_init</name>
         <value>0x40bf</value>
         <object_component_ref idref="oc-95"/>
      </symbol>
      <symbol id="sm-5d2">
         <name>C$$EXIT</name>
         <value>0x40c3</value>
         <object_component_ref idref="oc-d7"/>
      </symbol>
      <symbol id="sm-5d3">
         <name>abort</name>
         <value>0x40c3</value>
         <object_component_ref idref="oc-d7"/>
      </symbol>
      <symbol id="sm-5e3">
         <name>__TI_ltoa</name>
         <value>0x3d37</value>
         <object_component_ref idref="oc-25e"/>
      </symbol>
      <symbol id="sm-5fa">
         <name>atoi</name>
         <value>0x3ddd</value>
         <object_component_ref idref="oc-1bd"/>
      </symbol>
      <symbol id="sm-605">
         <name>_ctypes_</name>
         <value>0x4278</value>
         <object_component_ref idref="oc-23e"/>
      </symbol>
      <symbol id="sm-615">
         <name>memccpy</name>
         <value>0x3fe7</value>
         <object_component_ref idref="oc-1e6"/>
      </symbol>
      <symbol id="sm-625">
         <name>strchr</name>
         <value>0x4035</value>
         <object_component_ref idref="oc-295"/>
      </symbol>
      <symbol id="sm-633">
         <name>strlen</name>
         <value>0x4061</value>
         <object_component_ref idref="oc-1b7"/>
      </symbol>
      <symbol id="sm-649">
         <name>__aeabi_errno_addr</name>
         <value>0x40ad</value>
         <object_component_ref idref="oc-1f2"/>
      </symbol>
      <symbol id="sm-64a">
         <name>errno</name>
         <value>0x2000026c</value>
         <object_component_ref idref="oc-2a5"/>
      </symbol>
      <symbol id="sm-66a">
         <name>frexpl</name>
         <value>0x3c7d</value>
         <object_component_ref idref="oc-289"/>
      </symbol>
      <symbol id="sm-66b">
         <name>frexp</name>
         <value>0x3c7d</value>
         <object_component_ref idref="oc-289"/>
      </symbol>
      <symbol id="sm-688">
         <name>scalbn</name>
         <value>0x34e1</value>
         <object_component_ref idref="oc-28f"/>
      </symbol>
      <symbol id="sm-689">
         <name>scalbnl</name>
         <value>0x34e1</value>
         <object_component_ref idref="oc-28f"/>
      </symbol>
      <symbol id="sm-68a">
         <name>ldexpl</name>
         <value>0x34e1</value>
         <object_component_ref idref="oc-28f"/>
      </symbol>
      <symbol id="sm-68b">
         <name>ldexp</name>
         <value>0x34e1</value>
         <object_component_ref idref="oc-28f"/>
      </symbol>
      <symbol id="sm-6a4">
         <name>wcslen</name>
         <value>0x4075</value>
         <object_component_ref idref="oc-1ec"/>
      </symbol>
      <symbol id="sm-6ae">
         <name>__aeabi_idiv0</name>
         <value>0x3147</value>
         <object_component_ref idref="oc-2d2"/>
      </symbol>
      <symbol id="sm-6af">
         <name>__aeabi_ldiv0</name>
         <value>0x3147</value>
         <object_component_ref idref="oc-2d2"/>
      </symbol>
      <symbol id="sm-6b9">
         <name>copysign</name>
         <value>0x4003</value>
         <object_component_ref idref="oc-2eb"/>
      </symbol>
      <symbol id="sm-6ba">
         <name>copysignl</name>
         <value>0x4003</value>
         <object_component_ref idref="oc-2eb"/>
      </symbol>
      <symbol id="sm-6d6">
         <name>CPUwfi</name>
         <value>0x40bb</value>
         <object_component_ref idref="oc-144"/>
      </symbol>
      <symbol id="sm-736">
         <name>IntEnable</name>
         <value>0x3bad</value>
         <object_component_ref idref="oc-12c"/>
      </symbol>
      <symbol id="sm-737">
         <name>IntDisable</name>
         <value>0x3b45</value>
         <object_component_ref idref="oc-132"/>
      </symbol>
      <symbol id="sm-738">
         <name>IntRegister</name>
         <value>0x3f35</value>
         <object_component_ref idref="oc-126"/>
      </symbol>
      <symbol id="sm-739">
         <name>IntUnregister</name>
         <value>0x404d</value>
         <object_component_ref idref="oc-138"/>
      </symbol>
      <symbol id="sm-73a">
         <name>g_pfnRAMVectors</name>
         <value>0x20000000</value>
         <object_component_ref idref="oc-193"/>
      </symbol>
      <symbol id="sm-73b">
         <name>__TI_static_base__</name>
         <value>0x0</value>
      </symbol>
      <symbol id="sm-73e">
         <name>__mpu_init</name>
         <value>0x0</value>
      </symbol>
      <symbol id="sm-73f">
         <name>_system_post_cinit</name>
         <value>0x0</value>
      </symbol>
   </symbol_table>
   <title>Link successful</title>
</link_info>
