******************************************************************************
                  TI ARM Linker PC v20.2.1                     
******************************************************************************
>> Linked Wed Nov 18 19:07:25 2020

OUTPUT FILE NAME:   <LCD_Test.out>
ENTRY POINT SYMBOL: "_c_int00_noargs"  address: 00003f69


MEMORY CONFIGURATION

         name            origin    length      used     unused   attr    fill
----------------------  --------  ---------  --------  --------  ----  --------
  FLASH                 00000000   00040000  0000469e  0003b962  R  X
  SRAM                  20000000   00008000  00000470  00007b90  RW X


SEGMENT ALLOCATION MAP

run origin  load origin   length   init length attrs members
----------  ----------- ---------- ----------- ----- -------
00000000    00000000    000046a0   000046a0    r-x
  00000000    00000000    0000026c   0000026c    r-- .intvecs
  0000026c    0000026c    00003e5a   00003e5a    r-x .text
  000040c8    000040c8    000005a8   000005a8    r-- .const
  00004670    00004670    00000030   00000030    r-- .cinit
20000000    20000000    00000470   00000000    rw-
  20000000    20000000    0000026c   00000000    rw- .vtable
  2000026c    2000026c    00000004   00000000    rw- .data
  20000270    20000270    00000200   00000000    rw- .stack


SECTION ALLOCATION MAP

 output                                  attributes/
section   page    origin      length       input sections
--------  ----  ----------  ----------   ----------------
.intvecs   0    00000000    0000026c     
                  00000000    0000026c     tm4c123gh6pm_startup_ccs.obj (.intvecs)

.text      0    0000026c    00003e5a     
                  0000026c    00001e94     Lcd_Lib.obj (.text)
                  00002100    00000a4e     rtsv7M4_T_le_v4SPD16_eabi.lib : _printfi.c.obj (.text:__TI_printfi)
                  00002b4e    00000002     driverlib.lib : interrupt.obj (.text:_IntDefaultHandler)
                  00002b50    00000270     rtsv7M4_T_le_v4SPD16_eabi.lib : _printfi.c.obj (.text:_pconv_a)
                  00002dc0    000001d0                                   : _printfi.c.obj (.text:_pconv_g)
                  00002f90    000001b6                                   : fd_add_t2.asm.obj (.text)
                  00003146    00000002                                   : div0.asm.obj (.text)
                  00003148    0000013c                                   : _printfi.c.obj (.text:_pconv_e)
                  00003284    00000136                                   : fd_div_t2.asm.obj (.text)
                  000033ba    00000002     --HOLE-- [fill = 0]
                  000033bc    00000124                                   : _printfi.c.obj (.text:fcvt)
                  000034e0    00000110                                   : s_scalbn.c.obj (.text:scalbn)
                  000035f0    000000fc                                   : fd_mul_t2.asm.obj (.text)
                  000036ec    000000b1                                   : _printfi.c.obj (.text:_ltostr)
                  0000379d    00000001     --HOLE-- [fill = 0]
                  0000379e    0000009c                                   : memcpy_t2.asm.obj (.text)
                  0000383a    00000096                                   : ull_div_t2.asm.obj (.text)
                  000038d0    00000086                                   : fd_cmp_t2.asm.obj (.text:__aeabi_cdcmple)
                  00003956    00000086                                   : fd_cmp_t2.asm.obj (.text:__aeabi_cdrcmple)
                  000039dc    00000080     main.obj (.text)
                  00003a5c    0000007a     rtsv7M4_T_le_v4SPD16_eabi.lib : memset_t2.asm.obj (.text)
                  00003ad6    0000006e                                   : _printfi.c.obj (.text:_mcpy)
                  00003b44    00000068     driverlib.lib : interrupt.obj (.text:IntDisable)
                  00003bac    00000068                   : interrupt.obj (.text:IntEnable)
                  00003c14    00000068     rtsv7M4_T_le_v4SPD16_eabi.lib : copy_decompress_lzss.c.obj (.text:decompress:lzss:__TI_decompress_lzss)
                  00003c7c    00000064                                   : s_frexp.c.obj (.text:frexp)
                  00003ce0    00000056                                   : _printfi.c.obj (.text:_pconv_f)
                  00003d36    00000054                                   : _ltoa.c.obj (.text:__TI_ltoa)
                  00003d8a    00000052                                   : _printfi.c.obj (.text:_ecpy)
                  00003ddc    0000004c                                   : atoi.c.obj (.text:atoi)
                  00003e28    00000048                                   : fd_toi_t2.asm.obj (.text)
                  00003e70    00000044                                   : autoinit.c.obj (.text:__TI_auto_init_nobinit_nopinit:__TI_auto_init_nobinit_nopinit)
                  00003eb4    00000040                                   : sprintf.c.obj (.text:sprintf)
                  00003ef4    0000003e                                   : _printfi.c.obj (.text:_fcpy)
                  00003f32    00000002     --HOLE-- [fill = 0]
                  00003f34    00000034     driverlib.lib : interrupt.obj (.text:IntRegister)
                  00003f68    00000034     rtsv7M4_T_le_v4SPD16_eabi.lib : boot_cortex_m.c.obj (.text:_c_int00_noargs:_c_int00_noargs)
                  00003f9c    0000002e                                   : i_tofd_t2.asm.obj (.text)
                  00003fca    0000001c                                   : copy_zero_init.c.obj (.text:decompress:ZI:__TI_zero_init_nomemset:__TI_zero_init_nomemset)
                  00003fe6    0000001c                                   : memccpy.c.obj (.text:memccpy)
                  00004002    0000001a                                   : s_copysign.c.obj (.text:copysign)
                  0000401c    00000018                                   : sprintf.c.obj (.text:_outs)
                  00004034    00000016                                   : strchr.c.obj (.text:strchr)
                  0000404a    00000002     --HOLE-- [fill = 0]
                  0000404c    00000014     driverlib.lib : interrupt.obj (.text:IntUnregister)
                  00004060    00000014     rtsv7M4_T_le_v4SPD16_eabi.lib : strlen.c.obj (.text:strlen)
                  00004074    00000012                                   : wcslen.c.obj (.text:wcslen)
                  00004086    0000000e                                   : copy_decompress_none.c.obj (.text:decompress:none:__TI_decompress_none)
                  00004094    0000000c     tm4c123gh6pm_startup_ccs.obj (.text)
                  000040a0    0000000a     rtsv7M4_T_le_v4SPD16_eabi.lib : sprintf.c.obj (.text:_outc)
                  000040aa    00000002     --HOLE-- [fill = 0]
                  000040ac    00000008                                   : errno.c.obj (.text:__aeabi_errno_addr)
                  000040b4    00000006     Lcd_Lib.obj (.text:SysCtlDelay)
                  000040ba    00000004     driverlib.lib : cpu.obj (.text:CPUwfi)
                  000040be    00000004     rtsv7M4_T_le_v4SPD16_eabi.lib : pre_init.c.obj (.text:_system_pre_init)
                  000040c2    00000004                                   : exit.c.obj (.text:abort:abort)

.const     0    000040c8    000005a8     
                  000040c8    000001b0     Lcd_Lib.obj (.const:g_pppui32XTALtoVCO)
                  00004278    00000101     rtsv7M4_T_le_v4SPD16_eabi.lib : ctype.c.obj (.const:.string:_ctypes_)
                  00004379    00000003     --HOLE-- [fill = 0]
                  0000437c    000000d8     Lcd_Lib.obj (.const:g_ppui32GPIOIntMapSnowflake)
                  00004454    000000c0     Lcd_Lib.obj (.const:g_ppui32GPIOIntMapBlizzard)
                  00004514    00000090     Lcd_Lib.obj (.const:g_pui32GPIOBaseAddrs)
                  000045a4    0000006c     Lcd_Lib.obj (.const:g_pui32Xtals)
                  00004610    00000030     Lcd_Lib.obj (.const:g_sXTALtoMEMTIM)
                  00004640    00000014     driverlib.lib : interrupt.obj (.const:g_pui32Dii16Regs)
                  00004654    00000014                   : interrupt.obj (.const:g_pui32EnRegs)
                  00004668    00000008     Lcd_Lib.obj (.const:g_pui32VCOFrequencies)

.cinit     0    00004670    00000030     
                  00004670    0000000c     (__TI_handler_table)
                  0000467c    00000004     --HOLE-- [fill = 0]
                  00004680    00000008     (.cinit..vtable.load) [load image, compression = zero_init]
                  00004688    00000007     (.cinit..data.load) [load image, compression = lzss]
                  0000468f    00000001     --HOLE-- [fill = 0]
                  00004690    00000010     (__TI_cinit_table)

.init_array 
*          0    00000000    00000000     UNINITIALIZED

.vtable    0    20000000    0000026c     UNINITIALIZED
                  20000000    0000026c     driverlib.lib : interrupt.obj (.vtable)

.data      0    2000026c    00000004     UNINITIALIZED
                  2000026c    00000004     rtsv7M4_T_le_v4SPD16_eabi.lib : errno.c.obj (.data)

.stack     0    20000270    00000200     UNINITIALIZED
                  20000270    00000004     rtsv7M4_T_le_v4SPD16_eabi.lib : boot_cortex_m.c.obj (.stack)
                  20000274    000001fc     --HOLE--

__llvm_prf_cnts 
*          0    20000000    00000000     UNINITIALIZED

MODULE SUMMARY

       Module                         code    ro data   rw data
       ------                         ----    -------   -------
    .\
       Lcd_Lib.obj                    7834    1148      0      
       tm4c123gh6pm_startup_ccs.obj   12      620       0      
       main.obj                       128     0         0      
    +--+------------------------------+-------+---------+---------+
       Total:                         7974    1768      0      
                                                               
    D:/CCS_New/TivaWare_C_Series-2.2.0.295/driverlib/ccs/Debug/driverlib.lib
       interrupt.obj                  282     40        620    
       cpu.obj                        4       0         0      
    +--+------------------------------+-------+---------+---------+
       Total:                         286     40        620    
                                                               
    D:\CCS_New\ccs\tools\compiler\ti-cgt-arm_20.2.1.LTS\lib\rtsv7M4_T_le_v4SPD16_eabi.lib
       _printfi.c.obj                 4851    0         0      
       fd_add_t2.asm.obj              438     0         0      
       fd_div_t2.asm.obj              310     0         0      
       s_scalbn.c.obj                 272     0         0      
       fd_cmp_t2.asm.obj              268     0         0      
       ctype.c.obj                    0       257       0      
       fd_mul_t2.asm.obj              252     0         0      
       memcpy_t2.asm.obj              156     0         0      
       ull_div_t2.asm.obj             150     0         0      
       memset_t2.asm.obj              122     0         0      
       copy_decompress_lzss.c.obj     104     0         0      
       s_frexp.c.obj                  100     0         0      
       sprintf.c.obj                  98      0         0      
       _ltoa.c.obj                    84      0         0      
       atoi.c.obj                     76      0         0      
       fd_toi_t2.asm.obj              72      0         0      
       autoinit.c.obj                 68      0         0      
       boot_cortex_m.c.obj            52      0         0      
       i_tofd_t2.asm.obj              46      0         0      
       copy_zero_init.c.obj           28      0         0      
       memccpy.c.obj                  28      0         0      
       s_copysign.c.obj               26      0         0      
       strchr.c.obj                   22      0         0      
       strlen.c.obj                   20      0         0      
       wcslen.c.obj                   18      0         0      
       copy_decompress_none.c.obj     14      0         0      
       errno.c.obj                    8       0         4      
       exit.c.obj                     4       0         0      
       pre_init.c.obj                 4       0         0      
       div0.asm.obj                   2       0         0      
    +--+------------------------------+-------+---------+---------+
       Total:                         7693    257       4      
                                                               
       Stack:                         0       0         512    
       Linker Generated:              0       43        0      
    +--+------------------------------+-------+---------+---------+
       Grand Total:                   15953   2108      1136   


LINKER GENERATED COPY TABLES

__TI_cinit_table @ 00004690 records: 2, size/record: 8, table size: 16
	.vtable: load addr=00004680, load size=00000008 bytes, run addr=20000000, run size=0000026c bytes, compression=zero_init
	.data: load addr=00004688, load size=00000007 bytes, run addr=2000026c, run size=00000004 bytes, compression=lzss


LINKER GENERATED HANDLER TABLE

__TI_handler_table @ 00004670 records: 3, size/record: 4, table size: 12
	index: 0, handler: __TI_zero_init
	index: 1, handler: __TI_decompress_lzss
	index: 2, handler: __TI_decompress_none


GLOBAL SYMBOLS: SORTED ALPHABETICALLY BY Name 

address   name                            
-------   ----                            
000040c3  C$$EXIT                         
000040bb  CPUwfi                          
00000e31  GPIOADCTriggerDisable           
00000e13  GPIOADCTriggerEnable            
00000df5  GPIODMATriggerDisable           
00000dd7  GPIODMATriggerEnable            
00000327  GPIODirModeGet                  
000002cb  GPIODirModeSet                  
000008e1  GPIOIntClear                    
000008a5  GPIOIntDisable                  
00000881  GPIOIntEnable                   
000008f5  GPIOIntRegister                 
0000092d  GPIOIntRegisterPin              
000008bf  GPIOIntStatus                   
00000417  GPIOIntTypeGet                  
00000373  GPIOIntTypeSet                  
00000913  GPIOIntUnregister               
0000095b  GPIOIntUnregisterPin            
0000070f  GPIOPadConfigGet                
000004a1  GPIOPadConfigSet                
00000d79  GPIOPinConfigure                
0000097f  GPIOPinRead                     
000009b7  GPIOPinTypeADC                  
000009db  GPIOPinTypeCAN                  
000009ff  GPIOPinTypeComparator           
00000a23  GPIOPinTypeComparatorOutput     
00000a47  GPIOPinTypeDIVSCLK              
00000a6b  GPIOPinTypeEPI                  
00000a8f  GPIOPinTypeEthernetLED          
00000ab3  GPIOPinTypeEthernetMII          
00000ad7  GPIOPinTypeGPIOInput            
00000afb  GPIOPinTypeGPIOOutput           
00000b25  GPIOPinTypeGPIOOutputOD         
00000b49  GPIOPinTypeHibernateRTCCLK      
00000b6d  GPIOPinTypeI2C                  
00000b91  GPIOPinTypeI2CSCL               
00000bb5  GPIOPinTypeLCD                  
00000bd9  GPIOPinTypeOneWire              
00000bfd  GPIOPinTypePWM                  
00000c21  GPIOPinTypeQEI                  
00000c45  GPIOPinTypeSSI                  
00000c69  GPIOPinTypeTimer                
00000c8d  GPIOPinTypeTrace                
00000cb1  GPIOPinTypeUART                 
00000cd5  GPIOPinTypeUSBAnalog            
00000cf9  GPIOPinTypeUSBDigital           
00000d1d  GPIOPinTypeWakeHigh             
00000d43  GPIOPinTypeWakeLow              
00000d69  GPIOPinWakeStatus               
00000997  GPIOPinWrite                    
00000e4f  GPIOUnlockPin                   
00003b45  IntDisable                      
00003bad  IntEnable                       
00003f35  IntRegister                     
0000404d  IntUnregister                   
00001f21  LcdClear                        
00001e95  LcdCommand                      
00001ffd  LcdFunction                     
00001dc9  LcdSettings                     
000020bd  LcdWordSend                     
00001f65  LcdWrite                        
00001f31  Lcdxy                           
00004095  ResetISR                        
00001db9  SysCtlAltClkConfig              
000014e5  SysCtlClockFreqSet              
000019ad  SysCtlClockGet                  
00001d9d  SysCtlClockOutConfig            
000017dd  SysCtlClockSet                  
000013e9  SysCtlDeepSleep                 
00001b6d  SysCtlDeepSleepClockConfigSet   
00001b4f  SysCtlDeepSleepClockSet         
000013c9  SysCtlDeepSleepPowerSet         
000040b5  SysCtlDelay                     
00000f6b  SysCtlFlashSectorSizeGet        
00000f3f  SysCtlFlashSizeGet              
00001c43  SysCtlGPIOAHBDisable            
00001c27  SysCtlGPIOAHBEnable             
0000135d  SysCtlIntClear                  
00001349  SysCtlIntDisable                
00001331  SysCtlIntEnable                 
0000130d  SysCtlIntRegister               
0000136d  SysCtlIntStatus                 
00001321  SysCtlIntUnregister             
000013af  SysCtlLDODeepSleepGet           
0000139f  SysCtlLDODeepSleepSet           
00001399  SysCtlLDOSleepGet               
00001389  SysCtlLDOSleepSet               
0000141f  SysCtlMOSCConfigSet             
00001d81  SysCtlNMIClear                  
00001d69  SysCtlNMIStatus                 
00001435  SysCtlPIOSCCalibrate            
00001c11  SysCtlPWMClockGet               
00001bf7  SysCtlPWMClockSet               
000012b5  SysCtlPeripheralClockGating     
00001271  SysCtlPeripheralDeepSleepDisable
0000121d  SysCtlPeripheralDeepSleepEnable 
00001159  SysCtlPeripheralDisable         
00001119  SysCtlPeripheralEnable          
0000104d  SysCtlPeripheralPowerOff        
00001011  SysCtlPeripheralPowerOn         
00000f91  SysCtlPeripheralPresent         
00000fd1  SysCtlPeripheralReady           
00001091  SysCtlPeripheralReset           
000011e1  SysCtlPeripheralSleepDisable    
0000119d  SysCtlPeripheralSleepEnable     
000013d9  SysCtlReset                     
00001495  SysCtlResetBehaviorGet          
00001485  SysCtlResetBehaviorSet          
0000140b  SysCtlResetCauseClear           
00001405  SysCtlResetCauseGet             
00000f35  SysCtlSRAMSizeGet               
000013e1  SysCtlSleep                     
000013b5  SysCtlSleepPowerSet             
00001c6b  SysCtlUSBPLLDisable             
00001c5f  SysCtlUSBPLLEnable              
00001cb1  SysCtlVCOGet                    
00001c99  SysCtlVoltageEventClear         
00001c7d  SysCtlVoltageEventConfig        
00001c8d  SysCtlVoltageEventStatus        
20000470  __STACK_END                     
00000200  __STACK_SIZE                    
20000470  __STACK_TOP                     
00004690  __TI_CINIT_Base                 
000046a0  __TI_CINIT_Limit                
00004670  __TI_Handler_Table_Base         
0000467c  __TI_Handler_Table_Limit        
00003e71  __TI_auto_init_nobinit_nopinit  
00003c15  __TI_decompress_lzss            
00004087  __TI_decompress_none            
00003d37  __TI_ltoa                       
ffffffff  __TI_pprof_out_hndl             
00002101  __TI_printfi                    
ffffffff  __TI_prof_data_size             
ffffffff  __TI_prof_data_start            
00000000  __TI_static_base__              
00003fcb  __TI_zero_init_nomemset         
000038d1  __aeabi_cdcmpeq                 
000038d1  __aeabi_cdcmple                 
00003957  __aeabi_cdrcmple                
00003e29  __aeabi_d2iz                    
00002f9b  __aeabi_dadd                    
00003285  __aeabi_ddiv                    
000035f1  __aeabi_dmul                    
00002f91  __aeabi_dsub                    
000040ad  __aeabi_errno_addr              
00003f9d  __aeabi_i2d                     
00003147  __aeabi_idiv0                   
00003147  __aeabi_ldiv0                   
00003a5d  __aeabi_memclr                  
00003a5d  __aeabi_memclr4                 
00003a5d  __aeabi_memclr8                 
0000379f  __aeabi_memcpy                  
0000379f  __aeabi_memcpy4                 
0000379f  __aeabi_memcpy8                 
00003a5f  __aeabi_memset                  
00003a5f  __aeabi_memset4                 
00003a5f  __aeabi_memset8                 
0000383b  __aeabi_uldivmod                
ffffffff  __binit__                       
ffffffff  __c_args__                      
UNDEFED   __mpu_init                      
20000270  __stack                         
20000000  __start___llvm_prf_cnts         
20000000  __stop___llvm_prf_cnts          
00003f69  _c_int00_noargs                 
00004278  _ctypes_                        
UNDEFED   _system_post_cinit              
000040bf  _system_pre_init                
000040c3  abort                           
00003ddd  atoi                            
ffffffff  binit                           
00004003  copysign                        
00004003  copysignl                       
2000026c  errno                           
00003c7d  frexp                           
00003c7d  frexpl                          
20000000  g_pfnRAMVectors                 
00000000  g_pfnVectors                    
000034e1  ldexp                           
000034e1  ldexpl                          
000039dd  main                            
00003fe7  memccpy                         
0000379f  memcpy                          
00003a65  memset                          
000034e1  scalbn                          
000034e1  scalbnl                         
00003eb5  sprintf                         
00004035  strchr                          
00004061  strlen                          
00001e51  thirtyHex                       
00004075  wcslen                          


GLOBAL SYMBOLS: SORTED BY Symbol Address 

address   name                            
-------   ----                            
00000000  __TI_static_base__              
00000000  g_pfnVectors                    
00000200  __STACK_SIZE                    
000002cb  GPIODirModeSet                  
00000327  GPIODirModeGet                  
00000373  GPIOIntTypeSet                  
00000417  GPIOIntTypeGet                  
000004a1  GPIOPadConfigSet                
0000070f  GPIOPadConfigGet                
00000881  GPIOIntEnable                   
000008a5  GPIOIntDisable                  
000008bf  GPIOIntStatus                   
000008e1  GPIOIntClear                    
000008f5  GPIOIntRegister                 
00000913  GPIOIntUnregister               
0000092d  GPIOIntRegisterPin              
0000095b  GPIOIntUnregisterPin            
0000097f  GPIOPinRead                     
00000997  GPIOPinWrite                    
000009b7  GPIOPinTypeADC                  
000009db  GPIOPinTypeCAN                  
000009ff  GPIOPinTypeComparator           
00000a23  GPIOPinTypeComparatorOutput     
00000a47  GPIOPinTypeDIVSCLK              
00000a6b  GPIOPinTypeEPI                  
00000a8f  GPIOPinTypeEthernetLED          
00000ab3  GPIOPinTypeEthernetMII          
00000ad7  GPIOPinTypeGPIOInput            
00000afb  GPIOPinTypeGPIOOutput           
00000b25  GPIOPinTypeGPIOOutputOD         
00000b49  GPIOPinTypeHibernateRTCCLK      
00000b6d  GPIOPinTypeI2C                  
00000b91  GPIOPinTypeI2CSCL               
00000bb5  GPIOPinTypeLCD                  
00000bd9  GPIOPinTypeOneWire              
00000bfd  GPIOPinTypePWM                  
00000c21  GPIOPinTypeQEI                  
00000c45  GPIOPinTypeSSI                  
00000c69  GPIOPinTypeTimer                
00000c8d  GPIOPinTypeTrace                
00000cb1  GPIOPinTypeUART                 
00000cd5  GPIOPinTypeUSBAnalog            
00000cf9  GPIOPinTypeUSBDigital           
00000d1d  GPIOPinTypeWakeHigh             
00000d43  GPIOPinTypeWakeLow              
00000d69  GPIOPinWakeStatus               
00000d79  GPIOPinConfigure                
00000dd7  GPIODMATriggerEnable            
00000df5  GPIODMATriggerDisable           
00000e13  GPIOADCTriggerEnable            
00000e31  GPIOADCTriggerDisable           
00000e4f  GPIOUnlockPin                   
00000f35  SysCtlSRAMSizeGet               
00000f3f  SysCtlFlashSizeGet              
00000f6b  SysCtlFlashSectorSizeGet        
00000f91  SysCtlPeripheralPresent         
00000fd1  SysCtlPeripheralReady           
00001011  SysCtlPeripheralPowerOn         
0000104d  SysCtlPeripheralPowerOff        
00001091  SysCtlPeripheralReset           
00001119  SysCtlPeripheralEnable          
00001159  SysCtlPeripheralDisable         
0000119d  SysCtlPeripheralSleepEnable     
000011e1  SysCtlPeripheralSleepDisable    
0000121d  SysCtlPeripheralDeepSleepEnable 
00001271  SysCtlPeripheralDeepSleepDisable
000012b5  SysCtlPeripheralClockGating     
0000130d  SysCtlIntRegister               
00001321  SysCtlIntUnregister             
00001331  SysCtlIntEnable                 
00001349  SysCtlIntDisable                
0000135d  SysCtlIntClear                  
0000136d  SysCtlIntStatus                 
00001389  SysCtlLDOSleepSet               
00001399  SysCtlLDOSleepGet               
0000139f  SysCtlLDODeepSleepSet           
000013af  SysCtlLDODeepSleepGet           
000013b5  SysCtlSleepPowerSet             
000013c9  SysCtlDeepSleepPowerSet         
000013d9  SysCtlReset                     
000013e1  SysCtlSleep                     
000013e9  SysCtlDeepSleep                 
00001405  SysCtlResetCauseGet             
0000140b  SysCtlResetCauseClear           
0000141f  SysCtlMOSCConfigSet             
00001435  SysCtlPIOSCCalibrate            
00001485  SysCtlResetBehaviorSet          
00001495  SysCtlResetBehaviorGet          
000014e5  SysCtlClockFreqSet              
000017dd  SysCtlClockSet                  
000019ad  SysCtlClockGet                  
00001b4f  SysCtlDeepSleepClockSet         
00001b6d  SysCtlDeepSleepClockConfigSet   
00001bf7  SysCtlPWMClockSet               
00001c11  SysCtlPWMClockGet               
00001c27  SysCtlGPIOAHBEnable             
00001c43  SysCtlGPIOAHBDisable            
00001c5f  SysCtlUSBPLLEnable              
00001c6b  SysCtlUSBPLLDisable             
00001c7d  SysCtlVoltageEventConfig        
00001c8d  SysCtlVoltageEventStatus        
00001c99  SysCtlVoltageEventClear         
00001cb1  SysCtlVCOGet                    
00001d69  SysCtlNMIStatus                 
00001d81  SysCtlNMIClear                  
00001d9d  SysCtlClockOutConfig            
00001db9  SysCtlAltClkConfig              
00001dc9  LcdSettings                     
00001e51  thirtyHex                       
00001e95  LcdCommand                      
00001f21  LcdClear                        
00001f31  Lcdxy                           
00001f65  LcdWrite                        
00001ffd  LcdFunction                     
000020bd  LcdWordSend                     
00002101  __TI_printfi                    
00002f91  __aeabi_dsub                    
00002f9b  __aeabi_dadd                    
00003147  __aeabi_idiv0                   
00003147  __aeabi_ldiv0                   
00003285  __aeabi_ddiv                    
000034e1  ldexp                           
000034e1  ldexpl                          
000034e1  scalbn                          
000034e1  scalbnl                         
000035f1  __aeabi_dmul                    
0000379f  __aeabi_memcpy                  
0000379f  __aeabi_memcpy4                 
0000379f  __aeabi_memcpy8                 
0000379f  memcpy                          
0000383b  __aeabi_uldivmod                
000038d1  __aeabi_cdcmpeq                 
000038d1  __aeabi_cdcmple                 
00003957  __aeabi_cdrcmple                
000039dd  main                            
00003a5d  __aeabi_memclr                  
00003a5d  __aeabi_memclr4                 
00003a5d  __aeabi_memclr8                 
00003a5f  __aeabi_memset                  
00003a5f  __aeabi_memset4                 
00003a5f  __aeabi_memset8                 
00003a65  memset                          
00003b45  IntDisable                      
00003bad  IntEnable                       
00003c15  __TI_decompress_lzss            
00003c7d  frexp                           
00003c7d  frexpl                          
00003d37  __TI_ltoa                       
00003ddd  atoi                            
00003e29  __aeabi_d2iz                    
00003e71  __TI_auto_init_nobinit_nopinit  
00003eb5  sprintf                         
00003f35  IntRegister                     
00003f69  _c_int00_noargs                 
00003f9d  __aeabi_i2d                     
00003fcb  __TI_zero_init_nomemset         
00003fe7  memccpy                         
00004003  copysign                        
00004003  copysignl                       
00004035  strchr                          
0000404d  IntUnregister                   
00004061  strlen                          
00004075  wcslen                          
00004087  __TI_decompress_none            
00004095  ResetISR                        
000040ad  __aeabi_errno_addr              
000040b5  SysCtlDelay                     
000040bb  CPUwfi                          
000040bf  _system_pre_init                
000040c3  C$$EXIT                         
000040c3  abort                           
00004278  _ctypes_                        
00004670  __TI_Handler_Table_Base         
0000467c  __TI_Handler_Table_Limit        
00004690  __TI_CINIT_Base                 
000046a0  __TI_CINIT_Limit                
20000000  __start___llvm_prf_cnts         
20000000  __stop___llvm_prf_cnts          
20000000  g_pfnRAMVectors                 
2000026c  errno                           
20000270  __stack                         
20000470  __STACK_END                     
20000470  __STACK_TOP                     
ffffffff  __TI_pprof_out_hndl             
ffffffff  __TI_prof_data_size             
ffffffff  __TI_prof_data_start            
ffffffff  __binit__                       
ffffffff  __c_args__                      
ffffffff  binit                           
UNDEFED   __mpu_init                      
UNDEFED   _system_post_cinit              

[191 symbols]
