<?xml version="1.0" encoding="ISO-8859-1" ?>
<link_info>
   <banner>TI ARM Linker PC v20.2.1.LTS</banner>
   <copyright>Copyright (c) 1996-2018 Texas Instruments Incorporated</copyright>
   <link_time>0x60c1412f</link_time>
   <link_errors>0x0</link_errors>
   <output_file>Hafta_7_ADC_With_Lib.out</output_file>
   <entry_point>
      <name>_c_int00_noargs</name>
      <address>0x7b1</address>
   </entry_point>
   <input_file_list>
      <input_file id="fl-2">
         <path>.\</path>
         <kind>object</kind>
         <file>main.obj</file>
         <name>main.obj</name>
      </input_file>
      <input_file id="fl-3">
         <path>.\</path>
         <kind>object</kind>
         <file>tm4c123gh6pm_startup_ccs.obj</file>
         <name>tm4c123gh6pm_startup_ccs.obj</name>
      </input_file>
      <input_file id="fl-8">
         <kind>object</kind>
         <file>&lt;internal&gt;</file>
         <name>&lt;internal&gt;</name>
      </input_file>
      <input_file id="fl-be">
         <path>D:\CCS_New\ccs\tools\compiler\ti-cgt-arm_20.2.1.LTS\lib\</path>
         <kind>archive</kind>
         <file>rtsv7M4_T_le_v4SPD16_eabi.lib</file>
         <name>copy_zero_init.c.obj</name>
      </input_file>
      <input_file id="fl-bf">
         <path>D:\CCS_New\ccs\tools\compiler\ti-cgt-arm_20.2.1.LTS\lib\</path>
         <kind>archive</kind>
         <file>rtsv7M4_T_le_v4SPD16_eabi.lib</file>
         <name>copy_decompress_none.c.obj</name>
      </input_file>
      <input_file id="fl-c0">
         <path>D:\CCS_New\ccs\tools\compiler\ti-cgt-arm_20.2.1.LTS\lib\</path>
         <kind>archive</kind>
         <file>rtsv7M4_T_le_v4SPD16_eabi.lib</file>
         <name>copy_decompress_lzss.c.obj</name>
      </input_file>
      <input_file id="fl-c1">
         <path>D:\CCS_New\ccs\tools\compiler\ti-cgt-arm_20.2.1.LTS\lib\</path>
         <kind>archive</kind>
         <file>rtsv7M4_T_le_v4SPD16_eabi.lib</file>
         <name>boot_cortex_m.c.obj</name>
      </input_file>
      <input_file id="fl-c2">
         <path>D:\CCS_New\ccs\tools\compiler\ti-cgt-arm_20.2.1.LTS\lib\</path>
         <kind>archive</kind>
         <file>rtsv7M4_T_le_v4SPD16_eabi.lib</file>
         <name>memset_t2.asm.obj</name>
      </input_file>
      <input_file id="fl-c3">
         <path>D:\CCS_New\ccs\tools\compiler\ti-cgt-arm_20.2.1.LTS\lib\</path>
         <kind>archive</kind>
         <file>rtsv7M4_T_le_v4SPD16_eabi.lib</file>
         <name>memcpy_t2.asm.obj</name>
      </input_file>
      <input_file id="fl-c4">
         <path>D:\CCS_New\ccs\tools\compiler\ti-cgt-arm_20.2.1.LTS\lib\</path>
         <kind>archive</kind>
         <file>rtsv7M4_T_le_v4SPD16_eabi.lib</file>
         <name>autoinit.c.obj</name>
      </input_file>
      <input_file id="fl-c5">
         <path>D:\CCS_New\ccs\tools\compiler\ti-cgt-arm_20.2.1.LTS\lib\</path>
         <kind>archive</kind>
         <file>rtsv7M4_T_le_v4SPD16_eabi.lib</file>
         <name>pre_init.c.obj</name>
      </input_file>
      <input_file id="fl-c6">
         <path>D:\CCS_New\ccs\tools\compiler\ti-cgt-arm_20.2.1.LTS\lib\</path>
         <kind>archive</kind>
         <file>rtsv7M4_T_le_v4SPD16_eabi.lib</file>
         <name>cpy_tbl.c.obj</name>
      </input_file>
      <input_file id="fl-c7">
         <path>D:\CCS_New\ccs\tools\compiler\ti-cgt-arm_20.2.1.LTS\lib\</path>
         <kind>archive</kind>
         <file>rtsv7M4_T_le_v4SPD16_eabi.lib</file>
         <name>exit.c.obj</name>
      </input_file>
      <input_file id="fl-c8">
         <path>D:\CCS_New\ccs\tools\compiler\ti-cgt-arm_20.2.1.LTS\lib\</path>
         <kind>archive</kind>
         <file>rtsv7M4_T_le_v4SPD16_eabi.lib</file>
         <name>_lock.c.obj</name>
      </input_file>
      <input_file id="fl-c9">
         <path>D:\CCS_New\ccs\tools\compiler\ti-cgt-arm_20.2.1.LTS\lib\</path>
         <kind>archive</kind>
         <file>rtsv7M4_T_le_v4SPD16_eabi.lib</file>
         <name>args_main.c.obj</name>
      </input_file>
      <input_file id="fl-ca">
         <path>D:\Denemeccs\TivaWare_C_Series-2.2.0.295\driverlib\ccs\Debug\</path>
         <kind>archive</kind>
         <file>driverlib.lib</file>
         <name>adc.obj</name>
      </input_file>
      <input_file id="fl-cb">
         <path>D:\Denemeccs\TivaWare_C_Series-2.2.0.295\driverlib\ccs\Debug\</path>
         <kind>archive</kind>
         <file>driverlib.lib</file>
         <name>interrupt.obj</name>
      </input_file>
      <input_file id="fl-cc">
         <path>D:\Denemeccs\TivaWare_C_Series-2.2.0.295\driverlib\ccs\Debug\</path>
         <kind>archive</kind>
         <file>driverlib.lib</file>
         <name>sysctl.obj</name>
      </input_file>
      <input_file id="fl-cd">
         <path>D:\Denemeccs\TivaWare_C_Series-2.2.0.295\driverlib\ccs\Debug\</path>
         <kind>archive</kind>
         <file>driverlib.lib</file>
         <name>cpu.obj</name>
      </input_file>
   </input_file_list>
   <object_component_list>
      <object_component id="oc-12">
         <name>.intvecs</name>
         <load_address>0x0</load_address>
         <run_address>0x0</run_address>
         <size>0x26c</size>
         <input_file_ref idref="fl-3"/>
      </object_component>
      <object_component id="oc-9b">
         <name>.text</name>
         <load_address>0x26c</load_address>
         <run_address>0x26c</run_address>
         <size>0x11c</size>
         <input_file_ref idref="fl-2"/>
      </object_component>
      <object_component id="oc-d6">
         <name>.text:SysCtlClockSet</name>
         <load_address>0x388</load_address>
         <run_address>0x388</run_address>
         <size>0xf4</size>
         <input_file_ref idref="fl-cc"/>
      </object_component>
      <object_component id="oc-3b">
         <name>.text</name>
         <load_address>0x47c</load_address>
         <run_address>0x47c</run_address>
         <size>0x9c</size>
         <input_file_ref idref="fl-c3"/>
      </object_component>
      <object_component id="oc-e8">
         <name>.text:ADCSequenceStepConfigure</name>
         <load_address>0x518</load_address>
         <run_address>0x518</run_address>
         <size>0x7a</size>
         <input_file_ref idref="fl-ca"/>
      </object_component>
      <object_component id="oc-f4">
         <name>.text:IntEnable</name>
         <load_address>0x594</load_address>
         <run_address>0x594</run_address>
         <size>0x68</size>
         <input_file_ref idref="fl-cb"/>
      </object_component>
      <object_component id="oc-15">
         <name>.text:decompress:lzss:__TI_decompress_lzss</name>
         <load_address>0x5fc</load_address>
         <run_address>0x5fc</run_address>
         <size>0x68</size>
         <input_file_ref idref="fl-c0"/>
      </object_component>
      <object_component id="oc-173">
         <name>.text:_ADCIntNumberGet</name>
         <load_address>0x664</load_address>
         <run_address>0x664</run_address>
         <size>0x50</size>
         <input_file_ref idref="fl-ca"/>
      </object_component>
      <object_component id="oc-e2">
         <name>.text:ADCSequenceConfigure</name>
         <load_address>0x6b4</load_address>
         <run_address>0x6b4</run_address>
         <size>0x4e</size>
         <input_file_ref idref="fl-ca"/>
      </object_component>
      <object_component id="oc-11d">
         <name>.text:__TI_auto_init_nobinit_nopinit:__TI_auto_init_nobinit_nopinit</name>
         <load_address>0x704</load_address>
         <run_address>0x704</run_address>
         <size>0x44</size>
         <input_file_ref idref="fl-c4"/>
      </object_component>
      <object_component id="oc-179">
         <name>.text:IntRegister</name>
         <load_address>0x748</load_address>
         <run_address>0x748</run_address>
         <size>0x34</size>
         <input_file_ref idref="fl-cb"/>
      </object_component>
      <object_component id="oc-dc">
         <name>.text:SysCtlPeripheralEnable</name>
         <load_address>0x77c</load_address>
         <run_address>0x77c</run_address>
         <size>0x34</size>
         <input_file_ref idref="fl-cc"/>
      </object_component>
      <object_component id="oc-59">
         <name>.text:_c_int00_noargs:_c_int00_noargs</name>
         <load_address>0x7b0</load_address>
         <run_address>0x7b0</run_address>
         <size>0x34</size>
         <input_file_ref idref="fl-c1"/>
      </object_component>
      <object_component id="oc-ca">
         <name>.text:ADCSequenceDataGet</name>
         <load_address>0x7e4</load_address>
         <run_address>0x7e4</run_address>
         <size>0x1e</size>
         <input_file_ref idref="fl-ca"/>
      </object_component>
      <object_component id="oc-47">
         <name>.text:decompress:ZI:__TI_zero_init_nomemset:__TI_zero_init_nomemset</name>
         <load_address>0x802</load_address>
         <run_address>0x802</run_address>
         <size>0x1c</size>
         <input_file_ref idref="fl-be"/>
      </object_component>
      <object_component id="oc-106">
         <name>.text:ADCIntRegister</name>
         <load_address>0x81e</load_address>
         <run_address>0x81e</run_address>
         <size>0x18</size>
         <input_file_ref idref="fl-ca"/>
      </object_component>
      <object_component id="oc-c4">
         <name>.text:ADCProcessorTrigger</name>
         <load_address>0x836</load_address>
         <run_address>0x836</run_address>
         <size>0x18</size>
         <input_file_ref idref="fl-ca"/>
      </object_component>
      <object_component id="oc-fa">
         <name>.text:ADCIntEnable</name>
         <load_address>0x84e</load_address>
         <run_address>0x84e</run_address>
         <size>0x10</size>
         <input_file_ref idref="fl-ca"/>
      </object_component>
      <object_component id="oc-100">
         <name>.text:IntMasterEnable</name>
         <load_address>0x85e</load_address>
         <run_address>0x85e</run_address>
         <size>0x10</size>
         <input_file_ref idref="fl-cb"/>
      </object_component>
      <object_component id="oc-ee">
         <name>.text:ADCSequenceEnable</name>
         <load_address>0x86e</load_address>
         <run_address>0x86e</run_address>
         <size>0xe</size>
         <input_file_ref idref="fl-ca"/>
      </object_component>
      <object_component id="oc-1b">
         <name>.text:decompress:none:__TI_decompress_none</name>
         <load_address>0x87c</load_address>
         <run_address>0x87c</run_address>
         <size>0xe</size>
         <input_file_ref idref="fl-bf"/>
      </object_component>
      <object_component id="oc-167">
         <name>.text:CPUcpsie</name>
         <load_address>0x88a</load_address>
         <run_address>0x88a</run_address>
         <size>0xc</size>
         <input_file_ref idref="fl-cd"/>
      </object_component>
      <object_component id="oc-27">
         <name>.text</name>
         <load_address>0x896</load_address>
         <run_address>0x896</run_address>
         <size>0xc</size>
         <input_file_ref idref="fl-3"/>
      </object_component>
      <object_component id="oc-d0">
         <name>.text:ADCIntClear</name>
         <load_address>0x8a2</load_address>
         <run_address>0x8a2</run_address>
         <size>0xa</size>
         <input_file_ref idref="fl-ca"/>
      </object_component>
      <object_component id="oc-15a">
         <name>.text:SysCtlDelay</name>
         <load_address>0x8ac</load_address>
         <run_address>0x8ac</run_address>
         <size>0x6</size>
         <input_file_ref idref="fl-cc"/>
      </object_component>
      <object_component id="oc-95">
         <name>.text:_system_pre_init</name>
         <load_address>0x8b2</load_address>
         <run_address>0x8b2</run_address>
         <size>0x4</size>
         <input_file_ref idref="fl-c5"/>
      </object_component>
      <object_component id="oc-111">
         <name>.text:abort:abort</name>
         <load_address>0x8b6</load_address>
         <run_address>0x8b6</run_address>
         <size>0x4</size>
         <input_file_ref idref="fl-c7"/>
      </object_component>
      <object_component id="oc-161">
         <name>.const:g_pui32EnRegs</name>
         <load_address>0x8bc</load_address>
         <run_address>0x8bc</run_address>
         <size>0x14</size>
         <input_file_ref idref="fl-cb"/>
      </object_component>
      <object_component id="oc-21e">
         <name>__TI_handler_table</name>
         <load_address>0x8d0</load_address>
         <run_address>0x8d0</run_address>
         <size>0xc</size>
      </object_component>
      <object_component id="oc-222">
         <name>.cinit..bss.load</name>
         <load_address>0x8e0</load_address>
         <run_address>0x8e0</run_address>
         <size>0x8</size>
      </object_component>
      <object_component id="oc-220">
         <name>.cinit..vtable.load</name>
         <load_address>0x8e8</load_address>
         <run_address>0x8e8</run_address>
         <size>0x8</size>
      </object_component>
      <object_component id="oc-221">
         <name>.cinit..data.load</name>
         <load_address>0x8f0</load_address>
         <run_address>0x8f0</run_address>
         <size>0x7</size>
      </object_component>
      <object_component id="oc-21f">
         <name>__TI_cinit_table</name>
         <load_address>0x8f8</load_address>
         <run_address>0x8f8</run_address>
         <size>0x18</size>
      </object_component>
      <object_component id="oc-1bf">
         <name>.vtable</name>
         <uninitialized>true</uninitialized>
         <run_address>0x20000000</run_address>
         <size>0x26c</size>
         <input_file_ref idref="fl-cb"/>
      </object_component>
      <object_component id="oc-10d">
         <name>.data</name>
         <load_address>0x2000026c</load_address>
         <run_address>0x2000026c</run_address>
         <size>0x4</size>
         <input_file_ref idref="fl-2"/>
      </object_component>
      <object_component id="oc-10c">
         <name>.common:ADC_data</name>
         <uninitialized>true</uninitialized>
         <run_address>0x20000470</run_address>
         <size>0x10</size>
      </object_component>
      <object_component id="oc-24">
         <name>.stack</name>
         <uninitialized>true</uninitialized>
         <run_address>0x20000270</run_address>
         <size>0x4</size>
         <input_file_ref idref="fl-c1"/>
      </object_component>
      <object_component id="oc-224">
         <name>.stack</name>
         <uninitialized>true</uninitialized>
         <run_address>0x20000270</run_address>
         <size>0x0</size>
      </object_component>
      <object_component id="oc-b2">
         <name>.debug_info</name>
         <load_address>0x0</load_address>
         <run_address>0x0</run_address>
         <size>0x535</size>
         <input_file_ref idref="fl-2"/>
      </object_component>
      <object_component id="oc-10e">
         <name>.debug_info</name>
         <load_address>0x535</load_address>
         <run_address>0x535</run_address>
         <size>0xc7</size>
         <input_file_ref idref="fl-2"/>
      </object_component>
      <object_component id="oc-9c">
         <name>.debug_info</name>
         <load_address>0x5fc</load_address>
         <run_address>0x5fc</run_address>
         <size>0x343</size>
         <input_file_ref idref="fl-2"/>
      </object_component>
      <object_component id="oc-70">
         <name>.debug_info</name>
         <load_address>0x93f</load_address>
         <run_address>0x93f</run_address>
         <size>0x26b</size>
         <input_file_ref idref="fl-2"/>
      </object_component>
      <object_component id="oc-36">
         <name>.debug_info</name>
         <load_address>0xbaa</load_address>
         <run_address>0xbaa</run_address>
         <size>0x84</size>
         <input_file_ref idref="fl-2"/>
      </object_component>
      <object_component id="oc-ad">
         <name>.debug_info</name>
         <load_address>0xc2e</load_address>
         <run_address>0xc2e</run_address>
         <size>0x2a4</size>
         <input_file_ref idref="fl-2"/>
      </object_component>
      <object_component id="oc-75">
         <name>.debug_info</name>
         <load_address>0xed2</load_address>
         <run_address>0xed2</run_address>
         <size>0xbb</size>
         <input_file_ref idref="fl-2"/>
      </object_component>
      <object_component id="oc-2f">
         <name>.debug_info</name>
         <load_address>0xf8d</load_address>
         <run_address>0xf8d</run_address>
         <size>0x2a2</size>
         <input_file_ref idref="fl-3"/>
      </object_component>
      <object_component id="oc-13">
         <name>.debug_info</name>
         <load_address>0x122f</load_address>
         <run_address>0x122f</run_address>
         <size>0xe1</size>
         <input_file_ref idref="fl-3"/>
      </object_component>
      <object_component id="oc-29">
         <name>.debug_info</name>
         <load_address>0x1310</load_address>
         <run_address>0x1310</run_address>
         <size>0x25d</size>
         <input_file_ref idref="fl-3"/>
      </object_component>
      <object_component id="oc-8e">
         <name>.debug_info</name>
         <load_address>0x156d</load_address>
         <run_address>0x156d</run_address>
         <size>0x2d4</size>
         <input_file_ref idref="fl-be"/>
      </object_component>
      <object_component id="oc-4b">
         <name>.debug_info</name>
         <load_address>0x1841</load_address>
         <run_address>0x1841</run_address>
         <size>0x1d2</size>
         <input_file_ref idref="fl-be"/>
      </object_component>
      <object_component id="oc-89">
         <name>.debug_info</name>
         <load_address>0x1a13</load_address>
         <run_address>0x1a13</run_address>
         <size>0x46</size>
         <input_file_ref idref="fl-be"/>
      </object_component>
      <object_component id="oc-bb">
         <name>.debug_info</name>
         <load_address>0x1a59</load_address>
         <run_address>0x1a59</run_address>
         <size>0x2c</size>
         <input_file_ref idref="fl-be"/>
      </object_component>
      <object_component id="oc-46">
         <name>.debug_info</name>
         <load_address>0x1a85</load_address>
         <run_address>0x1a85</run_address>
         <size>0x2a8</size>
         <input_file_ref idref="fl-bf"/>
      </object_component>
      <object_component id="oc-1f">
         <name>.debug_info</name>
         <load_address>0x1d2d</load_address>
         <run_address>0x1d2d</run_address>
         <size>0x1ea</size>
         <input_file_ref idref="fl-bf"/>
      </object_component>
      <object_component id="oc-41">
         <name>.debug_info</name>
         <load_address>0x1f17</load_address>
         <run_address>0x1f17</run_address>
         <size>0x46</size>
         <input_file_ref idref="fl-bf"/>
      </object_component>
      <object_component id="oc-81">
         <name>.debug_info</name>
         <load_address>0x1f5d</load_address>
         <run_address>0x1f5d</run_address>
         <size>0x2c</size>
         <input_file_ref idref="fl-bf"/>
      </object_component>
      <object_component id="oc-7f">
         <name>.debug_info</name>
         <load_address>0x1f89</load_address>
         <run_address>0x1f89</run_address>
         <size>0x29e</size>
         <input_file_ref idref="fl-c0"/>
      </object_component>
      <object_component id="oc-19">
         <name>.debug_info</name>
         <load_address>0x2227</load_address>
         <run_address>0x2227</run_address>
         <size>0x250</size>
         <input_file_ref idref="fl-c0"/>
      </object_component>
      <object_component id="oc-31">
         <name>.debug_info</name>
         <load_address>0x2477</load_address>
         <run_address>0x2477</run_address>
         <size>0x60</size>
         <input_file_ref idref="fl-c0"/>
      </object_component>
      <object_component id="oc-b4">
         <name>.debug_info</name>
         <load_address>0x24d7</load_address>
         <run_address>0x24d7</run_address>
         <size>0x46</size>
         <input_file_ref idref="fl-c0"/>
      </object_component>
      <object_component id="oc-7a">
         <name>.debug_info</name>
         <load_address>0x251d</load_address>
         <run_address>0x251d</run_address>
         <size>0x39</size>
         <input_file_ref idref="fl-c0"/>
      </object_component>
      <object_component id="oc-25">
         <name>.debug_info</name>
         <load_address>0x2556</load_address>
         <run_address>0x2556</run_address>
         <size>0x10b</size>
         <input_file_ref idref="fl-c1"/>
      </object_component>
      <object_component id="oc-5a">
         <name>.debug_info</name>
         <load_address>0x2661</load_address>
         <run_address>0x2661</run_address>
         <size>0x1a9</size>
         <input_file_ref idref="fl-c1"/>
      </object_component>
      <object_component id="oc-3d">
         <name>.debug_info</name>
         <load_address>0x280a</load_address>
         <run_address>0x280a</run_address>
         <size>0x119</size>
         <input_file_ref idref="fl-c3"/>
      </object_component>
      <object_component id="oc-192">
         <name>.debug_info</name>
         <load_address>0x2923</load_address>
         <run_address>0x2923</run_address>
         <size>0x4b3</size>
         <input_file_ref idref="fl-c4"/>
      </object_component>
      <object_component id="oc-11e">
         <name>.debug_info</name>
         <load_address>0x2dd6</load_address>
         <run_address>0x2dd6</run_address>
         <size>0x1a6</size>
         <input_file_ref idref="fl-c4"/>
      </object_component>
      <object_component id="oc-1d3">
         <name>.debug_info</name>
         <load_address>0x2f7c</load_address>
         <run_address>0x2f7c</run_address>
         <size>0x39</size>
         <input_file_ref idref="fl-c4"/>
      </object_component>
      <object_component id="oc-1e9">
         <name>.debug_info</name>
         <load_address>0x2fb5</load_address>
         <run_address>0x2fb5</run_address>
         <size>0x39</size>
         <input_file_ref idref="fl-c4"/>
      </object_component>
      <object_component id="oc-1d8">
         <name>.debug_info</name>
         <load_address>0x2fee</load_address>
         <run_address>0x2fee</run_address>
         <size>0x39</size>
         <input_file_ref idref="fl-c4"/>
      </object_component>
      <object_component id="oc-1dd">
         <name>.debug_info</name>
         <load_address>0x3027</load_address>
         <run_address>0x3027</run_address>
         <size>0xcd</size>
         <input_file_ref idref="fl-c4"/>
      </object_component>
      <object_component id="oc-99">
         <name>.debug_info</name>
         <load_address>0x30f4</load_address>
         <run_address>0x30f4</run_address>
         <size>0x153</size>
         <input_file_ref idref="fl-c5"/>
      </object_component>
      <object_component id="oc-113">
         <name>.debug_info</name>
         <load_address>0x3247</load_address>
         <run_address>0x3247</run_address>
         <size>0x122</size>
         <input_file_ref idref="fl-c7"/>
      </object_component>
      <object_component id="oc-157">
         <name>.debug_info</name>
         <load_address>0x3369</load_address>
         <run_address>0x3369</run_address>
         <size>0x3ba</size>
         <input_file_ref idref="fl-ca"/>
      </object_component>
      <object_component id="oc-ea">
         <name>.debug_info</name>
         <load_address>0x3723</load_address>
         <run_address>0x3723</run_address>
         <size>0x33c</size>
         <input_file_ref idref="fl-ca"/>
      </object_component>
      <object_component id="oc-f1">
         <name>.debug_info</name>
         <load_address>0x3a5f</load_address>
         <run_address>0x3a5f</run_address>
         <size>0x2a9</size>
         <input_file_ref idref="fl-ca"/>
      </object_component>
      <object_component id="oc-cd">
         <name>.debug_info</name>
         <load_address>0x3d08</load_address>
         <run_address>0x3d08</run_address>
         <size>0x308</size>
         <input_file_ref idref="fl-ca"/>
      </object_component>
      <object_component id="oc-e5">
         <name>.debug_info</name>
         <load_address>0x4010</load_address>
         <run_address>0x4010</run_address>
         <size>0x32f</size>
         <input_file_ref idref="fl-ca"/>
      </object_component>
      <object_component id="oc-c7">
         <name>.debug_info</name>
         <load_address>0x433f</load_address>
         <run_address>0x433f</run_address>
         <size>0x2ad</size>
         <input_file_ref idref="fl-ca"/>
      </object_component>
      <object_component id="oc-176">
         <name>.debug_info</name>
         <load_address>0x45ec</load_address>
         <run_address>0x45ec</run_address>
         <size>0x2c8</size>
         <input_file_ref idref="fl-ca"/>
      </object_component>
      <object_component id="oc-109">
         <name>.debug_info</name>
         <load_address>0x48b4</load_address>
         <run_address>0x48b4</run_address>
         <size>0x2e8</size>
         <input_file_ref idref="fl-ca"/>
      </object_component>
      <object_component id="oc-fd">
         <name>.debug_info</name>
         <load_address>0x4b9c</load_address>
         <run_address>0x4b9c</run_address>
         <size>0x29f</size>
         <input_file_ref idref="fl-ca"/>
      </object_component>
      <object_component id="oc-d2">
         <name>.debug_info</name>
         <load_address>0x4e3b</load_address>
         <run_address>0x4e3b</run_address>
         <size>0x29d</size>
         <input_file_ref idref="fl-ca"/>
      </object_component>
      <object_component id="oc-1ae">
         <name>.debug_info</name>
         <load_address>0x50d8</load_address>
         <run_address>0x50d8</run_address>
         <size>0x26b</size>
         <input_file_ref idref="fl-ca"/>
      </object_component>
      <object_component id="oc-16e">
         <name>.debug_info</name>
         <load_address>0x5343</load_address>
         <run_address>0x5343</run_address>
         <size>0x8b</size>
         <input_file_ref idref="fl-ca"/>
      </object_component>
      <object_component id="oc-1a7">
         <name>.debug_info</name>
         <load_address>0x53ce</load_address>
         <run_address>0x53ce</run_address>
         <size>0x297</size>
         <input_file_ref idref="fl-ca"/>
      </object_component>
      <object_component id="oc-180">
         <name>.debug_info</name>
         <load_address>0x5665</load_address>
         <run_address>0x5665</run_address>
         <size>0xef</size>
         <input_file_ref idref="fl-ca"/>
      </object_component>
      <object_component id="oc-152">
         <name>.debug_info</name>
         <load_address>0x5754</load_address>
         <run_address>0x5754</run_address>
         <size>0xbb</size>
         <input_file_ref idref="fl-ca"/>
      </object_component>
      <object_component id="oc-165">
         <name>.debug_info</name>
         <load_address>0x580f</load_address>
         <run_address>0x580f</run_address>
         <size>0x3b7</size>
         <input_file_ref idref="fl-cb"/>
      </object_component>
      <object_component id="oc-162">
         <name>.debug_info</name>
         <load_address>0x5bc6</load_address>
         <run_address>0x5bc6</run_address>
         <size>0x15b</size>
         <input_file_ref idref="fl-cb"/>
      </object_component>
      <object_component id="oc-1c0">
         <name>.debug_info</name>
         <load_address>0x5d21</load_address>
         <run_address>0x5d21</run_address>
         <size>0x160</size>
         <input_file_ref idref="fl-cb"/>
      </object_component>
      <object_component id="oc-17a">
         <name>.debug_info</name>
         <load_address>0x5e81</load_address>
         <run_address>0x5e81</run_address>
         <size>0x2ca</size>
         <input_file_ref idref="fl-cb"/>
      </object_component>
      <object_component id="oc-101">
         <name>.debug_info</name>
         <load_address>0x614b</load_address>
         <run_address>0x614b</run_address>
         <size>0x247</size>
         <input_file_ref idref="fl-cb"/>
      </object_component>
      <object_component id="oc-f5">
         <name>.debug_info</name>
         <load_address>0x6392</load_address>
         <run_address>0x6392</run_address>
         <size>0x271</size>
         <input_file_ref idref="fl-cb"/>
      </object_component>
      <object_component id="oc-15c">
         <name>.debug_info</name>
         <load_address>0x6603</load_address>
         <run_address>0x6603</run_address>
         <size>0x441</size>
         <input_file_ref idref="fl-cc"/>
      </object_component>
      <object_component id="oc-dd">
         <name>.debug_info</name>
         <load_address>0x6a44</load_address>
         <run_address>0x6a44</run_address>
         <size>0x286</size>
         <input_file_ref idref="fl-cc"/>
      </object_component>
      <object_component id="oc-d8">
         <name>.debug_info</name>
         <load_address>0x6cca</load_address>
         <run_address>0x6cca</run_address>
         <size>0x2e4</size>
         <input_file_ref idref="fl-cc"/>
      </object_component>
      <object_component id="oc-1b5">
         <name>.debug_info</name>
         <load_address>0x6fae</load_address>
         <run_address>0x6fae</run_address>
         <size>0x51</size>
         <input_file_ref idref="fl-cc"/>
      </object_component>
      <object_component id="oc-168">
         <name>.debug_info</name>
         <load_address>0x6fff</load_address>
         <run_address>0x6fff</run_address>
         <size>0x21b</size>
         <input_file_ref idref="fl-cd"/>
      </object_component>
      <object_component id="oc-225">
         <name>.debug_info</name>
         <load_address>0x721a</load_address>
         <run_address>0x721a</run_address>
         <size>0x94</size>
      </object_component>
      <object_component id="oc-150">
         <name>.debug_line</name>
         <load_address>0x0</load_address>
         <run_address>0x0</run_address>
         <size>0xa8</size>
         <input_file_ref idref="fl-2"/>
      </object_component>
      <object_component id="oc-186">
         <name>.debug_line</name>
         <load_address>0xa8</load_address>
         <run_address>0xa8</run_address>
         <size>0x2d</size>
         <input_file_ref idref="fl-2"/>
      </object_component>
      <object_component id="oc-9f">
         <name>.debug_line</name>
         <load_address>0xd5</load_address>
         <run_address>0xd5</run_address>
         <size>0x8a</size>
         <input_file_ref idref="fl-2"/>
      </object_component>
      <object_component id="oc-73">
         <name>.debug_line</name>
         <load_address>0x15f</load_address>
         <run_address>0x15f</run_address>
         <size>0x6c</size>
         <input_file_ref idref="fl-2"/>
      </object_component>
      <object_component id="oc-39">
         <name>.debug_line</name>
         <load_address>0x1cb</load_address>
         <run_address>0x1cb</run_address>
         <size>0x20</size>
         <input_file_ref idref="fl-2"/>
      </object_component>
      <object_component id="oc-b0">
         <name>.debug_line</name>
         <load_address>0x1eb</load_address>
         <run_address>0x1eb</run_address>
         <size>0x70</size>
         <input_file_ref idref="fl-2"/>
      </object_component>
      <object_component id="oc-78">
         <name>.debug_line</name>
         <load_address>0x25b</load_address>
         <run_address>0x25b</run_address>
         <size>0x6d</size>
         <input_file_ref idref="fl-2"/>
      </object_component>
      <object_component id="oc-6f">
         <name>.debug_line</name>
         <load_address>0x2c8</load_address>
         <run_address>0x2c8</run_address>
         <size>0x41</size>
         <input_file_ref idref="fl-3"/>
      </object_component>
      <object_component id="oc-2e">
         <name>.debug_line</name>
         <load_address>0x309</load_address>
         <run_address>0x309</run_address>
         <size>0x41</size>
         <input_file_ref idref="fl-3"/>
      </object_component>
      <object_component id="oc-2c">
         <name>.debug_line</name>
         <load_address>0x34a</load_address>
         <run_address>0x34a</run_address>
         <size>0xa1</size>
         <input_file_ref idref="fl-3"/>
      </object_component>
      <object_component id="oc-c1">
         <name>.debug_line</name>
         <load_address>0x3eb</load_address>
         <run_address>0x3eb</run_address>
         <size>0x92</size>
         <input_file_ref idref="fl-be"/>
      </object_component>
      <object_component id="oc-4a">
         <name>.debug_line</name>
         <load_address>0x47d</load_address>
         <run_address>0x47d</run_address>
         <size>0x56</size>
         <input_file_ref idref="fl-be"/>
      </object_component>
      <object_component id="oc-8c">
         <name>.debug_line</name>
         <load_address>0x4d3</load_address>
         <run_address>0x4d3</run_address>
         <size>0x34</size>
         <input_file_ref idref="fl-be"/>
      </object_component>
      <object_component id="oc-be">
         <name>.debug_line</name>
         <load_address>0x507</load_address>
         <run_address>0x507</run_address>
         <size>0x92</size>
         <input_file_ref idref="fl-be"/>
      </object_component>
      <object_component id="oc-87">
         <name>.debug_line</name>
         <load_address>0x599</load_address>
         <run_address>0x599</run_address>
         <size>0x20</size>
         <input_file_ref idref="fl-bf"/>
      </object_component>
      <object_component id="oc-1d">
         <name>.debug_line</name>
         <load_address>0x5b9</load_address>
         <run_address>0x5b9</run_address>
         <size>0x55</size>
         <input_file_ref idref="fl-bf"/>
      </object_component>
      <object_component id="oc-44">
         <name>.debug_line</name>
         <load_address>0x60e</load_address>
         <run_address>0x60e</run_address>
         <size>0x3a</size>
         <input_file_ref idref="fl-bf"/>
      </object_component>
      <object_component id="oc-84">
         <name>.debug_line</name>
         <load_address>0x648</load_address>
         <run_address>0x648</run_address>
         <size>0x92</size>
         <input_file_ref idref="fl-bf"/>
      </object_component>
      <object_component id="oc-ba">
         <name>.debug_line</name>
         <load_address>0x6da</load_address>
         <run_address>0x6da</run_address>
         <size>0x20</size>
         <input_file_ref idref="fl-c0"/>
      </object_component>
      <object_component id="oc-17">
         <name>.debug_line</name>
         <load_address>0x6fa</load_address>
         <run_address>0x6fa</run_address>
         <size>0xa9</size>
         <input_file_ref idref="fl-c0"/>
      </object_component>
      <object_component id="oc-34">
         <name>.debug_line</name>
         <load_address>0x7a3</load_address>
         <run_address>0x7a3</run_address>
         <size>0x3a</size>
         <input_file_ref idref="fl-c0"/>
      </object_component>
      <object_component id="oc-b7">
         <name>.debug_line</name>
         <load_address>0x7dd</load_address>
         <run_address>0x7dd</run_address>
         <size>0x9a</size>
         <input_file_ref idref="fl-c0"/>
      </object_component>
      <object_component id="oc-7d">
         <name>.debug_line</name>
         <load_address>0x877</load_address>
         <run_address>0x877</run_address>
         <size>0x96</size>
         <input_file_ref idref="fl-c0"/>
      </object_component>
      <object_component id="oc-6c">
         <name>.debug_line</name>
         <load_address>0x90d</load_address>
         <run_address>0x90d</run_address>
         <size>0x33</size>
         <input_file_ref idref="fl-c1"/>
      </object_component>
      <object_component id="oc-5e">
         <name>.debug_line</name>
         <load_address>0x940</load_address>
         <run_address>0x940</run_address>
         <size>0x45</size>
         <input_file_ref idref="fl-c1"/>
      </object_component>
      <object_component id="oc-3f">
         <name>.debug_line</name>
         <load_address>0x985</load_address>
         <run_address>0x985</run_address>
         <size>0x88</size>
         <input_file_ref idref="fl-c3"/>
      </object_component>
      <object_component id="oc-1d2">
         <name>.debug_line</name>
         <load_address>0xa0d</load_address>
         <run_address>0xa0d</run_address>
         <size>0xbf</size>
         <input_file_ref idref="fl-c4"/>
      </object_component>
      <object_component id="oc-121">
         <name>.debug_line</name>
         <load_address>0xacc</load_address>
         <run_address>0xacc</run_address>
         <size>0x6f</size>
         <input_file_ref idref="fl-c4"/>
      </object_component>
      <object_component id="oc-1d6">
         <name>.debug_line</name>
         <load_address>0xb3b</load_address>
         <run_address>0xb3b</run_address>
         <size>0x2e</size>
         <input_file_ref idref="fl-c4"/>
      </object_component>
      <object_component id="oc-1ec">
         <name>.debug_line</name>
         <load_address>0xb69</load_address>
         <run_address>0xb69</run_address>
         <size>0x9a</size>
         <input_file_ref idref="fl-c4"/>
      </object_component>
      <object_component id="oc-1db">
         <name>.debug_line</name>
         <load_address>0xc03</load_address>
         <run_address>0xc03</run_address>
         <size>0x97</size>
         <input_file_ref idref="fl-c4"/>
      </object_component>
      <object_component id="oc-1e0">
         <name>.debug_line</name>
         <load_address>0xc9a</load_address>
         <run_address>0xc9a</run_address>
         <size>0x93</size>
         <input_file_ref idref="fl-c4"/>
      </object_component>
      <object_component id="oc-98">
         <name>.debug_line</name>
         <load_address>0xd2d</load_address>
         <run_address>0xd2d</run_address>
         <size>0x40</size>
         <input_file_ref idref="fl-c5"/>
      </object_component>
      <object_component id="oc-112">
         <name>.debug_line</name>
         <load_address>0xd6d</load_address>
         <run_address>0xd6d</run_address>
         <size>0x3c</size>
         <input_file_ref idref="fl-c7"/>
      </object_component>
      <object_component id="oc-1ad">
         <name>.debug_line</name>
         <load_address>0xda9</load_address>
         <run_address>0xda9</run_address>
         <size>0x82</size>
         <input_file_ref idref="fl-ca"/>
      </object_component>
      <object_component id="oc-ed">
         <name>.debug_line</name>
         <load_address>0xe2b</load_address>
         <run_address>0xe2b</run_address>
         <size>0xa7</size>
         <input_file_ref idref="fl-ca"/>
      </object_component>
      <object_component id="oc-f0">
         <name>.debug_line</name>
         <load_address>0xed2</load_address>
         <run_address>0xed2</run_address>
         <size>0x91</size>
         <input_file_ref idref="fl-ca"/>
      </object_component>
      <object_component id="oc-cb">
         <name>.debug_line</name>
         <load_address>0xf63</load_address>
         <run_address>0xf63</run_address>
         <size>0x9c</size>
         <input_file_ref idref="fl-ca"/>
      </object_component>
      <object_component id="oc-e4">
         <name>.debug_line</name>
         <load_address>0xfff</load_address>
         <run_address>0xfff</run_address>
         <size>0xa4</size>
         <input_file_ref idref="fl-ca"/>
      </object_component>
      <object_component id="oc-c6">
         <name>.debug_line</name>
         <load_address>0x10a3</load_address>
         <run_address>0x10a3</run_address>
         <size>0x91</size>
         <input_file_ref idref="fl-ca"/>
      </object_component>
      <object_component id="oc-175">
         <name>.debug_line</name>
         <load_address>0x1134</load_address>
         <run_address>0x1134</run_address>
         <size>0xa2</size>
         <input_file_ref idref="fl-ca"/>
      </object_component>
      <object_component id="oc-108">
         <name>.debug_line</name>
         <load_address>0x11d6</load_address>
         <run_address>0x11d6</run_address>
         <size>0x98</size>
         <input_file_ref idref="fl-ca"/>
      </object_component>
      <object_component id="oc-fb">
         <name>.debug_line</name>
         <load_address>0x126e</load_address>
         <run_address>0x126e</run_address>
         <size>0x92</size>
         <input_file_ref idref="fl-ca"/>
      </object_component>
      <object_component id="oc-d1">
         <name>.debug_line</name>
         <load_address>0x1300</load_address>
         <run_address>0x1300</run_address>
         <size>0x91</size>
         <input_file_ref idref="fl-ca"/>
      </object_component>
      <object_component id="oc-1b1">
         <name>.debug_line</name>
         <load_address>0x1391</load_address>
         <run_address>0x1391</run_address>
         <size>0x71</size>
         <input_file_ref idref="fl-ca"/>
      </object_component>
      <object_component id="oc-171">
         <name>.debug_line</name>
         <load_address>0x1402</load_address>
         <run_address>0x1402</run_address>
         <size>0x20</size>
         <input_file_ref idref="fl-ca"/>
      </object_component>
      <object_component id="oc-1aa">
         <name>.debug_line</name>
         <load_address>0x1422</load_address>
         <run_address>0x1422</run_address>
         <size>0x75</size>
         <input_file_ref idref="fl-ca"/>
      </object_component>
      <object_component id="oc-183">
         <name>.debug_line</name>
         <load_address>0x1497</load_address>
         <run_address>0x1497</run_address>
         <size>0x71</size>
         <input_file_ref idref="fl-ca"/>
      </object_component>
      <object_component id="oc-155">
         <name>.debug_line</name>
         <load_address>0x1508</load_address>
         <run_address>0x1508</run_address>
         <size>0x72</size>
         <input_file_ref idref="fl-ca"/>
      </object_component>
      <object_component id="oc-1bc">
         <name>.debug_line</name>
         <load_address>0x157a</load_address>
         <run_address>0x157a</run_address>
         <size>0x7c</size>
         <input_file_ref idref="fl-cb"/>
      </object_component>
      <object_component id="oc-1ba">
         <name>.debug_line</name>
         <load_address>0x15f6</load_address>
         <run_address>0x15f6</run_address>
         <size>0x82</size>
         <input_file_ref idref="fl-cb"/>
      </object_component>
      <object_component id="oc-1e5">
         <name>.debug_line</name>
         <load_address>0x1678</load_address>
         <run_address>0x1678</run_address>
         <size>0x82</size>
         <input_file_ref idref="fl-cb"/>
      </object_component>
      <object_component id="oc-17d">
         <name>.debug_line</name>
         <load_address>0x16fa</load_address>
         <run_address>0x16fa</run_address>
         <size>0xaf</size>
         <input_file_ref idref="fl-cb"/>
      </object_component>
      <object_component id="oc-104">
         <name>.debug_line</name>
         <load_address>0x17a9</load_address>
         <run_address>0x17a9</run_address>
         <size>0x97</size>
         <input_file_ref idref="fl-cb"/>
      </object_component>
      <object_component id="oc-f8">
         <name>.debug_line</name>
         <load_address>0x1840</load_address>
         <run_address>0x1840</run_address>
         <size>0xc2</size>
         <input_file_ref idref="fl-cb"/>
      </object_component>
      <object_component id="oc-1b4">
         <name>.debug_line</name>
         <load_address>0x1902</load_address>
         <run_address>0x1902</run_address>
         <size>0x13d</size>
         <input_file_ref idref="fl-cc"/>
      </object_component>
      <object_component id="oc-e0">
         <name>.debug_line</name>
         <load_address>0x1a3f</load_address>
         <run_address>0x1a3f</run_address>
         <size>0x94</size>
         <input_file_ref idref="fl-cc"/>
      </object_component>
      <object_component id="oc-d7">
         <name>.debug_line</name>
         <load_address>0x1ad3</load_address>
         <run_address>0x1ad3</run_address>
         <size>0xee</size>
         <input_file_ref idref="fl-cc"/>
      </object_component>
      <object_component id="oc-1b7">
         <name>.debug_line</name>
         <load_address>0x1bc1</load_address>
         <run_address>0x1bc1</run_address>
         <size>0x7f</size>
         <input_file_ref idref="fl-cc"/>
      </object_component>
      <object_component id="oc-16b">
         <name>.debug_line</name>
         <load_address>0x1c40</load_address>
         <run_address>0x1c40</run_address>
         <size>0x91</size>
         <input_file_ref idref="fl-cd"/>
      </object_component>
      <object_component id="oc-a0">
         <name>.debug_frame</name>
         <load_address>0x0</load_address>
         <run_address>0x0</run_address>
         <size>0x8c</size>
         <input_file_ref idref="fl-2"/>
      </object_component>
      <object_component id="oc-28">
         <name>.debug_frame</name>
         <load_address>0x8c</load_address>
         <run_address>0x8c</run_address>
         <size>0x90</size>
         <input_file_ref idref="fl-3"/>
      </object_component>
      <object_component id="oc-48">
         <name>.debug_frame</name>
         <load_address>0x11c</load_address>
         <run_address>0x11c</run_address>
         <size>0x54</size>
         <input_file_ref idref="fl-be"/>
      </object_component>
      <object_component id="oc-1c">
         <name>.debug_frame</name>
         <load_address>0x170</load_address>
         <run_address>0x170</run_address>
         <size>0x54</size>
         <input_file_ref idref="fl-bf"/>
      </object_component>
      <object_component id="oc-18">
         <name>.debug_frame</name>
         <load_address>0x1c4</load_address>
         <run_address>0x1c4</run_address>
         <size>0x60</size>
         <input_file_ref idref="fl-c0"/>
      </object_component>
      <object_component id="oc-5d">
         <name>.debug_frame</name>
         <load_address>0x224</load_address>
         <run_address>0x224</run_address>
         <size>0x50</size>
         <input_file_ref idref="fl-c1"/>
      </object_component>
      <object_component id="oc-122">
         <name>.debug_frame</name>
         <load_address>0x274</load_address>
         <run_address>0x274</run_address>
         <size>0x5c</size>
         <input_file_ref idref="fl-c4"/>
      </object_component>
      <object_component id="oc-97">
         <name>.debug_frame</name>
         <load_address>0x2d0</load_address>
         <run_address>0x2d0</run_address>
         <size>0x54</size>
         <input_file_ref idref="fl-c5"/>
      </object_component>
      <object_component id="oc-116">
         <name>.debug_frame</name>
         <load_address>0x324</load_address>
         <run_address>0x324</run_address>
         <size>0x54</size>
         <input_file_ref idref="fl-c7"/>
      </object_component>
      <object_component id="oc-e9">
         <name>.debug_frame</name>
         <load_address>0x378</load_address>
         <run_address>0x378</run_address>
         <size>0x5c</size>
         <input_file_ref idref="fl-ca"/>
      </object_component>
      <object_component id="oc-ef">
         <name>.debug_frame</name>
         <load_address>0x3d4</load_address>
         <run_address>0x3d4</run_address>
         <size>0x54</size>
         <input_file_ref idref="fl-ca"/>
      </object_component>
      <object_component id="oc-cc">
         <name>.debug_frame</name>
         <load_address>0x428</load_address>
         <run_address>0x428</run_address>
         <size>0x54</size>
         <input_file_ref idref="fl-ca"/>
      </object_component>
      <object_component id="oc-e3">
         <name>.debug_frame</name>
         <load_address>0x47c</load_address>
         <run_address>0x47c</run_address>
         <size>0x60</size>
         <input_file_ref idref="fl-ca"/>
      </object_component>
      <object_component id="oc-c5">
         <name>.debug_frame</name>
         <load_address>0x4dc</load_address>
         <run_address>0x4dc</run_address>
         <size>0x58</size>
         <input_file_ref idref="fl-ca"/>
      </object_component>
      <object_component id="oc-174">
         <name>.debug_frame</name>
         <load_address>0x534</load_address>
         <run_address>0x534</run_address>
         <size>0x64</size>
         <input_file_ref idref="fl-ca"/>
      </object_component>
      <object_component id="oc-107">
         <name>.debug_frame</name>
         <load_address>0x598</load_address>
         <run_address>0x598</run_address>
         <size>0x5c</size>
         <input_file_ref idref="fl-ca"/>
      </object_component>
      <object_component id="oc-fc">
         <name>.debug_frame</name>
         <load_address>0x5f4</load_address>
         <run_address>0x5f4</run_address>
         <size>0x54</size>
         <input_file_ref idref="fl-ca"/>
      </object_component>
      <object_component id="oc-d5">
         <name>.debug_frame</name>
         <load_address>0x648</load_address>
         <run_address>0x648</run_address>
         <size>0x54</size>
         <input_file_ref idref="fl-ca"/>
      </object_component>
      <object_component id="oc-17e">
         <name>.debug_frame</name>
         <load_address>0x69c</load_address>
         <run_address>0x69c</run_address>
         <size>0x60</size>
         <input_file_ref idref="fl-cb"/>
      </object_component>
      <object_component id="oc-105">
         <name>.debug_frame</name>
         <load_address>0x6fc</load_address>
         <run_address>0x6fc</run_address>
         <size>0x58</size>
         <input_file_ref idref="fl-cb"/>
      </object_component>
      <object_component id="oc-f9">
         <name>.debug_frame</name>
         <load_address>0x754</load_address>
         <run_address>0x754</run_address>
         <size>0x54</size>
         <input_file_ref idref="fl-cb"/>
      </object_component>
      <object_component id="oc-e1">
         <name>.debug_frame</name>
         <load_address>0x7a8</load_address>
         <run_address>0x7a8</run_address>
         <size>0x54</size>
         <input_file_ref idref="fl-cc"/>
      </object_component>
      <object_component id="oc-db">
         <name>.debug_frame</name>
         <load_address>0x7fc</load_address>
         <run_address>0x7fc</run_address>
         <size>0x68</size>
         <input_file_ref idref="fl-cc"/>
      </object_component>
      <object_component id="oc-16c">
         <name>.debug_frame</name>
         <load_address>0x864</load_address>
         <run_address>0x864</run_address>
         <size>0x54</size>
         <input_file_ref idref="fl-cd"/>
      </object_component>
      <object_component id="oc-14f">
         <name>.debug_abbrev</name>
         <load_address>0x0</load_address>
         <run_address>0x0</run_address>
         <size>0xd0</size>
         <input_file_ref idref="fl-2"/>
      </object_component>
      <object_component id="oc-185">
         <name>.debug_abbrev</name>
         <load_address>0xd0</load_address>
         <run_address>0xd0</run_address>
         <size>0x29</size>
         <input_file_ref idref="fl-2"/>
      </object_component>
      <object_component id="oc-110">
         <name>.debug_abbrev</name>
         <load_address>0xf9</load_address>
         <run_address>0xf9</run_address>
         <size>0x8d</size>
         <input_file_ref idref="fl-2"/>
      </object_component>
      <object_component id="oc-72">
         <name>.debug_abbrev</name>
         <load_address>0x186</load_address>
         <run_address>0x186</run_address>
         <size>0x69</size>
         <input_file_ref idref="fl-2"/>
      </object_component>
      <object_component id="oc-38">
         <name>.debug_abbrev</name>
         <load_address>0x1ef</load_address>
         <run_address>0x1ef</run_address>
         <size>0x1f</size>
         <input_file_ref idref="fl-2"/>
      </object_component>
      <object_component id="oc-af">
         <name>.debug_abbrev</name>
         <load_address>0x20e</load_address>
         <run_address>0x20e</run_address>
         <size>0x5c</size>
         <input_file_ref idref="fl-2"/>
      </object_component>
      <object_component id="oc-77">
         <name>.debug_abbrev</name>
         <load_address>0x26a</load_address>
         <run_address>0x26a</run_address>
         <size>0x24</size>
         <input_file_ref idref="fl-2"/>
      </object_component>
      <object_component id="oc-6e">
         <name>.debug_abbrev</name>
         <load_address>0x28e</load_address>
         <run_address>0x28e</run_address>
         <size>0x68</size>
         <input_file_ref idref="fl-3"/>
      </object_component>
      <object_component id="oc-2d">
         <name>.debug_abbrev</name>
         <load_address>0x2f6</load_address>
         <run_address>0x2f6</run_address>
         <size>0x29</size>
         <input_file_ref idref="fl-3"/>
      </object_component>
      <object_component id="oc-6d">
         <name>.debug_abbrev</name>
         <load_address>0x31f</load_address>
         <run_address>0x31f</run_address>
         <size>0x79</size>
         <input_file_ref idref="fl-3"/>
      </object_component>
      <object_component id="oc-c0">
         <name>.debug_abbrev</name>
         <load_address>0x398</load_address>
         <run_address>0x398</run_address>
         <size>0x5d</size>
         <input_file_ref idref="fl-be"/>
      </object_component>
      <object_component id="oc-88">
         <name>.debug_abbrev</name>
         <load_address>0x3f5</load_address>
         <run_address>0x3f5</run_address>
         <size>0x6f</size>
         <input_file_ref idref="fl-be"/>
      </object_component>
      <object_component id="oc-8b">
         <name>.debug_abbrev</name>
         <load_address>0x464</load_address>
         <run_address>0x464</run_address>
         <size>0x24</size>
         <input_file_ref idref="fl-be"/>
      </object_component>
      <object_component id="oc-bd">
         <name>.debug_abbrev</name>
         <load_address>0x488</load_address>
         <run_address>0x488</run_address>
         <size>0x24</size>
         <input_file_ref idref="fl-be"/>
      </object_component>
      <object_component id="oc-86">
         <name>.debug_abbrev</name>
         <load_address>0x4ac</load_address>
         <run_address>0x4ac</run_address>
         <size>0x37</size>
         <input_file_ref idref="fl-bf"/>
      </object_component>
      <object_component id="oc-40">
         <name>.debug_abbrev</name>
         <load_address>0x4e3</load_address>
         <run_address>0x4e3</run_address>
         <size>0x74</size>
         <input_file_ref idref="fl-bf"/>
      </object_component>
      <object_component id="oc-43">
         <name>.debug_abbrev</name>
         <load_address>0x557</load_address>
         <run_address>0x557</run_address>
         <size>0x24</size>
         <input_file_ref idref="fl-bf"/>
      </object_component>
      <object_component id="oc-83">
         <name>.debug_abbrev</name>
         <load_address>0x57b</load_address>
         <run_address>0x57b</run_address>
         <size>0x24</size>
         <input_file_ref idref="fl-bf"/>
      </object_component>
      <object_component id="oc-b9">
         <name>.debug_abbrev</name>
         <load_address>0x59f</load_address>
         <run_address>0x59f</run_address>
         <size>0x37</size>
         <input_file_ref idref="fl-c0"/>
      </object_component>
      <object_component id="oc-30">
         <name>.debug_abbrev</name>
         <load_address>0x5d6</load_address>
         <run_address>0x5d6</run_address>
         <size>0x6f</size>
         <input_file_ref idref="fl-c0"/>
      </object_component>
      <object_component id="oc-33">
         <name>.debug_abbrev</name>
         <load_address>0x645</load_address>
         <run_address>0x645</run_address>
         <size>0x24</size>
         <input_file_ref idref="fl-c0"/>
      </object_component>
      <object_component id="oc-b6">
         <name>.debug_abbrev</name>
         <load_address>0x669</load_address>
         <run_address>0x669</run_address>
         <size>0x35</size>
         <input_file_ref idref="fl-c0"/>
      </object_component>
      <object_component id="oc-7c">
         <name>.debug_abbrev</name>
         <load_address>0x69e</load_address>
         <run_address>0x69e</run_address>
         <size>0x24</size>
         <input_file_ref idref="fl-c0"/>
      </object_component>
      <object_component id="oc-6b">
         <name>.debug_abbrev</name>
         <load_address>0x6c2</load_address>
         <run_address>0x6c2</run_address>
         <size>0x29</size>
         <input_file_ref idref="fl-c1"/>
      </object_component>
      <object_component id="oc-a4">
         <name>.debug_abbrev</name>
         <load_address>0x6eb</load_address>
         <run_address>0x6eb</run_address>
         <size>0x55</size>
         <input_file_ref idref="fl-c1"/>
      </object_component>
      <object_component id="oc-80">
         <name>.debug_abbrev</name>
         <load_address>0x740</load_address>
         <run_address>0x740</run_address>
         <size>0x3e</size>
         <input_file_ref idref="fl-c3"/>
      </object_component>
      <object_component id="oc-1d1">
         <name>.debug_abbrev</name>
         <load_address>0x77e</load_address>
         <run_address>0x77e</run_address>
         <size>0xc0</size>
         <input_file_ref idref="fl-c4"/>
      </object_component>
      <object_component id="oc-191">
         <name>.debug_abbrev</name>
         <load_address>0x83e</load_address>
         <run_address>0x83e</run_address>
         <size>0x7e</size>
         <input_file_ref idref="fl-c4"/>
      </object_component>
      <object_component id="oc-1d5">
         <name>.debug_abbrev</name>
         <load_address>0x8bc</load_address>
         <run_address>0x8bc</run_address>
         <size>0x24</size>
         <input_file_ref idref="fl-c4"/>
      </object_component>
      <object_component id="oc-1eb">
         <name>.debug_abbrev</name>
         <load_address>0x8e0</load_address>
         <run_address>0x8e0</run_address>
         <size>0x24</size>
         <input_file_ref idref="fl-c4"/>
      </object_component>
      <object_component id="oc-1da">
         <name>.debug_abbrev</name>
         <load_address>0x904</load_address>
         <run_address>0x904</run_address>
         <size>0x24</size>
         <input_file_ref idref="fl-c4"/>
      </object_component>
      <object_component id="oc-1df">
         <name>.debug_abbrev</name>
         <load_address>0x928</load_address>
         <run_address>0x928</run_address>
         <size>0x4b</size>
         <input_file_ref idref="fl-c4"/>
      </object_component>
      <object_component id="oc-c3">
         <name>.debug_abbrev</name>
         <load_address>0x973</load_address>
         <run_address>0x973</run_address>
         <size>0x55</size>
         <input_file_ref idref="fl-c5"/>
      </object_component>
      <object_component id="oc-187">
         <name>.debug_abbrev</name>
         <load_address>0x9c8</load_address>
         <run_address>0x9c8</run_address>
         <size>0x45</size>
         <input_file_ref idref="fl-c7"/>
      </object_component>
      <object_component id="oc-1ac">
         <name>.debug_abbrev</name>
         <load_address>0xa0d</load_address>
         <run_address>0xa0d</run_address>
         <size>0x7d</size>
         <input_file_ref idref="fl-ca"/>
      </object_component>
      <object_component id="oc-15f">
         <name>.debug_abbrev</name>
         <load_address>0xa8a</load_address>
         <run_address>0xa8a</run_address>
         <size>0x6c</size>
         <input_file_ref idref="fl-ca"/>
      </object_component>
      <object_component id="oc-160">
         <name>.debug_abbrev</name>
         <load_address>0xaf6</load_address>
         <run_address>0xaf6</run_address>
         <size>0x6c</size>
         <input_file_ref idref="fl-ca"/>
      </object_component>
      <object_component id="oc-158">
         <name>.debug_abbrev</name>
         <load_address>0xb62</load_address>
         <run_address>0xb62</run_address>
         <size>0x6e</size>
         <input_file_ref idref="fl-ca"/>
      </object_component>
      <object_component id="oc-15e">
         <name>.debug_abbrev</name>
         <load_address>0xbd0</load_address>
         <run_address>0xbd0</run_address>
         <size>0x6c</size>
         <input_file_ref idref="fl-ca"/>
      </object_component>
      <object_component id="oc-151">
         <name>.debug_abbrev</name>
         <load_address>0xc3c</load_address>
         <run_address>0xc3c</run_address>
         <size>0x6c</size>
         <input_file_ref idref="fl-ca"/>
      </object_component>
      <object_component id="oc-1be">
         <name>.debug_abbrev</name>
         <load_address>0xca8</load_address>
         <run_address>0xca8</run_address>
         <size>0x6c</size>
         <input_file_ref idref="fl-ca"/>
      </object_component>
      <object_component id="oc-17f">
         <name>.debug_abbrev</name>
         <load_address>0xd14</load_address>
         <run_address>0xd14</run_address>
         <size>0x7a</size>
         <input_file_ref idref="fl-ca"/>
      </object_component>
      <object_component id="oc-166">
         <name>.debug_abbrev</name>
         <load_address>0xd8e</load_address>
         <run_address>0xd8e</run_address>
         <size>0x6c</size>
         <input_file_ref idref="fl-ca"/>
      </object_component>
      <object_component id="oc-159">
         <name>.debug_abbrev</name>
         <load_address>0xdfa</load_address>
         <run_address>0xdfa</run_address>
         <size>0x6c</size>
         <input_file_ref idref="fl-ca"/>
      </object_component>
      <object_component id="oc-1b0">
         <name>.debug_abbrev</name>
         <load_address>0xe66</load_address>
         <run_address>0xe66</run_address>
         <size>0x69</size>
         <input_file_ref idref="fl-ca"/>
      </object_component>
      <object_component id="oc-170">
         <name>.debug_abbrev</name>
         <load_address>0xecf</load_address>
         <run_address>0xecf</run_address>
         <size>0x1f</size>
         <input_file_ref idref="fl-ca"/>
      </object_component>
      <object_component id="oc-1a9">
         <name>.debug_abbrev</name>
         <load_address>0xeee</load_address>
         <run_address>0xeee</run_address>
         <size>0x5c</size>
         <input_file_ref idref="fl-ca"/>
      </object_component>
      <object_component id="oc-182">
         <name>.debug_abbrev</name>
         <load_address>0xf4a</load_address>
         <run_address>0xf4a</run_address>
         <size>0x24</size>
         <input_file_ref idref="fl-ca"/>
      </object_component>
      <object_component id="oc-154">
         <name>.debug_abbrev</name>
         <load_address>0xf6e</load_address>
         <run_address>0xf6e</run_address>
         <size>0x24</size>
         <input_file_ref idref="fl-ca"/>
      </object_component>
      <object_component id="oc-1bb">
         <name>.debug_abbrev</name>
         <load_address>0xf92</load_address>
         <run_address>0xf92</run_address>
         <size>0x99</size>
         <input_file_ref idref="fl-cb"/>
      </object_component>
      <object_component id="oc-1b9">
         <name>.debug_abbrev</name>
         <load_address>0x102b</load_address>
         <run_address>0x102b</run_address>
         <size>0x27</size>
         <input_file_ref idref="fl-cb"/>
      </object_component>
      <object_component id="oc-1e4">
         <name>.debug_abbrev</name>
         <load_address>0x1052</load_address>
         <run_address>0x1052</run_address>
         <size>0x29</size>
         <input_file_ref idref="fl-cb"/>
      </object_component>
      <object_component id="oc-1c2">
         <name>.debug_abbrev</name>
         <load_address>0x107b</load_address>
         <run_address>0x107b</run_address>
         <size>0x6c</size>
         <input_file_ref idref="fl-cb"/>
      </object_component>
      <object_component id="oc-16d">
         <name>.debug_abbrev</name>
         <load_address>0x10e7</load_address>
         <run_address>0x10e7</run_address>
         <size>0x60</size>
         <input_file_ref idref="fl-cb"/>
      </object_component>
      <object_component id="oc-164">
         <name>.debug_abbrev</name>
         <load_address>0x1147</load_address>
         <run_address>0x1147</run_address>
         <size>0x6c</size>
         <input_file_ref idref="fl-cb"/>
      </object_component>
      <object_component id="oc-1b3">
         <name>.debug_abbrev</name>
         <load_address>0x11b3</load_address>
         <run_address>0x11b3</run_address>
         <size>0xbb</size>
         <input_file_ref idref="fl-cc"/>
      </object_component>
      <object_component id="oc-15d">
         <name>.debug_abbrev</name>
         <load_address>0x126e</load_address>
         <run_address>0x126e</run_address>
         <size>0x6c</size>
         <input_file_ref idref="fl-cc"/>
      </object_component>
      <object_component id="oc-15b">
         <name>.debug_abbrev</name>
         <load_address>0x12da</load_address>
         <run_address>0x12da</run_address>
         <size>0x7a</size>
         <input_file_ref idref="fl-cc"/>
      </object_component>
      <object_component id="oc-1b6">
         <name>.debug_abbrev</name>
         <load_address>0x1354</load_address>
         <run_address>0x1354</run_address>
         <size>0x38</size>
         <input_file_ref idref="fl-cc"/>
      </object_component>
      <object_component id="oc-1bd">
         <name>.debug_abbrev</name>
         <load_address>0x138c</load_address>
         <run_address>0x138c</run_address>
         <size>0x52</size>
         <input_file_ref idref="fl-cd"/>
      </object_component>
      <object_component id="oc-226">
         <name>.debug_abbrev</name>
         <load_address>0x13de</load_address>
         <run_address>0x13de</run_address>
         <size>0xf</size>
      </object_component>
      <object_component id="oc-74">
         <name>.debug_str</name>
         <load_address>0x0</load_address>
         <run_address>0x0</run_address>
         <size>0x2a2</size>
         <input_file_ref idref="fl-2"/>
      </object_component>
      <object_component id="oc-3a">
         <name>.debug_str</name>
         <load_address>0x2a2</load_address>
         <run_address>0x2a2</run_address>
         <size>0xfd</size>
         <input_file_ref idref="fl-2"/>
      </object_component>
      <object_component id="oc-b1">
         <name>.debug_str</name>
         <load_address>0x39f</load_address>
         <run_address>0x39f</run_address>
         <size>0x338</size>
         <input_file_ref idref="fl-2"/>
      </object_component>
      <object_component id="oc-79">
         <name>.debug_str</name>
         <load_address>0x6d7</load_address>
         <run_address>0x6d7</run_address>
         <size>0x13a</size>
         <input_file_ref idref="fl-2"/>
      </object_component>
      <object_component id="oc-8d">
         <name>.debug_str</name>
         <load_address>0x811</load_address>
         <run_address>0x811</run_address>
         <size>0x105</size>
         <input_file_ref idref="fl-be"/>
      </object_component>
      <object_component id="oc-bf">
         <name>.debug_str</name>
         <load_address>0x916</load_address>
         <run_address>0x916</run_address>
         <size>0x140</size>
         <input_file_ref idref="fl-be"/>
      </object_component>
      <object_component id="oc-45">
         <name>.debug_str</name>
         <load_address>0xa56</load_address>
         <run_address>0xa56</run_address>
         <size>0x10b</size>
         <input_file_ref idref="fl-bf"/>
      </object_component>
      <object_component id="oc-85">
         <name>.debug_str</name>
         <load_address>0xb61</load_address>
         <run_address>0xb61</run_address>
         <size>0x140</size>
         <input_file_ref idref="fl-bf"/>
      </object_component>
      <object_component id="oc-35">
         <name>.debug_str</name>
         <load_address>0xca1</load_address>
         <run_address>0xca1</run_address>
         <size>0x118</size>
         <input_file_ref idref="fl-c0"/>
      </object_component>
      <object_component id="oc-b8">
         <name>.debug_str</name>
         <load_address>0xdb9</load_address>
         <run_address>0xdb9</run_address>
         <size>0x16b</size>
         <input_file_ref idref="fl-c0"/>
      </object_component>
      <object_component id="oc-7e">
         <name>.debug_str</name>
         <load_address>0xf24</load_address>
         <run_address>0xf24</run_address>
         <size>0x158</size>
         <input_file_ref idref="fl-c0"/>
      </object_component>
      <object_component id="oc-1d7">
         <name>.debug_str</name>
         <load_address>0x107c</load_address>
         <run_address>0x107c</run_address>
         <size>0xed</size>
         <input_file_ref idref="fl-c4"/>
      </object_component>
      <object_component id="oc-1ed">
         <name>.debug_str</name>
         <load_address>0x1169</load_address>
         <run_address>0x1169</run_address>
         <size>0x157</size>
         <input_file_ref idref="fl-c4"/>
      </object_component>
      <object_component id="oc-1dc">
         <name>.debug_str</name>
         <load_address>0x12c0</load_address>
         <run_address>0x12c0</run_address>
         <size>0x150</size>
         <input_file_ref idref="fl-c4"/>
      </object_component>
      <object_component id="oc-1e1">
         <name>.debug_str</name>
         <load_address>0x1410</load_address>
         <run_address>0x1410</run_address>
         <size>0x197</size>
         <input_file_ref idref="fl-c4"/>
      </object_component>
      <object_component id="oc-1b2">
         <name>.debug_str</name>
         <load_address>0x15a7</load_address>
         <run_address>0x15a7</run_address>
         <size>0x2df</size>
         <input_file_ref idref="fl-ca"/>
      </object_component>
      <object_component id="oc-172">
         <name>.debug_str</name>
         <load_address>0x1886</load_address>
         <run_address>0x1886</run_address>
         <size>0xfe</size>
         <input_file_ref idref="fl-ca"/>
      </object_component>
      <object_component id="oc-1ab">
         <name>.debug_str</name>
         <load_address>0x1984</load_address>
         <run_address>0x1984</run_address>
         <size>0x36e</size>
         <input_file_ref idref="fl-ca"/>
      </object_component>
      <object_component id="oc-184">
         <name>.debug_str</name>
         <load_address>0x1cf2</load_address>
         <run_address>0x1cf2</run_address>
         <size>0x1ea</size>
         <input_file_ref idref="fl-ca"/>
      </object_component>
      <object_component id="oc-156">
         <name>.debug_str</name>
         <load_address>0x1edc</load_address>
         <run_address>0x1edc</run_address>
         <size>0x177</size>
         <input_file_ref idref="fl-ca"/>
      </object_component>
      <object_component id="oc-1b8">
         <name>.debug_str</name>
         <load_address>0x2053</load_address>
         <run_address>0x2053</run_address>
         <size>0x138</size>
         <input_file_ref idref="fl-cc"/>
      </object_component>
      <object_component id="oc-9e">
         <name>.debug_aranges</name>
         <load_address>0x0</load_address>
         <run_address>0x0</run_address>
         <size>0x30</size>
         <input_file_ref idref="fl-2"/>
      </object_component>
      <object_component id="oc-2b">
         <name>.debug_aranges</name>
         <load_address>0x30</load_address>
         <run_address>0x30</run_address>
         <size>0x38</size>
         <input_file_ref idref="fl-3"/>
      </object_component>
      <object_component id="oc-49">
         <name>.debug_aranges</name>
         <load_address>0x68</load_address>
         <run_address>0x68</run_address>
         <size>0x20</size>
         <input_file_ref idref="fl-be"/>
      </object_component>
      <object_component id="oc-1e">
         <name>.debug_aranges</name>
         <load_address>0x88</load_address>
         <run_address>0x88</run_address>
         <size>0x20</size>
         <input_file_ref idref="fl-bf"/>
      </object_component>
      <object_component id="oc-16">
         <name>.debug_aranges</name>
         <load_address>0xa8</load_address>
         <run_address>0xa8</run_address>
         <size>0x20</size>
         <input_file_ref idref="fl-c0"/>
      </object_component>
      <object_component id="oc-5c">
         <name>.debug_aranges</name>
         <load_address>0xc8</load_address>
         <run_address>0xc8</run_address>
         <size>0x20</size>
         <input_file_ref idref="fl-c1"/>
      </object_component>
      <object_component id="oc-3c">
         <name>.debug_aranges</name>
         <load_address>0xe8</load_address>
         <run_address>0xe8</run_address>
         <size>0x20</size>
         <input_file_ref idref="fl-c3"/>
      </object_component>
      <object_component id="oc-11f">
         <name>.debug_aranges</name>
         <load_address>0x108</load_address>
         <run_address>0x108</run_address>
         <size>0x20</size>
         <input_file_ref idref="fl-c4"/>
      </object_component>
      <object_component id="oc-96">
         <name>.debug_aranges</name>
         <load_address>0x128</load_address>
         <run_address>0x128</run_address>
         <size>0x20</size>
         <input_file_ref idref="fl-c5"/>
      </object_component>
      <object_component id="oc-115">
         <name>.debug_aranges</name>
         <load_address>0x148</load_address>
         <run_address>0x148</run_address>
         <size>0x20</size>
         <input_file_ref idref="fl-c7"/>
      </object_component>
      <object_component id="oc-ec">
         <name>.debug_aranges</name>
         <load_address>0x168</load_address>
         <run_address>0x168</run_address>
         <size>0x20</size>
         <input_file_ref idref="fl-ca"/>
      </object_component>
      <object_component id="oc-f3">
         <name>.debug_aranges</name>
         <load_address>0x188</load_address>
         <run_address>0x188</run_address>
         <size>0x20</size>
         <input_file_ref idref="fl-ca"/>
      </object_component>
      <object_component id="oc-cf">
         <name>.debug_aranges</name>
         <load_address>0x1a8</load_address>
         <run_address>0x1a8</run_address>
         <size>0x20</size>
         <input_file_ref idref="fl-ca"/>
      </object_component>
      <object_component id="oc-e6">
         <name>.debug_aranges</name>
         <load_address>0x1c8</load_address>
         <run_address>0x1c8</run_address>
         <size>0x20</size>
         <input_file_ref idref="fl-ca"/>
      </object_component>
      <object_component id="oc-c9">
         <name>.debug_aranges</name>
         <load_address>0x1e8</load_address>
         <run_address>0x1e8</run_address>
         <size>0x20</size>
         <input_file_ref idref="fl-ca"/>
      </object_component>
      <object_component id="oc-177">
         <name>.debug_aranges</name>
         <load_address>0x208</load_address>
         <run_address>0x208</run_address>
         <size>0x20</size>
         <input_file_ref idref="fl-ca"/>
      </object_component>
      <object_component id="oc-10a">
         <name>.debug_aranges</name>
         <load_address>0x228</load_address>
         <run_address>0x228</run_address>
         <size>0x20</size>
         <input_file_ref idref="fl-ca"/>
      </object_component>
      <object_component id="oc-fe">
         <name>.debug_aranges</name>
         <load_address>0x248</load_address>
         <run_address>0x248</run_address>
         <size>0x20</size>
         <input_file_ref idref="fl-ca"/>
      </object_component>
      <object_component id="oc-d3">
         <name>.debug_aranges</name>
         <load_address>0x268</load_address>
         <run_address>0x268</run_address>
         <size>0x20</size>
         <input_file_ref idref="fl-ca"/>
      </object_component>
      <object_component id="oc-17b">
         <name>.debug_aranges</name>
         <load_address>0x288</load_address>
         <run_address>0x288</run_address>
         <size>0x20</size>
         <input_file_ref idref="fl-cb"/>
      </object_component>
      <object_component id="oc-103">
         <name>.debug_aranges</name>
         <load_address>0x2a8</load_address>
         <run_address>0x2a8</run_address>
         <size>0x20</size>
         <input_file_ref idref="fl-cb"/>
      </object_component>
      <object_component id="oc-f7">
         <name>.debug_aranges</name>
         <load_address>0x2c8</load_address>
         <run_address>0x2c8</run_address>
         <size>0x20</size>
         <input_file_ref idref="fl-cb"/>
      </object_component>
      <object_component id="oc-df">
         <name>.debug_aranges</name>
         <load_address>0x2e8</load_address>
         <run_address>0x2e8</run_address>
         <size>0x20</size>
         <input_file_ref idref="fl-cc"/>
      </object_component>
      <object_component id="oc-da">
         <name>.debug_aranges</name>
         <load_address>0x308</load_address>
         <run_address>0x308</run_address>
         <size>0x20</size>
         <input_file_ref idref="fl-cc"/>
      </object_component>
      <object_component id="oc-16a">
         <name>.debug_aranges</name>
         <load_address>0x328</load_address>
         <run_address>0x328</run_address>
         <size>0x20</size>
         <input_file_ref idref="fl-cd"/>
      </object_component>
      <object_component id="oc-b3">
         <name>.debug_pubnames</name>
         <load_address>0x0</load_address>
         <run_address>0x0</run_address>
         <size>0x1f</size>
         <input_file_ref idref="fl-2"/>
      </object_component>
      <object_component id="oc-10f">
         <name>.debug_pubnames</name>
         <load_address>0x1f</load_address>
         <run_address>0x1f</run_address>
         <size>0x20</size>
         <input_file_ref idref="fl-2"/>
      </object_component>
      <object_component id="oc-9d">
         <name>.debug_pubnames</name>
         <load_address>0x3f</load_address>
         <run_address>0x3f</run_address>
         <size>0x3c</size>
         <input_file_ref idref="fl-2"/>
      </object_component>
      <object_component id="oc-14">
         <name>.debug_pubnames</name>
         <load_address>0x7b</load_address>
         <run_address>0x7b</run_address>
         <size>0x23</size>
         <input_file_ref idref="fl-3"/>
      </object_component>
      <object_component id="oc-2a">
         <name>.debug_pubnames</name>
         <load_address>0x9e</load_address>
         <run_address>0x9e</run_address>
         <size>0x4c</size>
         <input_file_ref idref="fl-3"/>
      </object_component>
      <object_component id="oc-4c">
         <name>.debug_pubnames</name>
         <load_address>0xea</load_address>
         <run_address>0xea</run_address>
         <size>0x2e</size>
         <input_file_ref idref="fl-be"/>
      </object_component>
      <object_component id="oc-20">
         <name>.debug_pubnames</name>
         <load_address>0x118</load_address>
         <run_address>0x118</run_address>
         <size>0x2b</size>
         <input_file_ref idref="fl-bf"/>
      </object_component>
      <object_component id="oc-1a">
         <name>.debug_pubnames</name>
         <load_address>0x143</load_address>
         <run_address>0x143</run_address>
         <size>0x2b</size>
         <input_file_ref idref="fl-c0"/>
      </object_component>
[...]
            <object_component_ref idref="oc-154"/>
            <object_component_ref idref="oc-1bb"/>
            <object_component_ref idref="oc-1b9"/>
            <object_component_ref idref="oc-1e4"/>
            <object_component_ref idref="oc-1c2"/>
            <object_component_ref idref="oc-16d"/>
            <object_component_ref idref="oc-164"/>
            <object_component_ref idref="oc-1b3"/>
            <object_component_ref idref="oc-15d"/>
            <object_component_ref idref="oc-15b"/>
            <object_component_ref idref="oc-1b6"/>
            <object_component_ref idref="oc-1bd"/>
            <object_component_ref idref="oc-226"/>
         </contents>
      </logical_group>
      <logical_group id="lg-20e" display="never" color="cyan">
         <name>.debug_str</name>
         <load_address>0x0</load_address>
         <run_address>0x0</run_address>
         <size>0x218b</size>
         <contents>
            <object_component_ref idref="oc-74"/>
            <object_component_ref idref="oc-3a"/>
            <object_component_ref idref="oc-b1"/>
            <object_component_ref idref="oc-79"/>
            <object_component_ref idref="oc-8d"/>
            <object_component_ref idref="oc-bf"/>
            <object_component_ref idref="oc-45"/>
            <object_component_ref idref="oc-85"/>
            <object_component_ref idref="oc-35"/>
            <object_component_ref idref="oc-b8"/>
            <object_component_ref idref="oc-7e"/>
            <object_component_ref idref="oc-1d7"/>
            <object_component_ref idref="oc-1ed"/>
            <object_component_ref idref="oc-1dc"/>
            <object_component_ref idref="oc-1e1"/>
            <object_component_ref idref="oc-1b2"/>
            <object_component_ref idref="oc-172"/>
            <object_component_ref idref="oc-1ab"/>
            <object_component_ref idref="oc-184"/>
            <object_component_ref idref="oc-156"/>
            <object_component_ref idref="oc-1b8"/>
         </contents>
      </logical_group>
      <logical_group id="lg-210" display="never" color="cyan">
         <name>.debug_aranges</name>
         <load_address>0x0</load_address>
         <run_address>0x0</run_address>
         <size>0x348</size>
         <contents>
            <object_component_ref idref="oc-9e"/>
            <object_component_ref idref="oc-2b"/>
            <object_component_ref idref="oc-49"/>
            <object_component_ref idref="oc-1e"/>
            <object_component_ref idref="oc-16"/>
            <object_component_ref idref="oc-5c"/>
            <object_component_ref idref="oc-3c"/>
            <object_component_ref idref="oc-11f"/>
            <object_component_ref idref="oc-96"/>
            <object_component_ref idref="oc-115"/>
            <object_component_ref idref="oc-ec"/>
            <object_component_ref idref="oc-f3"/>
            <object_component_ref idref="oc-cf"/>
            <object_component_ref idref="oc-e6"/>
            <object_component_ref idref="oc-c9"/>
            <object_component_ref idref="oc-177"/>
            <object_component_ref idref="oc-10a"/>
            <object_component_ref idref="oc-fe"/>
            <object_component_ref idref="oc-d3"/>
            <object_component_ref idref="oc-17b"/>
            <object_component_ref idref="oc-103"/>
            <object_component_ref idref="oc-f7"/>
            <object_component_ref idref="oc-df"/>
            <object_component_ref idref="oc-da"/>
            <object_component_ref idref="oc-16a"/>
         </contents>
      </logical_group>
      <logical_group id="lg-212" display="never" color="cyan">
         <name>.debug_pubnames</name>
         <load_address>0x0</load_address>
         <run_address>0x0</run_address>
         <size>0x4d0</size>
         <contents>
            <object_component_ref idref="oc-b3"/>
            <object_component_ref idref="oc-10f"/>
            <object_component_ref idref="oc-9d"/>
            <object_component_ref idref="oc-14"/>
            <object_component_ref idref="oc-2a"/>
            <object_component_ref idref="oc-4c"/>
            <object_component_ref idref="oc-20"/>
            <object_component_ref idref="oc-1a"/>
            <object_component_ref idref="oc-26"/>
            <object_component_ref idref="oc-5b"/>
            <object_component_ref idref="oc-3e"/>
            <object_component_ref idref="oc-120"/>
            <object_component_ref idref="oc-9a"/>
            <object_component_ref idref="oc-114"/>
            <object_component_ref idref="oc-eb"/>
            <object_component_ref idref="oc-f2"/>
            <object_component_ref idref="oc-ce"/>
            <object_component_ref idref="oc-e7"/>
            <object_component_ref idref="oc-c8"/>
            <object_component_ref idref="oc-178"/>
            <object_component_ref idref="oc-10b"/>
            <object_component_ref idref="oc-ff"/>
            <object_component_ref idref="oc-d4"/>
            <object_component_ref idref="oc-163"/>
            <object_component_ref idref="oc-1c1"/>
            <object_component_ref idref="oc-17c"/>
            <object_component_ref idref="oc-102"/>
            <object_component_ref idref="oc-f6"/>
            <object_component_ref idref="oc-de"/>
            <object_component_ref idref="oc-d9"/>
            <object_component_ref idref="oc-169"/>
         </contents>
      </logical_group>
      <logical_group id="lg-214" display="never" color="cyan">
         <name>.debug_pubtypes</name>
         <load_address>0x0</load_address>
         <run_address>0x0</run_address>
         <size>0x11fd</size>
         <contents>
            <object_component_ref idref="oc-71"/>
            <object_component_ref idref="oc-37"/>
            <object_component_ref idref="oc-ae"/>
            <object_component_ref idref="oc-76"/>
            <object_component_ref idref="oc-8a"/>
            <object_component_ref idref="oc-bc"/>
            <object_component_ref idref="oc-42"/>
            <object_component_ref idref="oc-82"/>
            <object_component_ref idref="oc-32"/>
            <object_component_ref idref="oc-b5"/>
            <object_component_ref idref="oc-7b"/>
            <object_component_ref idref="oc-1d4"/>
            <object_component_ref idref="oc-1ea"/>
            <object_component_ref idref="oc-1d9"/>
            <object_component_ref idref="oc-1de"/>
            <object_component_ref idref="oc-1af"/>
            <object_component_ref idref="oc-16f"/>
            <object_component_ref idref="oc-1a8"/>
            <object_component_ref idref="oc-181"/>
            <object_component_ref idref="oc-153"/>
         </contents>
      </logical_group>
      <logical_group id="lg-223" display="no" color="cyan">
         <name>Veneer$$CMSE</name>
         <run_address>0x0</run_address>
         <size>0x0</size>
         <contents>
         </contents>
      </logical_group>
      <load_segment id="lg-22b" display="no" color="cyan">
         <name>SEGMENT_0</name>
         <load_address>0x0</load_address>
         <run_address>0x0</run_address>
         <size>0x910</size>
         <flags>0x5</flags>
         <contents>
            <logical_group_ref idref="lg-3"/>
            <logical_group_ref idref="lg-4"/>
            <logical_group_ref idref="lg-5"/>
            <logical_group_ref idref="lg-6"/>
         </contents>
      </load_segment>
      <load_segment id="lg-22c" display="no" color="cyan">
         <name>SEGMENT_1</name>
         <run_address>0x20000000</run_address>
         <size>0x480</size>
         <flags>0x6</flags>
         <contents>
            <logical_group_ref idref="lg-9"/>
            <logical_group_ref idref="lg-a"/>
            <logical_group_ref idref="lg-d"/>
            <logical_group_ref idref="lg-b"/>
         </contents>
      </load_segment>
   </logical_group_list>
   <placement_map>
      <memory_area display="yes" color="green">
         <name>FLASH</name>
         <page_id>0x0</page_id>
         <origin>0x0</origin>
         <length>0x40000</length>
         <used_space>0x90e</used_space>
         <unused_space>0x3f6f2</unused_space>
         <attributes>RX</attributes>
         <usage_details>
            <allocated_space>
               <start_address>0x0</start_address>
               <size>0x26c</size>
               <logical_group_ref idref="lg-3"/>
            </allocated_space>
            <allocated_space>
               <start_address>0x26c</start_address>
               <size>0x64e</size>
               <logical_group_ref idref="lg-4"/>
            </allocated_space>
            <available_space>
               <start_address>0x8ba</start_address>
               <size>0x2</size>
            </available_space>
            <allocated_space>
               <start_address>0x8bc</start_address>
               <size>0x14</size>
               <logical_group_ref idref="lg-5"/>
            </allocated_space>
            <allocated_space>
               <start_address>0x8d0</start_address>
               <size>0x40</size>
               <logical_group_ref idref="lg-6"/>
            </allocated_space>
            <available_space>
               <start_address>0x910</start_address>
               <size>0x3f6f0</size>
            </available_space>
         </usage_details>
      </memory_area>
      <memory_area display="yes" color="green">
         <name>SRAM</name>
         <page_id>0x0</page_id>
         <origin>0x20000000</origin>
         <length>0x8000</length>
         <used_space>0x480</used_space>
         <unused_space>0x7b80</unused_space>
         <attributes>RWX</attributes>
         <usage_details>
            <allocated_space>
               <start_address>0x20000000</start_address>
               <size>0x0</size>
               <logical_group_ref idref="lg-1f7"/>
            </allocated_space>
            <allocated_space>
               <start_address>0x20000000</start_address>
               <size>0x26c</size>
               <logical_group_ref idref="lg-9"/>
            </allocated_space>
            <allocated_space>
               <start_address>0x2000026c</start_address>
               <size>0x4</size>
               <logical_group_ref idref="lg-a"/>
            </allocated_space>
            <allocated_space>
               <start_address>0x20000270</start_address>
               <size>0x200</size>
               <logical_group_ref idref="lg-d"/>
            </allocated_space>
            <allocated_space>
               <start_address>0x20000470</start_address>
               <size>0x10</size>
               <logical_group_ref idref="lg-b"/>
            </allocated_space>
            <available_space>
               <start_address>0x20000480</start_address>
               <size>0x7b80</size>
            </available_space>
         </usage_details>
      </memory_area>
   </placement_map>
   <cptbl_list>
      <cptbl>
         <name>__TI_cinit_table</name>
         <cprec>
            <name>.bss</name>
            <load_address>0x8e0</load_address>
            <load_size>0x8</load_size>
            <run_address>0x20000470</run_address>
            <run_size>0x10</run_size>
            <compression>zero_init</compression>
         </cprec>
         <cprec>
            <name>.vtable</name>
            <load_address>0x8e8</load_address>
            <load_size>0x8</load_size>
            <run_address>0x20000000</run_address>
            <run_size>0x26c</run_size>
            <compression>zero_init</compression>
         </cprec>
         <cprec>
            <name>.data</name>
            <load_address>0x8f0</load_address>
            <load_size>0x7</load_size>
            <run_address>0x2000026c</run_address>
            <run_size>0x4</run_size>
            <compression>lzss</compression>
         </cprec>
      </cptbl>
   </cptbl_list>
   <handler_table>
      <handler_table_name>__TI_handler_table</handler_table_name>
      <handler>
         <index>0x0</index>
         <name>__TI_zero_init</name>
      </handler>
      <handler>
         <index>0x1</index>
         <name>__TI_decompress_lzss</name>
      </handler>
      <handler>
         <index>0x2</index>
         <name>__TI_decompress_none</name>
      </handler>
   </handler_table>
   <symbol_table>
      <symbol id="sm-1">
         <name>__STACK_TOP</name>
         <value>0x20000470</value>
      </symbol>
      <symbol id="sm-2">
         <name>__start___llvm_prf_cnts</name>
         <value>0x20000000</value>
      </symbol>
      <symbol id="sm-3">
         <name>__stop___llvm_prf_cnts</name>
         <value>0x20000000</value>
      </symbol>
      <symbol id="sm-4">
         <name>__TI_CINIT_Base</name>
         <value>0x8f8</value>
      </symbol>
      <symbol id="sm-5">
         <name>__TI_CINIT_Limit</name>
         <value>0x910</value>
      </symbol>
      <symbol id="sm-6">
         <name>__TI_Handler_Table_Base</name>
         <value>0x8d0</value>
      </symbol>
      <symbol id="sm-7">
         <name>__TI_Handler_Table_Limit</name>
         <value>0x8dc</value>
      </symbol>
      <symbol id="sm-8">
         <name>binit</name>
         <value>0xffffffff</value>
      </symbol>
      <symbol id="sm-9">
         <name>__binit__</name>
         <value>0xffffffff</value>
      </symbol>
      <symbol id="sm-a">
         <name>__STACK_SIZE</name>
         <value>0x200</value>
      </symbol>
      <symbol id="sm-b">
         <name>__STACK_END</name>
         <value>0x20000470</value>
      </symbol>
      <symbol id="sm-c">
         <name>__c_args__</name>
         <value>0xffffffff</value>
      </symbol>
      <symbol id="sm-d">
         <name>__TI_pprof_out_hndl</name>
         <value>0xffffffff</value>
      </symbol>
      <symbol id="sm-e">
         <name>__TI_prof_data_start</name>
         <value>0xffffffff</value>
      </symbol>
      <symbol id="sm-f">
         <name>__TI_prof_data_size</name>
         <value>0xffffffff</value>
      </symbol>
      <symbol id="sm-5f">
         <name>ADC_data</name>
         <value>0x20000470</value>
      </symbol>
      <symbol id="sm-60">
         <name>Config</name>
         <value>0x2b7</value>
         <object_component_ref idref="oc-9b"/>
      </symbol>
      <symbol id="sm-61">
         <name>main</name>
         <value>0x26d</value>
         <object_component_ref idref="oc-9b"/>
      </symbol>
      <symbol id="sm-62">
         <name>ADC0SS1IRQHandler</name>
         <value>0x27d</value>
         <object_component_ref idref="oc-9b"/>
      </symbol>
      <symbol id="sm-63">
         <name>EMG_value</name>
         <value>0x2000026c</value>
         <object_component_ref idref="oc-10d"/>
      </symbol>
      <symbol id="sm-7f">
         <name>ResetISR</name>
         <value>0x897</value>
         <object_component_ref idref="oc-27"/>
      </symbol>
      <symbol id="sm-80">
         <name>g_pfnVectors</name>
         <value>0x0</value>
         <object_component_ref idref="oc-12"/>
      </symbol>
      <symbol id="sm-99">
         <name>__TI_zero_init_nomemset</name>
         <value>0x803</value>
         <object_component_ref idref="oc-47"/>
      </symbol>
      <symbol id="sm-b0">
         <name>__TI_decompress_none</name>
         <value>0x87d</value>
         <object_component_ref idref="oc-1b"/>
      </symbol>
      <symbol id="sm-d3">
         <name>__TI_decompress_lzss</name>
         <value>0x5fd</value>
         <object_component_ref idref="oc-15"/>
      </symbol>
      <symbol id="sm-e6">
         <name>__stack</name>
         <value>0x20000270</value>
         <object_component_ref idref="oc-24"/>
      </symbol>
      <symbol id="sm-e7">
         <name>_c_int00_noargs</name>
         <value>0x7b1</value>
         <object_component_ref idref="oc-59"/>
      </symbol>
      <symbol id="sm-103">
         <name>memcpy</name>
         <value>0x47d</value>
         <object_component_ref idref="oc-3b"/>
      </symbol>
      <symbol id="sm-104">
         <name>__aeabi_memcpy</name>
         <value>0x47d</value>
         <object_component_ref idref="oc-3b"/>
      </symbol>
      <symbol id="sm-105">
         <name>__aeabi_memcpy8</name>
         <value>0x47d</value>
         <object_component_ref idref="oc-3b"/>
      </symbol>
      <symbol id="sm-106">
         <name>__aeabi_memcpy4</name>
         <value>0x47d</value>
         <object_component_ref idref="oc-3b"/>
      </symbol>
      <symbol id="sm-12e">
         <name>__TI_auto_init_nobinit_nopinit</name>
         <value>0x705</value>
         <object_component_ref idref="oc-11d"/>
      </symbol>
      <symbol id="sm-138">
         <name>_system_pre_init</name>
         <value>0x8b3</value>
         <object_component_ref idref="oc-95"/>
      </symbol>
      <symbol id="sm-144">
         <name>C$$EXIT</name>
         <value>0x8b7</value>
         <object_component_ref idref="oc-111"/>
      </symbol>
      <symbol id="sm-145">
         <name>abort</name>
         <value>0x8b7</value>
         <object_component_ref idref="oc-111"/>
      </symbol>
      <symbol id="sm-1be">
         <name>ADCProcessorTrigger</name>
         <value>0x837</value>
         <object_component_ref idref="oc-c4"/>
      </symbol>
      <symbol id="sm-1bf">
         <name>ADCSequenceEnable</name>
         <value>0x86f</value>
         <object_component_ref idref="oc-ee"/>
      </symbol>
      <symbol id="sm-1c0">
         <name>ADCSequenceConfigure</name>
         <value>0x6b5</value>
         <object_component_ref idref="oc-e2"/>
      </symbol>
      <symbol id="sm-1c1">
         <name>ADCIntEnable</name>
         <value>0x84f</value>
         <object_component_ref idref="oc-fa"/>
      </symbol>
      <symbol id="sm-1c2">
         <name>ADCSequenceStepConfigure</name>
         <value>0x519</value>
         <object_component_ref idref="oc-e8"/>
      </symbol>
      <symbol id="sm-1c3">
         <name>ADCIntClear</name>
         <value>0x8a3</value>
         <object_component_ref idref="oc-d0"/>
      </symbol>
      <symbol id="sm-1c4">
         <name>ADCIntRegister</name>
         <value>0x81f</value>
         <object_component_ref idref="oc-106"/>
      </symbol>
      <symbol id="sm-1c5">
         <name>ADCSequenceDataGet</name>
         <value>0x7e5</value>
         <object_component_ref idref="oc-ca"/>
      </symbol>
      <symbol id="sm-1ff">
         <name>IntEnable</name>
         <value>0x595</value>
         <object_component_ref idref="oc-f4"/>
      </symbol>
      <symbol id="sm-200">
         <name>IntRegister</name>
         <value>0x749</value>
         <object_component_ref idref="oc-179"/>
      </symbol>
      <symbol id="sm-201">
         <name>g_pfnRAMVectors</name>
         <value>0x20000000</value>
         <object_component_ref idref="oc-1bf"/>
      </symbol>
      <symbol id="sm-202">
         <name>IntMasterEnable</name>
         <value>0x85f</value>
         <object_component_ref idref="oc-100"/>
      </symbol>
      <symbol id="sm-22d">
         <name>SysCtlClockSet</name>
         <value>0x389</value>
         <object_component_ref idref="oc-d6"/>
      </symbol>
      <symbol id="sm-22e">
         <name>SysCtlDelay</name>
         <value>0x8ad</value>
         <object_component_ref idref="oc-15a"/>
      </symbol>
      <symbol id="sm-22f">
         <name>SysCtlPeripheralEnable</name>
         <value>0x77d</value>
         <object_component_ref idref="oc-dc"/>
      </symbol>
      <symbol id="sm-239">
         <name>CPUcpsie</name>
         <value>0x88b</value>
         <object_component_ref idref="oc-167"/>
      </symbol>
      <symbol id="sm-23a">
         <name>__TI_static_base__</name>
         <value>0x0</value>
      </symbol>
      <symbol id="sm-23d">
         <name>__mpu_init</name>
         <value>0x0</value>
      </symbol>
      <symbol id="sm-23e">
         <name>_system_post_cinit</name>
         <value>0x0</value>
      </symbol>
   </symbol_table>
   <title>Link successful</title>
</link_info>
