******************************************************************************
                  TI ARM Linker PC v20.2.1                     
******************************************************************************
>> Linked Thu Jan 14 21:40:10 2021

OUTPUT FILE NAME:   <PWM_With_Lib.out>
ENTRY POINT SYMBOL: "_c_int00_noinit_noargs"  address: 00000775


MEMORY CONFIGURATION

         name            origin    length      used     unused   attr    fill
----------------------  --------  ---------  --------  --------  ----  --------
  FLASH                 00000000   00040000  00000950  0003f6b0  R  X
  SRAM                  20000000   00008000  00000200  00007e00  RW X


SEGMENT ALLOCATION MAP

run origin  load origin   length   init length attrs members
----------  ----------- ---------- ----------- ----- -------
00000000    00000000    00000950   00000950    r-x
  00000000    00000000    0000026c   0000026c    r-- .intvecs
  0000026c    0000026c    000005e8   000005e8    r-x .text
  00000854    00000854    000000fc   000000fc    r-- .const
20000000    20000000    00000200   00000000    rw-
  20000000    20000000    00000200   00000000    rw- .stack


SECTION ALLOCATION MAP

 output                                  attributes/
section   page    origin      length       input sections
--------  ----  ----------  ----------   ----------------
.intvecs   0    00000000    0000026c     
                  00000000    0000026c     tm4c123gh6pm_startup_ccs.obj (.intvecs)

.text      0    0000026c    000005e8     
                  0000026c    0000016c     driverlib.lib : gpio.obj (.text:GPIOPadConfigSet)
                  000003d8    00000118                   : sysctl.obj (.text:SysCtlClockGet)
                  000004f0    000000f4                   : sysctl.obj (.text:SysCtlClockSet)
                  000005e4    000000ac     main.obj (.text)
                  00000690    0000004c     driverlib.lib : gpio.obj (.text:GPIOPinConfigure)
                  000006dc    00000038                   : sysctl.obj (.text:SysCtlPeripheralReady)
                  00000714    00000034                   : sysctl.obj (.text:SysCtlPeripheralEnable)
                  00000748    0000002c                   : gpio.obj (.text:GPIODirModeSet)
                  00000774    0000002c     rtsv7M4_T_le_v4SPD16_eabi.lib : boot_cortex_m.c.obj (.text:_c_int00_noinit_noargs:_c_int00_noinit_noargs)
                  000007a0    00000022     driverlib.lib : pwm.obj (.text:PWMGenConfigure)
                  000007c2    0000001e                   : pwm.obj (.text:PWMPulseWidthSet)
                  000007e0    00000016                   : gpio.obj (.text:GPIOPinTypePWM)
                  000007f6    00000002     --HOLE-- [fill = 0]
                  000007f8    00000014                   : sysctl.obj (.text:SysCtlPWMClockSet)
                  0000080c    00000012                   : pwm.obj (.text:PWMOutputState)
                  0000081e    00000010                   : pwm.obj (.text:PWMGenPeriodSet)
                  0000082e    0000000c                   : pwm.obj (.text:PWMGenEnable)
                  0000083a    0000000c     tm4c123gh6pm_startup_ccs.obj (.text)
                  00000846    00000006     driverlib.lib : sysctl.obj (.text:SysCtlDelay)
                  0000084c    00000004     rtsv7M4_T_le_v4SPD16_eabi.lib : pre_init.c.obj (.text:_system_pre_init)
                  00000850    00000004                                   : exit.c.obj (.text:abort:abort)

.const     0    00000854    000000fc     
                  00000854    00000090     driverlib.lib : gpio.obj (.const:g_pui32GPIOBaseAddrs)
                  000008e4    0000006c                   : sysctl.obj (.const:g_pui32Xtals)

.cinit     0    00000000    00000000     UNINITIALIZED

.init_array 
*          0    00000000    00000000     UNINITIALIZED

.stack     0    20000000    00000200     UNINITIALIZED
                  20000000    00000004     rtsv7M4_T_le_v4SPD16_eabi.lib : boot_cortex_m.c.obj (.stack)
                  20000004    000001fc     --HOLE--

__llvm_prf_cnts 
*          0    20000000    00000000     UNINITIALIZED

MODULE SUMMARY

       Module                         code   ro data   rw data
       ------                         ----   -------   -------
    .\
       tm4c123gh6pm_startup_ccs.obj   12     620       0      
       main.obj                       172    0         0      
    +--+------------------------------+------+---------+---------+
       Total:                         184    620       0      
                                                              
    D:/Denemeccs/TivaWare_C_Series-2.2.0.295/driverlib/ccs/Debug/driverlib.lib
       sysctl.obj                     658    108       0      
       gpio.obj                       506    144       0      
       pwm.obj                        110    0         0      
    +--+------------------------------+------+---------+---------+
       Total:                         1274   252       0      
                                                              
    D:\CCS_New\ccs\tools\compiler\ti-cgt-arm_20.2.1.LTS\lib\rtsv7M4_T_le_v4SPD16_eabi.lib
       boot_cortex_m.c.obj            44     0         0      
       exit.c.obj                     4      0         0      
       pre_init.c.obj                 4      0         0      
    +--+------------------------------+------+---------+---------+
       Total:                         52     0         0      
                                                              
       Stack:                         0      0         512    
    +--+------------------------------+------+---------+---------+
       Grand Total:                   1510   872       512    


GLOBAL SYMBOLS: SORTED ALPHABETICALLY BY Name 

address   name                   
-------   ----                   
00000851  C$$EXIT                
00000749  GPIODirModeSet         
0000026d  GPIOPadConfigSet       
00000691  GPIOPinConfigure       
000007e1  GPIOPinTypePWM         
000007a1  PWMGenConfigure        
0000082f  PWMGenEnable           
0000081f  PWMGenPeriodSet        
000005ed  PWMInit                
0000080d  PWMOutputState         
000007c3  PWMPulseWidthSet       
0000083b  ResetISR               
000003d9  SysCtlClockGet         
000004f1  SysCtlClockSet         
00000847  SysCtlDelay            
000007f9  SysCtlPWMClockSet      
00000715  SysCtlPeripheralEnable 
000006dd  SysCtlPeripheralReady  
20000200  __STACK_END            
00000200  __STACK_SIZE           
20000200  __STACK_TOP            
ffffffff  __TI_pprof_out_hndl    
ffffffff  __TI_prof_data_size    
ffffffff  __TI_prof_data_start   
00000000  __TI_static_base__     
ffffffff  __binit__              
ffffffff  __c_args__             
UNDEFED   __mpu_init             
20000000  __stack                
20000000  __start___llvm_prf_cnts
20000000  __stop___llvm_prf_cnts 
00000775  _c_int00_noinit_noargs 
0000084d  _system_pre_init       
00000851  abort                  
ffffffff  binit                  
00000000  g_pfnVectors           
000005e5  main                   


GLOBAL SYMBOLS: SORTED BY Symbol Address 

address   name                   
-------   ----                   
00000000  __TI_static_base__     
00000000  g_pfnVectors           
00000200  __STACK_SIZE           
0000026d  GPIOPadConfigSet       
000003d9  SysCtlClockGet         
000004f1  SysCtlClockSet         
000005e5  main                   
000005ed  PWMInit                
00000691  GPIOPinConfigure       
000006dd  SysCtlPeripheralReady  
00000715  SysCtlPeripheralEnable 
00000749  GPIODirModeSet         
00000775  _c_int00_noinit_noargs 
000007a1  PWMGenConfigure        
000007c3  PWMPulseWidthSet       
000007e1  GPIOPinTypePWM         
000007f9  SysCtlPWMClockSet      
0000080d  PWMOutputState         
0000081f  PWMGenPeriodSet        
0000082f  PWMGenEnable           
0000083b  ResetISR               
00000847  SysCtlDelay            
0000084d  _system_pre_init       
00000851  C$$EXIT                
00000851  abort                  
20000000  __stack                
20000000  __start___llvm_prf_cnts
20000000  __stop___llvm_prf_cnts 
20000200  __STACK_END            
20000200  __STACK_TOP            
ffffffff  __TI_pprof_out_hndl    
ffffffff  __TI_prof_data_size    
ffffffff  __TI_prof_data_start   
ffffffff  __binit__              
ffffffff  __c_args__             
ffffffff  binit                  
UNDEFED   __mpu_init             

[37 symbols]
